Copyright 1986-2022 Xilinx, Inc. All Rights Reserved. Copyright 2022-2023 Advanced Micro Devices, Inc. All Rights Reserved.
--------------------------------------------------------------------------------------------------------------------------------------------------------------------------------------------------------------------------------------------------
| Tool Version : Vivado v.2023.2 (lin64) Build 4029153 Fri Oct 13 20:13:54 MDT 2023
| Date         : Sun Aug  9 04:22:52 2026
| Host         : ubuntu running 64-bit Ubuntu 24.04.4 LTS
| Command      : report_ram_utilization -file /home/s23520579/Vivado_project/vit_m8_board_candidate_67c18532_workspace_20260809/vivado_server_307_perf_v1_m8_nongemm_nodsp_2023_2/VIT_googlebase_rtl/reports/board_post_route_ram_utilization.rpt
| Design       : vit_system_wrapper
| Device       : xczu5ev-sfvc784-1-e
| Speed File   : -1
--------------------------------------------------------------------------------------------------------------------------------------------------------------------------------------------------------------------------------------------------

RAM Usage Information

Table of Contents
-----------------
1. Summary
2. Memory Description
3. Memory Utilization - Inferred
4. Memory Performance - Inferred
5. Block Ram / URAM Memory Power - Inferred

1. Summary
----------

+--------------------------+------------+-----------+-------+-----------+
| Memory Type              | Total Used | Available | Util% | Inferred% |
+--------------------------+------------+-----------+-------+-----------+
| URAM                     |          0 |        64 |  0.00 |      0.00 |
| BlockRAM                 |         41 |       144 | 28.47 |    100.00 |
|  RAMB36E2                |         41 |           |       |    100.00 |
| LUTMs as Distributed RAM |       1100 |     57600 |  1.91 |    100.00 |
|  LUTMs as RAM64M8        |        416 |           |       |    100.00 |
|  LUTMs as RAM32M16       |        680 |           |       |    100.00 |
|  LUTMs as RAM32M         |          4 |           |       |    100.00 |
+--------------------------+------------+-----------+-------+-----------+
*  Each RAMB18 is calculated as 0.5 BlockRAM
**  Tables 2, 3, 4 and 5 cover RAMs inferred by Vivado Synthesis using XPMs or RTL inference
***  XRAMs are not reported for detailed tables


2. Memory Description
---------------------

+--------------------------------------------------------------------------------------------------------------------------------------------------+------------+-------------+------------------------+------------------------+
| Memory Name                                                                                                                                      | Array Size | Memory Type | Port 1 Dimension / Map | Port 2 Dimension / Map |
+--------------------------------------------------------------------------------------------------------------------------------------------------+------------+-------------+------------------------+------------------------+
| vit_system_i/vit_phase_e_axi_0/inst/u_core/u_npu/u_engine/u_memory_frontend/u_gemm_activation_panel_cache/gen_row_bank[0].row_memory             |      98304 | RAM_SDP     | 3072x32                | 3072x32                |
|  vit_system_i/vit_phase_e_axi_0/inst/u_core/u_npu/u_engine/u_memory_frontend/u_gemm_activation_panel_cache/gen_row_bank[0].row_memory_reg_bram_0 |      36864 |             |  A:A:2048x18           |  B:B:2048x18           |
|  vit_system_i/vit_phase_e_axi_0/inst/u_core/u_npu/u_engine/u_memory_frontend/u_gemm_activation_panel_cache/gen_row_bank[0].row_memory_reg_bram_1 |      18432 |             |  A:A:2048x18           |  B:B:2048x18           |
|  vit_system_i/vit_phase_e_axi_0/inst/u_core/u_npu/u_engine/u_memory_frontend/u_gemm_activation_panel_cache/gen_row_bank[0].row_memory_reg_bram_2 |      27648 |             |  A:A:4096x9            |  B:B:4096x9            |
|  vit_system_i/vit_phase_e_axi_0/inst/u_core/u_npu/u_engine/u_memory_frontend/u_gemm_activation_panel_cache/gen_row_bank[0].row_memory_reg_bram_3 |      15360 |             |  A:A:4096x5            |  B:B:4096x5            |
| vit_system_i/vit_phase_e_axi_0/inst/u_core/u_npu/u_engine/u_memory_frontend/u_gemm_activation_panel_cache/gen_row_bank[1].row_memory             |      98304 | RAM_SDP     | 3072x32                | 3072x32                |
|  vit_system_i/vit_phase_e_axi_0/inst/u_core/u_npu/u_engine/u_memory_frontend/u_gemm_activation_panel_cache/gen_row_bank[1].row_memory_reg_bram_0 |      36864 |             |  A:A:2048x18           |  B:B:2048x18           |
|  vit_system_i/vit_phase_e_axi_0/inst/u_core/u_npu/u_engine/u_memory_frontend/u_gemm_activation_panel_cache/gen_row_bank[1].row_memory_reg_bram_1 |      18432 |             |  A:A:2048x18           |  B:B:2048x18           |
|  vit_system_i/vit_phase_e_axi_0/inst/u_core/u_npu/u_engine/u_memory_frontend/u_gemm_activation_panel_cache/gen_row_bank[1].row_memory_reg_bram_2 |      27648 |             |  A:A:4096x9            |  B:B:4096x9            |
|  vit_system_i/vit_phase_e_axi_0/inst/u_core/u_npu/u_engine/u_memory_frontend/u_gemm_activation_panel_cache/gen_row_bank[1].row_memory_reg_bram_3 |      15360 |             |  A:A:4096x5            |  B:B:4096x5            |
| vit_system_i/vit_phase_e_axi_0/inst/u_core/u_npu/u_engine/u_memory_frontend/u_gemm_activation_panel_cache/gen_row_bank[2].row_memory             |      98304 | RAM_SDP     | 3072x32                | 3072x32                |
|  vit_system_i/vit_phase_e_axi_0/inst/u_core/u_npu/u_engine/u_memory_frontend/u_gemm_activation_panel_cache/gen_row_bank[2].row_memory_reg_bram_0 |      36864 |             |  A:A:2048x18           |  B:B:2048x18           |
|  vit_system_i/vit_phase_e_axi_0/inst/u_core/u_npu/u_engine/u_memory_frontend/u_gemm_activation_panel_cache/gen_row_bank[2].row_memory_reg_bram_1 |      18432 |             |  A:A:2048x18           |  B:B:2048x18           |
|  vit_system_i/vit_phase_e_axi_0/inst/u_core/u_npu/u_engine/u_memory_frontend/u_gemm_activation_panel_cache/gen_row_bank[2].row_memory_reg_bram_2 |      27648 |             |  A:A:4096x9            |  B:B:4096x9            |
|  vit_system_i/vit_phase_e_axi_0/inst/u_core/u_npu/u_engine/u_memory_frontend/u_gemm_activation_panel_cache/gen_row_bank[2].row_memory_reg_bram_3 |      15360 |             |  A:A:4096x5            |  B:B:4096x5            |
| vit_system_i/vit_phase_e_axi_0/inst/u_core/u_npu/u_engine/u_memory_frontend/u_gemm_activation_panel_cache/gen_row_bank[3].row_memory             |      98304 | RAM_SDP     | 3072x32                | 3072x32                |
|  vit_system_i/vit_phase_e_axi_0/inst/u_core/u_npu/u_engine/u_memory_frontend/u_gemm_activation_panel_cache/gen_row_bank[3].row_memory_reg_bram_0 |      36864 |             |  A:A:2048x18           |  B:B:2048x18           |
|  vit_system_i/vit_phase_e_axi_0/inst/u_core/u_npu/u_engine/u_memory_frontend/u_gemm_activation_panel_cache/gen_row_bank[3].row_memory_reg_bram_1 |      18432 |             |  A:A:2048x18           |  B:B:2048x18           |
|  vit_system_i/vit_phase_e_axi_0/inst/u_core/u_npu/u_engine/u_memory_frontend/u_gemm_activation_panel_cache/gen_row_bank[3].row_memory_reg_bram_2 |      27648 |             |  A:A:4096x9            |  B:B:4096x9            |
|  vit_system_i/vit_phase_e_axi_0/inst/u_core/u_npu/u_engine/u_memory_frontend/u_gemm_activation_panel_cache/gen_row_bank[3].row_memory_reg_bram_3 |      15360 |             |  A:A:4096x5            |  B:B:4096x5            |
| vit_system_i/vit_phase_e_axi_0/inst/u_core/u_npu/u_engine/u_memory_frontend/u_gemm_activation_panel_cache/gen_row_bank[4].row_memory             |      98304 | RAM_SDP     | 3072x32                | 3072x32                |
|  vit_system_i/vit_phase_e_axi_0/inst/u_core/u_npu/u_engine/u_memory_frontend/u_gemm_activation_panel_cache/gen_row_bank[4].row_memory_reg_bram_0 |      36864 |             |  A:A:2048x18           |  B:B:2048x18           |
|  vit_system_i/vit_phase_e_axi_0/inst/u_core/u_npu/u_engine/u_memory_frontend/u_gemm_activation_panel_cache/gen_row_bank[4].row_memory_reg_bram_1 |      18432 |             |  A:A:2048x18           |  B:B:2048x18           |
|  vit_system_i/vit_phase_e_axi_0/inst/u_core/u_npu/u_engine/u_memory_frontend/u_gemm_activation_panel_cache/gen_row_bank[4].row_memory_reg_bram_2 |      27648 |             |  A:A:4096x9            |  B:B:4096x9            |
|  vit_system_i/vit_phase_e_axi_0/inst/u_core/u_npu/u_engine/u_memory_frontend/u_gemm_activation_panel_cache/gen_row_bank[4].row_memory_reg_bram_3 |      15360 |             |  A:A:4096x5            |  B:B:4096x5            |
| vit_system_i/vit_phase_e_axi_0/inst/u_core/u_npu/u_engine/u_memory_frontend/u_gemm_activation_panel_cache/gen_row_bank[5].row_memory             |      98304 | RAM_SDP     | 3072x32                | 3072x32                |
|  vit_system_i/vit_phase_e_axi_0/inst/u_core/u_npu/u_engine/u_memory_frontend/u_gemm_activation_panel_cache/gen_row_bank[5].row_memory_reg_bram_0 |      36864 |             |  A:A:2048x18           |  B:B:2048x18           |
|  vit_system_i/vit_phase_e_axi_0/inst/u_core/u_npu/u_engine/u_memory_frontend/u_gemm_activation_panel_cache/gen_row_bank[5].row_memory_reg_bram_1 |      18432 |             |  A:A:2048x18           |  B:B:2048x18           |
|  vit_system_i/vit_phase_e_axi_0/inst/u_core/u_npu/u_engine/u_memory_frontend/u_gemm_activation_panel_cache/gen_row_bank[5].row_memory_reg_bram_2 |      27648 |             |  A:A:4096x9            |  B:B:4096x9            |
|  vit_system_i/vit_phase_e_axi_0/inst/u_core/u_npu/u_engine/u_memory_frontend/u_gemm_activation_panel_cache/gen_row_bank[5].row_memory_reg_bram_3 |      15360 |             |  A:A:4096x5            |  B:B:4096x5            |
| vit_system_i/vit_phase_e_axi_0/inst/u_core/u_npu/u_engine/u_memory_frontend/u_gemm_activation_panel_cache/gen_row_bank[6].row_memory             |      98304 | RAM_SDP     | 3072x32                | 3072x32                |
|  vit_system_i/vit_phase_e_axi_0/inst/u_core/u_npu/u_engine/u_memory_frontend/u_gemm_activation_panel_cache/gen_row_bank[6].row_memory_reg_bram_0 |      36864 |             |  A:A:2048x18           |  B:B:2048x18           |
|  vit_system_i/vit_phase_e_axi_0/inst/u_core/u_npu/u_engine/u_memory_frontend/u_gemm_activation_panel_cache/gen_row_bank[6].row_memory_reg_bram_1 |      18432 |             |  A:A:2048x18           |  B:B:2048x18           |
|  vit_system_i/vit_phase_e_axi_0/inst/u_core/u_npu/u_engine/u_memory_frontend/u_gemm_activation_panel_cache/gen_row_bank[6].row_memory_reg_bram_2 |      27648 |             |  A:A:4096x9            |  B:B:4096x9            |
|  vit_system_i/vit_phase_e_axi_0/inst/u_core/u_npu/u_engine/u_memory_frontend/u_gemm_activation_panel_cache/gen_row_bank[6].row_memory_reg_bram_3 |      15360 |             |  A:A:4096x5            |  B:B:4096x5            |
| vit_system_i/vit_phase_e_axi_0/inst/u_core/u_npu/u_engine/u_memory_frontend/u_gemm_activation_panel_cache/gen_row_bank[7].row_memory             |      98304 | RAM_SDP     | 3072x32                | 3072x32                |
|  vit_system_i/vit_phase_e_axi_0/inst/u_core/u_npu/u_engine/u_memory_frontend/u_gemm_activation_panel_cache/gen_row_bank[7].row_memory_reg_bram_0 |      36864 |             |  A:A:2048x18           |  B:B:2048x18           |
|  vit_system_i/vit_phase_e_axi_0/inst/u_core/u_npu/u_engine/u_memory_frontend/u_gemm_activation_panel_cache/gen_row_bank[7].row_memory_reg_bram_1 |      18432 |             |  A:A:2048x18           |  B:B:2048x18           |
|  vit_system_i/vit_phase_e_axi_0/inst/u_core/u_npu/u_engine/u_memory_frontend/u_gemm_activation_panel_cache/gen_row_bank[7].row_memory_reg_bram_2 |      27648 |             |  A:A:4096x9            |  B:B:4096x9            |
|  vit_system_i/vit_phase_e_axi_0/inst/u_core/u_npu/u_engine/u_memory_frontend/u_gemm_activation_panel_cache/gen_row_bank[7].row_memory_reg_bram_3 |      15360 |             |  A:A:4096x5            |  B:B:4096x5            |
| vit_system_i/vit_phase_e_axi_0/inst/u_core/u_npu/u_engine/u_memory_frontend/u_gemm_bias_cache/bias_memory                                        |      98304 | RAM_SDP     | 3072x32                | 3072x32                |
|  vit_system_i/vit_phase_e_axi_0/inst/u_core/u_npu/u_engine/u_memory_frontend/u_gemm_bias_cache/bias_memory_reg_bram_0                            |      36864 |             |  A:A:2048x18           |  B:B:2048x18           |
|  vit_system_i/vit_phase_e_axi_0/inst/u_core/u_npu/u_engine/u_memory_frontend/u_gemm_bias_cache/bias_memory_reg_bram_1                            |      18432 |             |  A:A:2048x18           |  B:B:2048x18           |
|  vit_system_i/vit_phase_e_axi_0/inst/u_core/u_npu/u_engine/u_memory_frontend/u_gemm_bias_cache/bias_memory_reg_bram_2                            |      27648 |             |  A:A:4096x9            |  B:B:4096x9            |
|  vit_system_i/vit_phase_e_axi_0/inst/u_core/u_npu/u_engine/u_memory_frontend/u_gemm_bias_cache/bias_memory_reg_bram_3                            |      15360 |             |  A:A:4096x5            |  B:B:4096x5            |
| vit_system_i/vit_phase_e_axi_0/inst/u_core/u_npu/u_engine/u_layernorm/gen_row_affine_buffers.beta_buffer                                         |      32768 | RAM_SP      | 1024x32                | 1024x32                |
|  vit_system_i/vit_phase_e_axi_0/inst/u_core/u_npu/u_engine/u_layernorm/gen_row_affine_buffers.beta_buffer_reg_bram_0                             |      32768 |             |  A:A:1024x32           |  B:B:1024x32           |
| vit_system_i/vit_phase_e_axi_0/inst/u_core/u_npu/u_engine/u_layernorm/gen_row_affine_buffers.gamma_buffer                                        |      32768 | RAM_SP      | 1024x32                | 1024x32                |
|  vit_system_i/vit_phase_e_axi_0/inst/u_core/u_npu/u_engine/u_layernorm/gen_row_affine_buffers.gamma_buffer_reg_bram_0                            |      32768 |             |  A:A:1024x32           |  B:B:1024x32           |
| vit_system_i/vit_phase_e_axi_0/inst/u_core/u_npu/u_engine/u_layernorm/gen_row_affine_buffers.sample_buffer                                       |      32768 | RAM_SP      | 1024x32                | 1024x32                |
|  vit_system_i/vit_phase_e_axi_0/inst/u_core/u_npu/u_engine/u_layernorm/gen_row_affine_buffers.sample_buffer_reg_bram_0                           |      32768 |             |  A:A:1024x32           |  B:B:1024x32           |
| vit_system_i/vit_phase_e_axi_0/inst/u_core/u_npu/u_engine/u_softmax/row_exp_buffer                                                               |      32768 | RAM_SP      | 1024x32                | 1024x32                |
|  vit_system_i/vit_phase_e_axi_0/inst/u_core/u_npu/u_engine/u_softmax/row_exp_buffer_reg_bram_0                                                   |      32768 |             |  A:A:1024x32           |  B:B:1024x32           |
| vit_system_i/vit_phase_e_axi_0/inst/u_core/u_layer_param_table/data_memory                                                                       |       6144 | RAM_TDP     | 192x32                 | 192x32                 |
|  vit_system_i/vit_phase_e_axi_0/inst/u_core/u_layer_param_table/data_memory_reg                                                                  |       6144 |             |  A:A:256x32            |  B:B:256x32            |
+--------------------------------------------------------------------------------------------------------------------------------------------------+------------+-------------+------------------------+------------------------+


3. Memory Utilization - Inferred
--------------------------------

+--------------------------------------------------------------------------------------------------------------------------------------------------+-----------+----------------+-----------+-----------+---------+---------------+---------------+---------+---------------+---------------+---------+---------------+---------------+---------+---------------+---------------+
| Memory Name                                                                                                                                      | Primitive | Available Bits | Used Bits | Bit Util% | A Depth | A Depth Avail | A Depth Util% | A Width | A Width Avail | A Width Util% | B Depth | B Depth Avail | B Depth Util% | B Width | B Width Avail | B Width Util% |
+--------------------------------------------------------------------------------------------------------------------------------------------------+-----------+----------------+-----------+-----------+---------+---------------+---------------+---------+---------------+---------------+---------+---------------+---------------+---------+---------------+---------------+
| vit_system_i/vit_phase_e_axi_0/inst/u_core/u_npu/u_engine/u_memory_frontend/u_gemm_activation_panel_cache/gen_row_bank[0].row_memory             |           |                |           |           |         |               |               |         |               |               |         |               |               |         |               |               |
|  vit_system_i/vit_phase_e_axi_0/inst/u_core/u_npu/u_engine/u_memory_frontend/u_gemm_activation_panel_cache/gen_row_bank[0].row_memory_reg_bram_0 | RAMB36E2  |          36864 |     36864 |    100.00 |    2048 |          2048 |        100.00 |      18 |            18 |        100.00 |    2048 |          2048 |        100.00 |      18 |            18 |        100.00 |
|  vit_system_i/vit_phase_e_axi_0/inst/u_core/u_npu/u_engine/u_memory_frontend/u_gemm_activation_panel_cache/gen_row_bank[0].row_memory_reg_bram_1 | RAMB36E2  |          36864 |     36864 |    100.00 |    2048 |          2048 |        100.00 |      18 |            18 |        100.00 |    2048 |          2048 |        100.00 |      18 |            18 |        100.00 |
|  vit_system_i/vit_phase_e_axi_0/inst/u_core/u_npu/u_engine/u_memory_frontend/u_gemm_activation_panel_cache/gen_row_bank[0].row_memory_reg_bram_2 | RAMB36E2  |          36864 |     36864 |    100.00 |    4096 |          4096 |        100.00 |       9 |             9 |        100.00 |    4096 |          4096 |        100.00 |       9 |             9 |        100.00 |
|  vit_system_i/vit_phase_e_axi_0/inst/u_core/u_npu/u_engine/u_memory_frontend/u_gemm_activation_panel_cache/gen_row_bank[0].row_memory_reg_bram_3 | RAMB36E2  |          36864 |     20480 |     55.56 |    4096 |          4096 |        100.00 |       5 |             9 |         55.56 |    4096 |          4096 |        100.00 |       5 |             9 |         55.56 |
| vit_system_i/vit_phase_e_axi_0/inst/u_core/u_npu/u_engine/u_memory_frontend/u_gemm_activation_panel_cache/gen_row_bank[1].row_memory             |           |                |           |           |         |               |               |         |               |               |         |               |               |         |               |               |
|  vit_system_i/vit_phase_e_axi_0/inst/u_core/u_npu/u_engine/u_memory_frontend/u_gemm_activation_panel_cache/gen_row_bank[1].row_memory_reg_bram_0 | RAMB36E2  |          36864 |     36864 |    100.00 |    2048 |          2048 |        100.00 |      18 |            18 |        100.00 |    2048 |          2048 |        100.00 |      18 |            18 |        100.00 |
|  vit_system_i/vit_phase_e_axi_0/inst/u_core/u_npu/u_engine/u_memory_frontend/u_gemm_activation_panel_cache/gen_row_bank[1].row_memory_reg_bram_1 | RAMB36E2  |          36864 |     36864 |    100.00 |    2048 |          2048 |        100.00 |      18 |            18 |        100.00 |    2048 |          2048 |        100.00 |      18 |            18 |        100.00 |
|  vit_system_i/vit_phase_e_axi_0/inst/u_core/u_npu/u_engine/u_memory_frontend/u_gemm_activation_panel_cache/gen_row_bank[1].row_memory_reg_bram_2 | RAMB36E2  |          36864 |     36864 |    100.00 |    4096 |          4096 |        100.00 |       9 |             9 |        100.00 |    4096 |          4096 |        100.00 |       9 |             9 |        100.00 |
|  vit_system_i/vit_phase_e_axi_0/inst/u_core/u_npu/u_engine/u_memory_frontend/u_gemm_activation_panel_cache/gen_row_bank[1].row_memory_reg_bram_3 | RAMB36E2  |          36864 |     20480 |     55.56 |    4096 |          4096 |        100.00 |       5 |             9 |         55.56 |    4096 |          4096 |        100.00 |       5 |             9 |         55.56 |
| vit_system_i/vit_phase_e_axi_0/inst/u_core/u_npu/u_engine/u_memory_frontend/u_gemm_activation_panel_cache/gen_row_bank[2].row_memory             |           |                |           |           |         |               |               |         |               |               |         |               |               |         |               |               |
|  vit_system_i/vit_phase_e_axi_0/inst/u_core/u_npu/u_engine/u_memory_frontend/u_gemm_activation_panel_cache/gen_row_bank[2].row_memory_reg_bram_0 | RAMB36E2  |          36864 |     36864 |    100.00 |    2048 |          2048 |        100.00 |      18 |            18 |        100.00 |    2048 |          2048 |        100.00 |      18 |            18 |        100.00 |
|  vit_system_i/vit_phase_e_axi_0/inst/u_core/u_npu/u_engine/u_memory_frontend/u_gemm_activation_panel_cache/gen_row_bank[2].row_memory_reg_bram_1 | RAMB36E2  |          36864 |     36864 |    100.00 |    2048 |          2048 |        100.00 |      18 |            18 |        100.00 |    2048 |          2048 |        100.00 |      18 |            18 |        100.00 |
|  vit_system_i/vit_phase_e_axi_0/inst/u_core/u_npu/u_engine/u_memory_frontend/u_gemm_activation_panel_cache/gen_row_bank[2].row_memory_reg_bram_2 | RAMB36E2  |          36864 |     36864 |    100.00 |    4096 |          4096 |        100.00 |       9 |             9 |        100.00 |    4096 |          4096 |        100.00 |       9 |             9 |        100.00 |
|  vit_system_i/vit_phase_e_axi_0/inst/u_core/u_npu/u_engine/u_memory_frontend/u_gemm_activation_panel_cache/gen_row_bank[2].row_memory_reg_bram_3 | RAMB36E2  |          36864 |     20480 |     55.56 |    4096 |          4096 |        100.00 |       5 |             9 |         55.56 |    4096 |          4096 |        100.00 |       5 |             9 |         55.56 |
| vit_system_i/vit_phase_e_axi_0/inst/u_core/u_npu/u_engine/u_memory_frontend/u_gemm_activation_panel_cache/gen_row_bank[3].row_memory             |           |                |           |           |         |               |               |         |               |               |         |               |               |         |               |               |
|  vit_system_i/vit_phase_e_axi_0/inst/u_core/u_npu/u_engine/u_memory_frontend/u_gemm_activation_panel_cache/gen_row_bank[3].row_memory_reg_bram_0 | RAMB36E2  |          36864 |     36864 |    100.00 |    2048 |          2048 |        100.00 |      18 |            18 |        100.00 |    2048 |          2048 |        100.00 |      18 |            18 |        100.00 |
|  vit_system_i/vit_phase_e_axi_0/inst/u_core/u_npu/u_engine/u_memory_frontend/u_gemm_activation_panel_cache/gen_row_bank[3].row_memory_reg_bram_1 | RAMB36E2  |          36864 |     36864 |    100.00 |    2048 |          2048 |        100.00 |      18 |            18 |        100.00 |    2048 |          2048 |        100.00 |      18 |            18 |        100.00 |
|  vit_system_i/vit_phase_e_axi_0/inst/u_core/u_npu/u_engine/u_memory_frontend/u_gemm_activation_panel_cache/gen_row_bank[3].row_memory_reg_bram_2 | RAMB36E2  |          36864 |     36864 |    100.00 |    4096 |          4096 |        100.00 |       9 |             9 |        100.00 |    4096 |          4096 |        100.00 |       9 |             9 |        100.00 |
|  vit_system_i/vit_phase_e_axi_0/inst/u_core/u_npu/u_engine/u_memory_frontend/u_gemm_activation_panel_cache/gen_row_bank[3].row_memory_reg_bram_3 | RAMB36E2  |          36864 |     20480 |     55.56 |    4096 |          4096 |        100.00 |       5 |             9 |         55.56 |    4096 |          4096 |        100.00 |       5 |             9 |         55.56 |
| vit_system_i/vit_phase_e_axi_0/inst/u_core/u_npu/u_engine/u_memory_frontend/u_gemm_activation_panel_cache/gen_row_bank[4].row_memory             |           |                |           |           |         |               |               |         |               |               |         |               |               |         |               |               |
|  vit_system_i/vit_phase_e_axi_0/inst/u_core/u_npu/u_engine/u_memory_frontend/u_gemm_activation_panel_cache/gen_row_bank[4].row_memory_reg_bram_0 | RAMB36E2  |          36864 |     36864 |    100.00 |    2048 |          2048 |        100.00 |      18 |            18 |        100.00 |    2048 |          2048 |        100.00 |      18 |            18 |        100.00 |
|  vit_system_i/vit_phase_e_axi_0/inst/u_core/u_npu/u_engine/u_memory_frontend/u_gemm_activation_panel_cache/gen_row_bank[4].row_memory_reg_bram_1 | RAMB36E2  |          36864 |     36864 |    100.00 |    2048 |          2048 |        100.00 |      18 |            18 |        100.00 |    2048 |          2048 |        100.00 |      18 |            18 |        100.00 |
|  vit_system_i/vit_phase_e_axi_0/inst/u_core/u_npu/u_engine/u_memory_frontend/u_gemm_activation_panel_cache/gen_row_bank[4].row_memory_reg_bram_2 | RAMB36E2  |          36864 |     36864 |    100.00 |    4096 |          4096 |        100.00 |       9 |             9 |        100.00 |    4096 |          4096 |        100.00 |       9 |             9 |        100.00 |
|  vit_system_i/vit_phase_e_axi_0/inst/u_core/u_npu/u_engine/u_memory_frontend/u_gemm_activation_panel_cache/gen_row_bank[4].row_memory_reg_bram_3 | RAMB36E2  |          36864 |     20480 |     55.56 |    4096 |          4096 |        100.00 |       5 |             9 |         55.56 |    4096 |          4096 |        100.00 |       5 |             9 |         55.56 |
| vit_system_i/vit_phase_e_axi_0/inst/u_core/u_npu/u_engine/u_memory_frontend/u_gemm_activation_panel_cache/gen_row_bank[5].row_memory             |           |                |           |           |         |               |               |         |               |               |         |               |               |         |               |               |
|  vit_system_i/vit_phase_e_axi_0/inst/u_core/u_npu/u_engine/u_memory_frontend/u_gemm_activation_panel_cache/gen_row_bank[5].row_memory_reg_bram_0 | RAMB36E2  |          36864 |     36864 |    100.00 |    2048 |          2048 |        100.00 |      18 |            18 |        100.00 |    2048 |          2048 |        100.00 |      18 |            18 |        100.00 |
|  vit_system_i/vit_phase_e_axi_0/inst/u_core/u_npu/u_engine/u_memory_frontend/u_gemm_activation_panel_cache/gen_row_bank[5].row_memory_reg_bram_1 | RAMB36E2  |          36864 |     36864 |    100.00 |    2048 |          2048 |        100.00 |      18 |            18 |        100.00 |    2048 |          2048 |        100.00 |      18 |            18 |        100.00 |
|  vit_system_i/vit_phase_e_axi_0/inst/u_core/u_npu/u_engine/u_memory_frontend/u_gemm_activation_panel_cache/gen_row_bank[5].row_memory_reg_bram_2 | RAMB36E2  |          36864 |     36864 |    100.00 |    4096 |          4096 |        100.00 |       9 |             9 |        100.00 |    4096 |          4096 |        100.00 |       9 |             9 |        100.00 |
|  vit_system_i/vit_phase_e_axi_0/inst/u_core/u_npu/u_engine/u_memory_frontend/u_gemm_activation_panel_cache/gen_row_bank[5].row_memory_reg_bram_3 | RAMB36E2  |          36864 |     20480 |     55.56 |    4096 |          4096 |        100.00 |       5 |             9 |         55.56 |    4096 |          4096 |        100.00 |       5 |             9 |         55.56 |
| vit_system_i/vit_phase_e_axi_0/inst/u_core/u_npu/u_engine/u_memory_frontend/u_gemm_activation_panel_cache/gen_row_bank[6].row_memory             |           |                |           |           |         |               |               |         |               |               |         |               |               |         |               |               |
|  vit_system_i/vit_phase_e_axi_0/inst/u_core/u_npu/u_engine/u_memory_frontend/u_gemm_activation_panel_cache/gen_row_bank[6].row_memory_reg_bram_0 | RAMB36E2  |          36864 |     36864 |    100.00 |    2048 |          2048 |        100.00 |      18 |            18 |        100.00 |    2048 |          2048 |        100.00 |      18 |            18 |        100.00 |
|  vit_system_i/vit_phase_e_axi_0/inst/u_core/u_npu/u_engine/u_memory_frontend/u_gemm_activation_panel_cache/gen_row_bank[6].row_memory_reg_bram_1 | RAMB36E2  |          36864 |     36864 |    100.00 |    2048 |          2048 |        100.00 |      18 |            18 |        100.00 |    2048 |          2048 |        100.00 |      18 |            18 |        100.00 |
|  vit_system_i/vit_phase_e_axi_0/inst/u_core/u_npu/u_engine/u_memory_frontend/u_gemm_activation_panel_cache/gen_row_bank[6].row_memory_reg_bram_2 | RAMB36E2  |          36864 |     36864 |    100.00 |    4096 |          4096 |        100.00 |       9 |             9 |        100.00 |    4096 |          4096 |        100.00 |       9 |             9 |        100.00 |
|  vit_system_i/vit_phase_e_axi_0/inst/u_core/u_npu/u_engine/u_memory_frontend/u_gemm_activation_panel_cache/gen_row_bank[6].row_memory_reg_bram_3 | RAMB36E2  |          36864 |     20480 |     55.56 |    4096 |          4096 |        100.00 |       5 |             9 |         55.56 |    4096 |          4096 |        100.00 |       5 |             9 |         55.56 |
| vit_system_i/vit_phase_e_axi_0/inst/u_core/u_npu/u_engine/u_memory_frontend/u_gemm_activation_panel_cache/gen_row_bank[7].row_memory             |           |                |           |           |         |               |               |         |               |               |         |               |               |         |               |               |
|  vit_system_i/vit_phase_e_axi_0/inst/u_core/u_npu/u_engine/u_memory_frontend/u_gemm_activation_panel_cache/gen_row_bank[7].row_memory_reg_bram_0 | RAMB36E2  |          36864 |     36864 |    100.00 |    2048 |          2048 |        100.00 |      18 |            18 |        100.00 |    2048 |          2048 |        100.00 |      18 |            18 |        100.00 |
|  vit_system_i/vit_phase_e_axi_0/inst/u_core/u_npu/u_engine/u_memory_frontend/u_gemm_activation_panel_cache/gen_row_bank[7].row_memory_reg_bram_1 | RAMB36E2  |          36864 |     36864 |    100.00 |    2048 |          2048 |        100.00 |      18 |            18 |        100.00 |    2048 |          2048 |        100.00 |      18 |            18 |        100.00 |
|  vit_system_i/vit_phase_e_axi_0/inst/u_core/u_npu/u_engine/u_memory_frontend/u_gemm_activation_panel_cache/gen_row_bank[7].row_memory_reg_bram_2 | RAMB36E2  |          36864 |     36864 |    100.00 |    4096 |          4096 |        100.00 |       9 |             9 |        100.00 |    4096 |          4096 |        100.00 |       9 |             9 |        100.00 |
|  vit_system_i/vit_phase_e_axi_0/inst/u_core/u_npu/u_engine/u_memory_frontend/u_gemm_activation_panel_cache/gen_row_bank[7].row_memory_reg_bram_3 | RAMB36E2  |          36864 |     20480 |     55.56 |    4096 |          4096 |        100.00 |       5 |             9 |         55.56 |    4096 |          4096 |        100.00 |       5 |             9 |         55.56 |
| vit_system_i/vit_phase_e_axi_0/inst/u_core/u_npu/u_engine/u_memory_frontend/u_gemm_bias_cache/bias_memory                                        |           |                |           |           |         |               |               |         |               |               |         |               |               |         |               |               |
|  vit_system_i/vit_phase_e_axi_0/inst/u_core/u_npu/u_engine/u_memory_frontend/u_gemm_bias_cache/bias_memory_reg_bram_0                            | RAMB36E2  |          36864 |     36864 |    100.00 |    2048 |          2048 |        100.00 |      18 |            18 |        100.00 |    2048 |          2048 |        100.00 |      18 |            18 |        100.00 |
|  vit_system_i/vit_phase_e_axi_0/inst/u_core/u_npu/u_engine/u_memory_frontend/u_gemm_bias_cache/bias_memory_reg_bram_1                            | RAMB36E2  |          36864 |     36864 |    100.00 |    2048 |          2048 |        100.00 |      18 |            18 |        100.00 |    2048 |          2048 |        100.00 |      18 |            18 |        100.00 |
|  vit_system_i/vit_phase_e_axi_0/inst/u_core/u_npu/u_engine/u_memory_frontend/u_gemm_bias_cache/bias_memory_reg_bram_2                            | RAMB36E2  |          36864 |     36864 |    100.00 |    4096 |          4096 |        100.00 |       9 |             9 |        100.00 |    4096 |          4096 |        100.00 |       9 |             9 |        100.00 |
|  vit_system_i/vit_phase_e_axi_0/inst/u_core/u_npu/u_engine/u_memory_frontend/u_gemm_bias_cache/bias_memory_reg_bram_3                            | RAMB36E2  |          36864 |     20480 |     55.56 |    4096 |          4096 |        100.00 |       5 |             9 |         55.56 |    4096 |          4096 |        100.00 |       5 |             9 |         55.56 |
| vit_system_i/vit_phase_e_axi_0/inst/u_core/u_npu/u_engine/u_layernorm/gen_row_affine_buffers.beta_buffer                                         |           |                |           |           |         |               |               |         |               |               |         |               |               |         |               |               |
|  vit_system_i/vit_phase_e_axi_0/inst/u_core/u_npu/u_engine/u_layernorm/gen_row_affine_buffers.beta_buffer_reg_bram_0                             | RAMB36E2  |          36864 |     32768 |     88.89 |    1024 |          1024 |        100.00 |      32 |            36 |         88.89 |    1024 |          1024 |        100.00 |      32 |            36 |         88.89 |
| vit_system_i/vit_phase_e_axi_0/inst/u_core/u_npu/u_engine/u_layernorm/gen_row_affine_buffers.gamma_buffer                                        |           |                |           |           |         |               |               |         |               |               |         |               |               |         |               |               |
|  vit_system_i/vit_phase_e_axi_0/inst/u_core/u_npu/u_engine/u_layernorm/gen_row_affine_buffers.gamma_buffer_reg_bram_0                            | RAMB36E2  |          36864 |     32768 |     88.89 |    1024 |          1024 |        100.00 |      32 |            36 |         88.89 |    1024 |          1024 |        100.00 |      32 |            36 |         88.89 |
| vit_system_i/vit_phase_e_axi_0/inst/u_core/u_npu/u_engine/u_layernorm/gen_row_affine_buffers.sample_buffer                                       |           |                |           |           |         |               |               |         |               |               |         |               |               |         |               |               |
|  vit_system_i/vit_phase_e_axi_0/inst/u_core/u_npu/u_engine/u_layernorm/gen_row_affine_buffers.sample_buffer_reg_bram_0                           | RAMB36E2  |          36864 |     32768 |     88.89 |    1024 |          1024 |        100.00 |      32 |            36 |         88.89 |    1024 |          1024 |        100.00 |      32 |            36 |         88.89 |
| vit_system_i/vit_phase_e_axi_0/inst/u_core/u_npu/u_engine/u_softmax/row_exp_buffer                                                               |           |                |           |           |         |               |               |         |               |               |         |               |               |         |               |               |
|  vit_system_i/vit_phase_e_axi_0/inst/u_core/u_npu/u_engine/u_softmax/row_exp_buffer_reg_bram_0                                                   | RAMB36E2  |          36864 |     32768 |     88.89 |    1024 |          1024 |        100.00 |      32 |            36 |         88.89 |    1024 |          1024 |        100.00 |      32 |            36 |         88.89 |
| vit_system_i/vit_phase_e_axi_0/inst/u_core/u_layer_param_table/data_memory                                                                       |           |                |           |           |         |               |               |         |               |               |         |               |               |         |               |               |
|  vit_system_i/vit_phase_e_axi_0/inst/u_core/u_layer_param_table/data_memory_reg                                                                  | RAMB36E2  |          36864 |      8192 |     22.22 |     256 |          1024 |         25.00 |      32 |            36 |         88.89 |     256 |          1024 |         25.00 |      32 |            36 |         88.89 |
+--------------------------------------------------------------------------------------------------------------------------------------------------+-----------+----------------+-----------+-----------+---------+---------------+---------------+---------+---------------+---------------+---------+---------------+---------------+---------+---------------+---------------+


4. Memory Performance - Inferred
--------------------------------

+--------------------------------------------------------------------------------------------------------------------------------------------------+-----------+------------------------+------------------------+--------------+-------------------------+-------------+-------------------------+-----------+--------+--------+---------+-----------+--------+--------+---------+
| Memory Name                                                                                                                                      | Primitive | Port 1 Dimension / Map | Port 2 Dimension / Map | Port A Type  | Port A Requirement (ns) | Port B Type | Port B Requirement (ns) | A Cascade | IREG_A | OREG_A | DOA_REG | B Cascade | IREG_B | OREG_B | DOB_REG |
+--------------------------------------------------------------------------------------------------------------------------------------------------+-----------+------------------------+------------------------+--------------+-------------------------+-------------+-------------------------+-----------+--------+--------+---------+-----------+--------+--------+---------+
| vit_system_i/vit_phase_e_axi_0/inst/u_core/u_npu/u_engine/u_memory_frontend/u_gemm_activation_panel_cache/gen_row_bank[0].row_memory             |           | 3072x32                | 3072x32                |              |                         |             |                         |           |        |        |         |           |        |        |         |
|  vit_system_i/vit_phase_e_axi_0/inst/u_core/u_npu/u_engine/u_memory_frontend/u_gemm_activation_panel_cache/gen_row_bank[0].row_memory_reg_bram_0 | RAMB36E2  |  A:A:2048x18           |  B:B:2048x18           |        Write |                    20.0 |        Read |                    20.0 |      NONE |        |        |       0 |     FIRST |        |        |       0 |
|  vit_system_i/vit_phase_e_axi_0/inst/u_core/u_npu/u_engine/u_memory_frontend/u_gemm_activation_panel_cache/gen_row_bank[0].row_memory_reg_bram_1 | RAMB36E2  |  A:A:2048x18           |  B:B:2048x18           |        Write |                    20.0 |        Read |                    20.0 |      NONE |        |        |       0 |      LAST |        |        |       0 |
|  vit_system_i/vit_phase_e_axi_0/inst/u_core/u_npu/u_engine/u_memory_frontend/u_gemm_activation_panel_cache/gen_row_bank[0].row_memory_reg_bram_2 | RAMB36E2  |  A:A:4096x9            |  B:B:4096x9            |        Write |                    20.0 |        Read |                    20.0 |      NONE |        |        |       0 |      NONE |        |        |       0 |
|  vit_system_i/vit_phase_e_axi_0/inst/u_core/u_npu/u_engine/u_memory_frontend/u_gemm_activation_panel_cache/gen_row_bank[0].row_memory_reg_bram_3 | RAMB36E2  |  A:A:4096x5            |  B:B:4096x5            |        Write |                    20.0 |        Read |                    20.0 |      NONE |        |        |       0 |      NONE |        |        |       0 |
| vit_system_i/vit_phase_e_axi_0/inst/u_core/u_npu/u_engine/u_memory_frontend/u_gemm_activation_panel_cache/gen_row_bank[1].row_memory             |           | 3072x32                | 3072x32                |              |                         |             |                         |           |        |        |         |           |        |        |         |
|  vit_system_i/vit_phase_e_axi_0/inst/u_core/u_npu/u_engine/u_memory_frontend/u_gemm_activation_panel_cache/gen_row_bank[1].row_memory_reg_bram_0 | RAMB36E2  |  A:A:2048x18           |  B:B:2048x18           |        Write |                    20.0 |        Read |                    20.0 |      NONE |        |        |       0 |     FIRST |        |        |       0 |
|  vit_system_i/vit_phase_e_axi_0/inst/u_core/u_npu/u_engine/u_memory_frontend/u_gemm_activation_panel_cache/gen_row_bank[1].row_memory_reg_bram_1 | RAMB36E2  |  A:A:2048x18           |  B:B:2048x18           |        Write |                    20.0 |        Read |                    20.0 |      NONE |        |        |       0 |      LAST |        |        |       0 |
|  vit_system_i/vit_phase_e_axi_0/inst/u_core/u_npu/u_engine/u_memory_frontend/u_gemm_activation_panel_cache/gen_row_bank[1].row_memory_reg_bram_2 | RAMB36E2  |  A:A:4096x9            |  B:B:4096x9            |        Write |                    20.0 |        Read |                    20.0 |      NONE |        |        |       0 |      NONE |        |        |       0 |
|  vit_system_i/vit_phase_e_axi_0/inst/u_core/u_npu/u_engine/u_memory_frontend/u_gemm_activation_panel_cache/gen_row_bank[1].row_memory_reg_bram_3 | RAMB36E2  |  A:A:4096x5            |  B:B:4096x5            |        Write |                    20.0 |        Read |                    20.0 |      NONE |        |        |       0 |      NONE |        |        |       0 |
| vit_system_i/vit_phase_e_axi_0/inst/u_core/u_npu/u_engine/u_memory_frontend/u_gemm_activation_panel_cache/gen_row_bank[2].row_memory             |           | 3072x32                | 3072x32                |              |                         |             |                         |           |        |        |         |           |        |        |         |
|  vit_system_i/vit_phase_e_axi_0/inst/u_core/u_npu/u_engine/u_memory_frontend/u_gemm_activation_panel_cache/gen_row_bank[2].row_memory_reg_bram_0 | RAMB36E2  |  A:A:2048x18           |  B:B:2048x18           |        Write |                    20.0 |        Read |                    20.0 |      NONE |        |        |       0 |     FIRST |        |        |       0 |
|  vit_system_i/vit_phase_e_axi_0/inst/u_core/u_npu/u_engine/u_memory_frontend/u_gemm_activation_panel_cache/gen_row_bank[2].row_memory_reg_bram_1 | RAMB36E2  |  A:A:2048x18           |  B:B:2048x18           |        Write |                    20.0 |        Read |                    20.0 |      NONE |        |        |       0 |      LAST |        |        |       0 |
|  vit_system_i/vit_phase_e_axi_0/inst/u_core/u_npu/u_engine/u_memory_frontend/u_gemm_activation_panel_cache/gen_row_bank[2].row_memory_reg_bram_2 | RAMB36E2  |  A:A:4096x9            |  B:B:4096x9            |        Write |                    20.0 |        Read |                    20.0 |      NONE |        |        |       0 |      NONE |        |        |       0 |
|  vit_system_i/vit_phase_e_axi_0/inst/u_core/u_npu/u_engine/u_memory_frontend/u_gemm_activation_panel_cache/gen_row_bank[2].row_memory_reg_bram_3 | RAMB36E2  |  A:A:4096x5            |  B:B:4096x5            |        Write |                    20.0 |        Read |                    20.0 |      NONE |        |        |       0 |      NONE |        |        |       0 |
| vit_system_i/vit_phase_e_axi_0/inst/u_core/u_npu/u_engine/u_memory_frontend/u_gemm_activation_panel_cache/gen_row_bank[3].row_memory             |           | 3072x32                | 3072x32                |              |                         |             |                         |           |        |        |         |           |        |        |         |
|  vit_system_i/vit_phase_e_axi_0/inst/u_core/u_npu/u_engine/u_memory_frontend/u_gemm_activation_panel_cache/gen_row_bank[3].row_memory_reg_bram_0 | RAMB36E2  |  A:A:2048x18           |  B:B:2048x18           |        Write |                    20.0 |        Read |                    20.0 |      NONE |        |        |       0 |     FIRST |        |        |       0 |
|  vit_system_i/vit_phase_e_axi_0/inst/u_core/u_npu/u_engine/u_memory_frontend/u_gemm_activation_panel_cache/gen_row_bank[3].row_memory_reg_bram_1 | RAMB36E2  |  A:A:2048x18           |  B:B:2048x18           |        Write |                    20.0 |        Read |                    20.0 |      NONE |        |        |       0 |      LAST |        |        |       0 |
|  vit_system_i/vit_phase_e_axi_0/inst/u_core/u_npu/u_engine/u_memory_frontend/u_gemm_activation_panel_cache/gen_row_bank[3].row_memory_reg_bram_2 | RAMB36E2  |  A:A:4096x9            |  B:B:4096x9            |        Write |                    20.0 |        Read |                    20.0 |      NONE |        |        |       0 |      NONE |        |        |       0 |
|  vit_system_i/vit_phase_e_axi_0/inst/u_core/u_npu/u_engine/u_memory_frontend/u_gemm_activation_panel_cache/gen_row_bank[3].row_memory_reg_bram_3 | RAMB36E2  |  A:A:4096x5            |  B:B:4096x5            |        Write |                    20.0 |        Read |                    20.0 |      NONE |        |        |       0 |      NONE |        |        |       0 |
| vit_system_i/vit_phase_e_axi_0/inst/u_core/u_npu/u_engine/u_memory_frontend/u_gemm_activation_panel_cache/gen_row_bank[4].row_memory             |           | 3072x32                | 3072x32                |              |                         |             |                         |           |        |        |         |           |        |        |         |
|  vit_system_i/vit_phase_e_axi_0/inst/u_core/u_npu/u_engine/u_memory_frontend/u_gemm_activation_panel_cache/gen_row_bank[4].row_memory_reg_bram_0 | RAMB36E2  |  A:A:2048x18           |  B:B:2048x18           |        Write |                    20.0 |        Read |                    20.0 |      NONE |        |        |       0 |     FIRST |        |        |       0 |
|  vit_system_i/vit_phase_e_axi_0/inst/u_core/u_npu/u_engine/u_memory_frontend/u_gemm_activation_panel_cache/gen_row_bank[4].row_memory_reg_bram_1 | RAMB36E2  |  A:A:2048x18           |  B:B:2048x18           |        Write |                    20.0 |        Read |                    20.0 |      NONE |        |        |       0 |      LAST |        |        |       0 |
|  vit_system_i/vit_phase_e_axi_0/inst/u_core/u_npu/u_engine/u_memory_frontend/u_gemm_activation_panel_cache/gen_row_bank[4].row_memory_reg_bram_2 | RAMB36E2  |  A:A:4096x9            |  B:B:4096x9            |        Write |                    20.0 |        Read |                    20.0 |      NONE |        |        |       0 |      NONE |        |        |       0 |
|  vit_system_i/vit_phase_e_axi_0/inst/u_core/u_npu/u_engine/u_memory_frontend/u_gemm_activation_panel_cache/gen_row_bank[4].row_memory_reg_bram_3 | RAMB36E2  |  A:A:4096x5            |  B:B:4096x5            |        Write |                    20.0 |        Read |                    20.0 |      NONE |        |        |       0 |      NONE |        |        |       0 |
| vit_system_i/vit_phase_e_axi_0/inst/u_core/u_npu/u_engine/u_memory_frontend/u_gemm_activation_panel_cache/gen_row_bank[5].row_memory             |           | 3072x32                | 3072x32                |              |                         |             |                         |           |        |        |         |           |        |        |         |
|  vit_system_i/vit_phase_e_axi_0/inst/u_core/u_npu/u_engine/u_memory_frontend/u_gemm_activation_panel_cache/gen_row_bank[5].row_memory_reg_bram_0 | RAMB36E2  |  A:A:2048x18           |  B:B:2048x18           |        Write |                    20.0 |        Read |                    20.0 |      NONE |        |        |       0 |     FIRST |        |        |       0 |
|  vit_system_i/vit_phase_e_axi_0/inst/u_core/u_npu/u_engine/u_memory_frontend/u_gemm_activation_panel_cache/gen_row_bank[5].row_memory_reg_bram_1 | RAMB36E2  |  A:A:2048x18           |  B:B:2048x18           |        Write |                    20.0 |        Read |                    20.0 |      NONE |        |        |       0 |      LAST |        |        |       0 |
|  vit_system_i/vit_phase_e_axi_0/inst/u_core/u_npu/u_engine/u_memory_frontend/u_gemm_activation_panel_cache/gen_row_bank[5].row_memory_reg_bram_2 | RAMB36E2  |  A:A:4096x9            |  B:B:4096x9            |        Write |                    20.0 |        Read |                    20.0 |      NONE |        |        |       0 |      NONE |        |        |       0 |
|  vit_system_i/vit_phase_e_axi_0/inst/u_core/u_npu/u_engine/u_memory_frontend/u_gemm_activation_panel_cache/gen_row_bank[5].row_memory_reg_bram_3 | RAMB36E2  |  A:A:4096x5            |  B:B:4096x5            |        Write |                    20.0 |        Read |                    20.0 |      NONE |        |        |       0 |      NONE |        |        |       0 |
| vit_system_i/vit_phase_e_axi_0/inst/u_core/u_npu/u_engine/u_memory_frontend/u_gemm_activation_panel_cache/gen_row_bank[6].row_memory             |           | 3072x32                | 3072x32                |              |                         |             |                         |           |        |        |         |           |        |        |         |
|  vit_system_i/vit_phase_e_axi_0/inst/u_core/u_npu/u_engine/u_memory_frontend/u_gemm_activation_panel_cache/gen_row_bank[6].row_memory_reg_bram_0 | RAMB36E2  |  A:A:2048x18           |  B:B:2048x18           |        Write |                    20.0 |        Read |                    20.0 |      NONE |        |        |       0 |     FIRST |        |        |       0 |
|  vit_system_i/vit_phase_e_axi_0/inst/u_core/u_npu/u_engine/u_memory_frontend/u_gemm_activation_panel_cache/gen_row_bank[6].row_memory_reg_bram_1 | RAMB36E2  |  A:A:2048x18           |  B:B:2048x18           |        Write |                    20.0 |        Read |                    20.0 |      NONE |        |        |       0 |      LAST |        |        |       0 |
|  vit_system_i/vit_phase_e_axi_0/inst/u_core/u_npu/u_engine/u_memory_frontend/u_gemm_activation_panel_cache/gen_row_bank[6].row_memory_reg_bram_2 | RAMB36E2  |  A:A:4096x9            |  B:B:4096x9            |        Write |                    20.0 |        Read |                    20.0 |      NONE |        |        |       0 |      NONE |        |        |       0 |
|  vit_system_i/vit_phase_e_axi_0/inst/u_core/u_npu/u_engine/u_memory_frontend/u_gemm_activation_panel_cache/gen_row_bank[6].row_memory_reg_bram_3 | RAMB36E2  |  A:A:4096x5            |  B:B:4096x5            |        Write |                    20.0 |        Read |                    20.0 |      NONE |        |        |       0 |      NONE |        |        |       0 |
| vit_system_i/vit_phase_e_axi_0/inst/u_core/u_npu/u_engine/u_memory_frontend/u_gemm_activation_panel_cache/gen_row_bank[7].row_memory             |           | 3072x32                | 3072x32                |              |                         |             |                         |           |        |        |         |           |        |        |         |
|  vit_system_i/vit_phase_e_axi_0/inst/u_core/u_npu/u_engine/u_memory_frontend/u_gemm_activation_panel_cache/gen_row_bank[7].row_memory_reg_bram_0 | RAMB36E2  |  A:A:2048x18           |  B:B:2048x18           |        Write |                    20.0 |        Read |                    20.0 |      NONE |        |        |       0 |     FIRST |        |        |       0 |
|  vit_system_i/vit_phase_e_axi_0/inst/u_core/u_npu/u_engine/u_memory_frontend/u_gemm_activation_panel_cache/gen_row_bank[7].row_memory_reg_bram_1 | RAMB36E2  |  A:A:2048x18           |  B:B:2048x18           |        Write |                    20.0 |        Read |                    20.0 |      NONE |        |        |       0 |      LAST |        |        |       0 |
|  vit_system_i/vit_phase_e_axi_0/inst/u_core/u_npu/u_engine/u_memory_frontend/u_gemm_activation_panel_cache/gen_row_bank[7].row_memory_reg_bram_2 | RAMB36E2  |  A:A:4096x9            |  B:B:4096x9            |        Write |                    20.0 |        Read |                    20.0 |      NONE |        |        |       0 |      NONE |        |        |       0 |
|  vit_system_i/vit_phase_e_axi_0/inst/u_core/u_npu/u_engine/u_memory_frontend/u_gemm_activation_panel_cache/gen_row_bank[7].row_memory_reg_bram_3 | RAMB36E2  |  A:A:4096x5            |  B:B:4096x5            |        Write |                    20.0 |        Read |                    20.0 |      NONE |        |        |       0 |      NONE |        |        |       0 |
| vit_system_i/vit_phase_e_axi_0/inst/u_core/u_npu/u_engine/u_memory_frontend/u_gemm_bias_cache/bias_memory                                        |           | 3072x32                | 3072x32                |              |                         |             |                         |           |        |        |         |           |        |        |         |
|  vit_system_i/vit_phase_e_axi_0/inst/u_core/u_npu/u_engine/u_memory_frontend/u_gemm_bias_cache/bias_memory_reg_bram_0                            | RAMB36E2  |  A:A:2048x18           |  B:B:2048x18           |        Write |                    20.0 |        Read |                    20.0 |      NONE |        |        |       0 |     FIRST |        |        |       0 |
|  vit_system_i/vit_phase_e_axi_0/inst/u_core/u_npu/u_engine/u_memory_frontend/u_gemm_bias_cache/bias_memory_reg_bram_1                            | RAMB36E2  |  A:A:2048x18           |  B:B:2048x18           |        Write |                    20.0 |        Read |                    20.0 |      NONE |        |        |       0 |      LAST |        |        |       0 |
|  vit_system_i/vit_phase_e_axi_0/inst/u_core/u_npu/u_engine/u_memory_frontend/u_gemm_bias_cache/bias_memory_reg_bram_2                            | RAMB36E2  |  A:A:4096x9            |  B:B:4096x9            |        Write |                    20.0 |        Read |                    20.0 |      NONE |        |        |       0 |      NONE |        |        |       0 |
|  vit_system_i/vit_phase_e_axi_0/inst/u_core/u_npu/u_engine/u_memory_frontend/u_gemm_bias_cache/bias_memory_reg_bram_3                            | RAMB36E2  |  A:A:4096x5            |  B:B:4096x5            |        Write |                    20.0 |        Read |                    20.0 |      NONE |        |        |       0 |      NONE |        |        |       0 |
| vit_system_i/vit_phase_e_axi_0/inst/u_core/u_npu/u_engine/u_layernorm/gen_row_affine_buffers.beta_buffer                                         |           | 1024x32                | 1024x32                |              |                         |             |                         |           |        |        |         |           |        |        |         |
|  vit_system_i/vit_phase_e_axi_0/inst/u_core/u_npu/u_engine/u_layernorm/gen_row_affine_buffers.beta_buffer_reg_bram_0                             | RAMB36E2  |  A:A:1024x32           |  B:B:1024x32           |        Write |                    20.0 |        Read |                    20.0 |      NONE |        |        |       0 |      NONE |        |        |       0 |
| vit_system_i/vit_phase_e_axi_0/inst/u_core/u_npu/u_engine/u_layernorm/gen_row_affine_buffers.gamma_buffer                                        |           | 1024x32                | 1024x32                |              |                         |             |                         |           |        |        |         |           |        |        |         |
|  vit_system_i/vit_phase_e_axi_0/inst/u_core/u_npu/u_engine/u_layernorm/gen_row_affine_buffers.gamma_buffer_reg_bram_0                            | RAMB36E2  |  A:A:1024x32           |  B:B:1024x32           |        Write |                    20.0 |        Read |                    20.0 |      NONE |        |        |       0 |      NONE |        |        |       0 |
| vit_system_i/vit_phase_e_axi_0/inst/u_core/u_npu/u_engine/u_layernorm/gen_row_affine_buffers.sample_buffer                                       |           | 1024x32                | 1024x32                |              |                         |             |                         |           |        |        |         |           |        |        |         |
|  vit_system_i/vit_phase_e_axi_0/inst/u_core/u_npu/u_engine/u_layernorm/gen_row_affine_buffers.sample_buffer_reg_bram_0                           | RAMB36E2  |  A:A:1024x32           |  B:B:1024x32           |        Write |                    20.0 |        Read |                    20.0 |      NONE |        |        |       0 |      NONE |        |        |       0 |
| vit_system_i/vit_phase_e_axi_0/inst/u_core/u_npu/u_engine/u_softmax/row_exp_buffer                                                               |           | 1024x32                | 1024x32                |              |                         |             |                         |           |        |        |         |           |        |        |         |
|  vit_system_i/vit_phase_e_axi_0/inst/u_core/u_npu/u_engine/u_softmax/row_exp_buffer_reg_bram_0                                                   | RAMB36E2  |  A:A:1024x32           |  B:B:1024x32           |        Write |                    20.0 |        Read |                    20.0 |      NONE |        |        |       0 |      NONE |        |        |       0 |
| vit_system_i/vit_phase_e_axi_0/inst/u_core/u_layer_param_table/data_memory                                                                       |           | 192x32                 | 192x32                 |              |                         |             |                         |           |        |        |         |           |        |        |         |
|  vit_system_i/vit_phase_e_axi_0/inst/u_core/u_layer_param_table/data_memory_reg                                                                  | RAMB36E2  |  A:A:256x32            |  B:B:256x32            | Read / Write |                    20.0 |        Read |                    20.0 |      NONE |        |        |       0 |      NONE |        |        |       0 |
+--------------------------------------------------------------------------------------------------------------------------------------------------+-----------+------------------------+------------------------+--------------+-------------------------+-------------+-------------------------+-----------+--------+--------+---------+-----------+--------+--------+---------+


5. Block Ram / URAM Memory Power - Inferred
-------------------------------------------

+--------------------------------------------------------------------------------------------------------------------------------------------------+-----------+------------------------+------------------------+--------------------+---------------+-------------------+-----------+--------------------+---------------+-------------------+-----------+
| Memory Name                                                                                                                                      | Primitive | Port 1 Dimension / Map | Port 2 Dimension / Map | Port A Power Gated | Port A Enable | Port A WRITE_MODE | A Cascade | Port B Power Gated | Port B Enable | Port B WRITE_MODE | B Cascade |
+--------------------------------------------------------------------------------------------------------------------------------------------------+-----------+------------------------+------------------------+--------------------+---------------+-------------------+-----------+--------------------+---------------+-------------------+-----------+
| vit_system_i/vit_phase_e_axi_0/inst/u_core/u_npu/u_engine/u_memory_frontend/u_gemm_activation_panel_cache/gen_row_bank[0].row_memory             |           | 3072x32                | 3072x32                |                    |               |                   |           |                    |               |                   |           |
|  vit_system_i/vit_phase_e_axi_0/inst/u_core/u_npu/u_engine/u_memory_frontend/u_gemm_activation_panel_cache/gen_row_bank[0].row_memory_reg_bram_0 | RAMB36E2  |  A:A:2048x18           |  B:B:2048x18           |                    |        SIGNAL |        READ_FIRST |      NONE |                    |        SIGNAL |       WRITE_FIRST |     FIRST |
|  vit_system_i/vit_phase_e_axi_0/inst/u_core/u_npu/u_engine/u_memory_frontend/u_gemm_activation_panel_cache/gen_row_bank[0].row_memory_reg_bram_1 | RAMB36E2  |  A:A:2048x18           |  B:B:2048x18           |        ENARDEN=NEW |        SIGNAL |        READ_FIRST |      NONE |        ENARDEN=NEW |        SIGNAL |       WRITE_FIRST |      LAST |
|  vit_system_i/vit_phase_e_axi_0/inst/u_core/u_npu/u_engine/u_memory_frontend/u_gemm_activation_panel_cache/gen_row_bank[0].row_memory_reg_bram_2 | RAMB36E2  |  A:A:4096x9            |  B:B:4096x9            |        ENARDEN=NEW |        SIGNAL |        READ_FIRST |      NONE |        ENARDEN=NEW |        SIGNAL |       WRITE_FIRST |      NONE |
|  vit_system_i/vit_phase_e_axi_0/inst/u_core/u_npu/u_engine/u_memory_frontend/u_gemm_activation_panel_cache/gen_row_bank[0].row_memory_reg_bram_3 | RAMB36E2  |  A:A:4096x5            |  B:B:4096x5            |        ENARDEN=NEW |        SIGNAL |        READ_FIRST |      NONE |        ENARDEN=NEW |        SIGNAL |       WRITE_FIRST |      NONE |
| vit_system_i/vit_phase_e_axi_0/inst/u_core/u_npu/u_engine/u_memory_frontend/u_gemm_activation_panel_cache/gen_row_bank[1].row_memory             |           | 3072x32                | 3072x32                |                    |               |                   |           |                    |               |                   |           |
|  vit_system_i/vit_phase_e_axi_0/inst/u_core/u_npu/u_engine/u_memory_frontend/u_gemm_activation_panel_cache/gen_row_bank[1].row_memory_reg_bram_0 | RAMB36E2  |  A:A:2048x18           |  B:B:2048x18           |                    |        SIGNAL |        READ_FIRST |      NONE |                    |        SIGNAL |       WRITE_FIRST |     FIRST |
|  vit_system_i/vit_phase_e_axi_0/inst/u_core/u_npu/u_engine/u_memory_frontend/u_gemm_activation_panel_cache/gen_row_bank[1].row_memory_reg_bram_1 | RAMB36E2  |  A:A:2048x18           |  B:B:2048x18           |        ENARDEN=NEW |        SIGNAL |        READ_FIRST |      NONE |        ENARDEN=NEW |        SIGNAL |       WRITE_FIRST |      LAST |
|  vit_system_i/vit_phase_e_axi_0/inst/u_core/u_npu/u_engine/u_memory_frontend/u_gemm_activation_panel_cache/gen_row_bank[1].row_memory_reg_bram_2 | RAMB36E2  |  A:A:4096x9            |  B:B:4096x9            |        ENARDEN=NEW |        SIGNAL |        READ_FIRST |      NONE |        ENARDEN=NEW |        SIGNAL |       WRITE_FIRST |      NONE |
|  vit_system_i/vit_phase_e_axi_0/inst/u_core/u_npu/u_engine/u_memory_frontend/u_gemm_activation_panel_cache/gen_row_bank[1].row_memory_reg_bram_3 | RAMB36E2  |  A:A:4096x5            |  B:B:4096x5            |        ENARDEN=NEW |        SIGNAL |        READ_FIRST |      NONE |        ENARDEN=NEW |        SIGNAL |       WRITE_FIRST |      NONE |
| vit_system_i/vit_phase_e_axi_0/inst/u_core/u_npu/u_engine/u_memory_frontend/u_gemm_activation_panel_cache/gen_row_bank[2].row_memory             |           | 3072x32                | 3072x32                |                    |               |                   |           |                    |               |                   |           |
|  vit_system_i/vit_phase_e_axi_0/inst/u_core/u_npu/u_engine/u_memory_frontend/u_gemm_activation_panel_cache/gen_row_bank[2].row_memory_reg_bram_0 | RAMB36E2  |  A:A:2048x18           |  B:B:2048x18           |                    |        SIGNAL |        READ_FIRST |      NONE |                    |        SIGNAL |       WRITE_FIRST |     FIRST |
|  vit_system_i/vit_phase_e_axi_0/inst/u_core/u_npu/u_engine/u_memory_frontend/u_gemm_activation_panel_cache/gen_row_bank[2].row_memory_reg_bram_1 | RAMB36E2  |  A:A:2048x18           |  B:B:2048x18           |        ENARDEN=NEW |        SIGNAL |        READ_FIRST |      NONE |        ENARDEN=NEW |        SIGNAL |       WRITE_FIRST |      LAST |
|  vit_system_i/vit_phase_e_axi_0/inst/u_core/u_npu/u_engine/u_memory_frontend/u_gemm_activation_panel_cache/gen_row_bank[2].row_memory_reg_bram_2 | RAMB36E2  |  A:A:4096x9            |  B:B:4096x9            |        ENARDEN=NEW |        SIGNAL |        READ_FIRST |      NONE |        ENARDEN=NEW |        SIGNAL |       WRITE_FIRST |      NONE |
|  vit_system_i/vit_phase_e_axi_0/inst/u_core/u_npu/u_engine/u_memory_frontend/u_gemm_activation_panel_cache/gen_row_bank[2].row_memory_reg_bram_3 | RAMB36E2  |  A:A:4096x5            |  B:B:4096x5            |        ENARDEN=NEW |        SIGNAL |        READ_FIRST |      NONE |        ENARDEN=NEW |        SIGNAL |       WRITE_FIRST |      NONE |
| vit_system_i/vit_phase_e_axi_0/inst/u_core/u_npu/u_engine/u_memory_frontend/u_gemm_activation_panel_cache/gen_row_bank[3].row_memory             |           | 3072x32                | 3072x32                |                    |               |                   |           |                    |               |                   |           |
|  vit_system_i/vit_phase_e_axi_0/inst/u_core/u_npu/u_engine/u_memory_frontend/u_gemm_activation_panel_cache/gen_row_bank[3].row_memory_reg_bram_0 | RAMB36E2  |  A:A:2048x18           |  B:B:2048x18           |                    |        SIGNAL |        READ_FIRST |      NONE |                    |        SIGNAL |       WRITE_FIRST |     FIRST |
|  vit_system_i/vit_phase_e_axi_0/inst/u_core/u_npu/u_engine/u_memory_frontend/u_gemm_activation_panel_cache/gen_row_bank[3].row_memory_reg_bram_1 | RAMB36E2  |  A:A:2048x18           |  B:B:2048x18           |        ENARDEN=NEW |        SIGNAL |        READ_FIRST |      NONE |        ENARDEN=NEW |        SIGNAL |       WRITE_FIRST |      LAST |
|  vit_system_i/vit_phase_e_axi_0/inst/u_core/u_npu/u_engine/u_memory_frontend/u_gemm_activation_panel_cache/gen_row_bank[3].row_memory_reg_bram_2 | RAMB36E2  |  A:A:4096x9            |  B:B:4096x9            |        ENARDEN=NEW |        SIGNAL |        READ_FIRST |      NONE |        ENARDEN=NEW |        SIGNAL |       WRITE_FIRST |      NONE |
|  vit_system_i/vit_phase_e_axi_0/inst/u_core/u_npu/u_engine/u_memory_frontend/u_gemm_activation_panel_cache/gen_row_bank[3].row_memory_reg_bram_3 | RAMB36E2  |  A:A:4096x5            |  B:B:4096x5            |        ENARDEN=NEW |        SIGNAL |        READ_FIRST |      NONE |        ENARDEN=NEW |        SIGNAL |       WRITE_FIRST |      NONE |
| vit_system_i/vit_phase_e_axi_0/inst/u_core/u_npu/u_engine/u_memory_frontend/u_gemm_activation_panel_cache/gen_row_bank[4].row_memory             |           | 3072x32                | 3072x32                |                    |               |                   |           |                    |               |                   |           |
|  vit_system_i/vit_phase_e_axi_0/inst/u_core/u_npu/u_engine/u_memory_frontend/u_gemm_activation_panel_cache/gen_row_bank[4].row_memory_reg_bram_0 | RAMB36E2  |  A:A:2048x18           |  B:B:2048x18           |                    |        SIGNAL |        READ_FIRST |      NONE |                    |        SIGNAL |       WRITE_FIRST |     FIRST |
|  vit_system_i/vit_phase_e_axi_0/inst/u_core/u_npu/u_engine/u_memory_frontend/u_gemm_activation_panel_cache/gen_row_bank[4].row_memory_reg_bram_1 | RAMB36E2  |  A:A:2048x18           |  B:B:2048x18           |        ENARDEN=NEW |        SIGNAL |        READ_FIRST |      NONE |        ENARDEN=NEW |        SIGNAL |       WRITE_FIRST |      LAST |
|  vit_system_i/vit_phase_e_axi_0/inst/u_core/u_npu/u_engine/u_memory_frontend/u_gemm_activation_panel_cache/gen_row_bank[4].row_memory_reg_bram_2 | RAMB36E2  |  A:A:4096x9            |  B:B:4096x9            |        ENARDEN=NEW |        SIGNAL |        READ_FIRST |      NONE |        ENARDEN=NEW |        SIGNAL |       WRITE_FIRST |      NONE |
|  vit_system_i/vit_phase_e_axi_0/inst/u_core/u_npu/u_engine/u_memory_frontend/u_gemm_activation_panel_cache/gen_row_bank[4].row_memory_reg_bram_3 | RAMB36E2  |  A:A:4096x5            |  B:B:4096x5            |        ENARDEN=NEW |        SIGNAL |        READ_FIRST |      NONE |        ENARDEN=NEW |        SIGNAL |       WRITE_FIRST |      NONE |
| vit_system_i/vit_phase_e_axi_0/inst/u_core/u_npu/u_engine/u_memory_frontend/u_gemm_activation_panel_cache/gen_row_bank[5].row_memory             |           | 3072x32                | 3072x32                |                    |               |                   |           |                    |               |                   |           |
|  vit_system_i/vit_phase_e_axi_0/inst/u_core/u_npu/u_engine/u_memory_frontend/u_gemm_activation_panel_cache/gen_row_bank[5].row_memory_reg_bram_0 | RAMB36E2  |  A:A:2048x18           |  B:B:2048x18           |                    |        SIGNAL |        READ_FIRST |      NONE |                    |        SIGNAL |       WRITE_FIRST |     FIRST |
|  vit_system_i/vit_phase_e_axi_0/inst/u_core/u_npu/u_engine/u_memory_frontend/u_gemm_activation_panel_cache/gen_row_bank[5].row_memory_reg_bram_1 | RAMB36E2  |  A:A:2048x18           |  B:B:2048x18           |        ENARDEN=NEW |        SIGNAL |        READ_FIRST |      NONE |        ENARDEN=NEW |        SIGNAL |       WRITE_FIRST |      LAST |
|  vit_system_i/vit_phase_e_axi_0/inst/u_core/u_npu/u_engine/u_memory_frontend/u_gemm_activation_panel_cache/gen_row_bank[5].row_memory_reg_bram_2 | RAMB36E2  |  A:A:4096x9            |  B:B:4096x9            |        ENARDEN=NEW |        SIGNAL |        READ_FIRST |      NONE |        ENARDEN=NEW |        SIGNAL |       WRITE_FIRST |      NONE |
|  vit_system_i/vit_phase_e_axi_0/inst/u_core/u_npu/u_engine/u_memory_frontend/u_gemm_activation_panel_cache/gen_row_bank[5].row_memory_reg_bram_3 | RAMB36E2  |  A:A:4096x5            |  B:B:4096x5            |        ENARDEN=NEW |        SIGNAL |        READ_FIRST |      NONE |        ENARDEN=NEW |        SIGNAL |       WRITE_FIRST |      NONE |
| vit_system_i/vit_phase_e_axi_0/inst/u_core/u_npu/u_engine/u_memory_frontend/u_gemm_activation_panel_cache/gen_row_bank[6].row_memory             |           | 3072x32                | 3072x32                |                    |               |                   |           |                    |               |                   |           |
|  vit_system_i/vit_phase_e_axi_0/inst/u_core/u_npu/u_engine/u_memory_frontend/u_gemm_activation_panel_cache/gen_row_bank[6].row_memory_reg_bram_0 | RAMB36E2  |  A:A:2048x18           |  B:B:2048x18           |                    |        SIGNAL |        READ_FIRST |      NONE |                    |        SIGNAL |       WRITE_FIRST |     FIRST |
|  vit_system_i/vit_phase_e_axi_0/inst/u_core/u_npu/u_engine/u_memory_frontend/u_gemm_activation_panel_cache/gen_row_bank[6].row_memory_reg_bram_1 | RAMB36E2  |  A:A:2048x18           |  B:B:2048x18           |        ENARDEN=NEW |        SIGNAL |        READ_FIRST |      NONE |        ENARDEN=NEW |        SIGNAL |       WRITE_FIRST |      LAST |
|  vit_system_i/vit_phase_e_axi_0/inst/u_core/u_npu/u_engine/u_memory_frontend/u_gemm_activation_panel_cache/gen_row_bank[6].row_memory_reg_bram_2 | RAMB36E2  |  A:A:4096x9            |  B:B:4096x9            |        ENARDEN=NEW |        SIGNAL |        READ_FIRST |      NONE |        ENARDEN=NEW |        SIGNAL |       WRITE_FIRST |      NONE |
|  vit_system_i/vit_phase_e_axi_0/inst/u_core/u_npu/u_engine/u_memory_frontend/u_gemm_activation_panel_cache/gen_row_bank[6].row_memory_reg_bram_3 | RAMB36E2  |  A:A:4096x5            |  B:B:4096x5            |        ENARDEN=NEW |        SIGNAL |        READ_FIRST |      NONE |        ENARDEN=NEW |        SIGNAL |       WRITE_FIRST |      NONE |
| vit_system_i/vit_phase_e_axi_0/inst/u_core/u_npu/u_engine/u_memory_frontend/u_gemm_activation_panel_cache/gen_row_bank[7].row_memory             |           | 3072x32                | 3072x32                |                    |               |                   |           |                    |               |                   |           |
|  vit_system_i/vit_phase_e_axi_0/inst/u_core/u_npu/u_engine/u_memory_frontend/u_gemm_activation_panel_cache/gen_row_bank[7].row_memory_reg_bram_0 | RAMB36E2  |  A:A:2048x18           |  B:B:2048x18           |                    |        SIGNAL |        READ_FIRST |      NONE |                    |        SIGNAL |       WRITE_FIRST |     FIRST |
|  vit_system_i/vit_phase_e_axi_0/inst/u_core/u_npu/u_engine/u_memory_frontend/u_gemm_activation_panel_cache/gen_row_bank[7].row_memory_reg_bram_1 | RAMB36E2  |  A:A:2048x18           |  B:B:2048x18           |        ENARDEN=NEW |        SIGNAL |        READ_FIRST |      NONE |        ENARDEN=NEW |        SIGNAL |       WRITE_FIRST |      LAST |
|  vit_system_i/vit_phase_e_axi_0/inst/u_core/u_npu/u_engine/u_memory_frontend/u_gemm_activation_panel_cache/gen_row_bank[7].row_memory_reg_bram_2 | RAMB36E2  |  A:A:4096x9            |  B:B:4096x9            |        ENARDEN=NEW |        SIGNAL |        READ_FIRST |      NONE |        ENARDEN=NEW |        SIGNAL |       WRITE_FIRST |      NONE |
|  vit_system_i/vit_phase_e_axi_0/inst/u_core/u_npu/u_engine/u_memory_frontend/u_gemm_activation_panel_cache/gen_row_bank[7].row_memory_reg_bram_3 | RAMB36E2  |  A:A:4096x5            |  B:B:4096x5            |        ENARDEN=NEW |        SIGNAL |        READ_FIRST |      NONE |        ENARDEN=NEW |        SIGNAL |       WRITE_FIRST |      NONE |
| vit_system_i/vit_phase_e_axi_0/inst/u_core/u_npu/u_engine/u_memory_frontend/u_gemm_bias_cache/bias_memory                                        |           | 3072x32                | 3072x32                |                    |               |                   |           |                    |               |                   |           |
|  vit_system_i/vit_phase_e_axi_0/inst/u_core/u_npu/u_engine/u_memory_frontend/u_gemm_bias_cache/bias_memory_reg_bram_0                            | RAMB36E2  |  A:A:2048x18           |  B:B:2048x18           |        ENARDEN=AUG |        SIGNAL |        READ_FIRST |      NONE |        ENARDEN=AUG |        SIGNAL |       WRITE_FIRST |     FIRST |
|  vit_system_i/vit_phase_e_axi_0/inst/u_core/u_npu/u_engine/u_memory_frontend/u_gemm_bias_cache/bias_memory_reg_bram_1                            | RAMB36E2  |  A:A:2048x18           |  B:B:2048x18           |        ENARDEN=AUG |        SIGNAL |        READ_FIRST |      NONE |        ENARDEN=AUG |        SIGNAL |       WRITE_FIRST |      LAST |
|  vit_system_i/vit_phase_e_axi_0/inst/u_core/u_npu/u_engine/u_memory_frontend/u_gemm_bias_cache/bias_memory_reg_bram_2                            | RAMB36E2  |  A:A:4096x9            |  B:B:4096x9            |        ENARDEN=AUG |        SIGNAL |        READ_FIRST |      NONE |        ENARDEN=AUG |        SIGNAL |       WRITE_FIRST |      NONE |
|  vit_system_i/vit_phase_e_axi_0/inst/u_core/u_npu/u_engine/u_memory_frontend/u_gemm_bias_cache/bias_memory_reg_bram_3                            | RAMB36E2  |  A:A:4096x5            |  B:B:4096x5            |        ENARDEN=AUG |        SIGNAL |        READ_FIRST |      NONE |        ENARDEN=AUG |        SIGNAL |       WRITE_FIRST |      NONE |
| vit_system_i/vit_phase_e_axi_0/inst/u_core/u_npu/u_engine/u_layernorm/gen_row_affine_buffers.beta_buffer                                         |           | 1024x32                | 1024x32                |                    |               |                   |           |                    |               |                   |           |
|  vit_system_i/vit_phase_e_axi_0/inst/u_core/u_npu/u_engine/u_layernorm/gen_row_affine_buffers.beta_buffer_reg_bram_0                             | RAMB36E2  |  A:A:1024x32           |  B:B:1024x32           |                    |        SIGNAL |        READ_FIRST |      NONE |                    |        SIGNAL |       WRITE_FIRST |      NONE |
| vit_system_i/vit_phase_e_axi_0/inst/u_core/u_npu/u_engine/u_layernorm/gen_row_affine_buffers.gamma_buffer                                        |           | 1024x32                | 1024x32                |                    |               |                   |           |                    |               |                   |           |
|  vit_system_i/vit_phase_e_axi_0/inst/u_core/u_npu/u_engine/u_layernorm/gen_row_affine_buffers.gamma_buffer_reg_bram_0                            | RAMB36E2  |  A:A:1024x32           |  B:B:1024x32           |                    |        SIGNAL |        READ_FIRST |      NONE |                    |        SIGNAL |       WRITE_FIRST |      NONE |
| vit_system_i/vit_phase_e_axi_0/inst/u_core/u_npu/u_engine/u_layernorm/gen_row_affine_buffers.sample_buffer                                       |           | 1024x32                | 1024x32                |                    |               |                   |           |                    |               |                   |           |
|  vit_system_i/vit_phase_e_axi_0/inst/u_core/u_npu/u_engine/u_layernorm/gen_row_affine_buffers.sample_buffer_reg_bram_0                           | RAMB36E2  |  A:A:1024x32           |  B:B:1024x32           |        ENARDEN=NEW |        SIGNAL |        READ_FIRST |      NONE |        ENARDEN=NEW |        SIGNAL |       WRITE_FIRST |      NONE |
| vit_system_i/vit_phase_e_axi_0/inst/u_core/u_npu/u_engine/u_softmax/row_exp_buffer                                                               |           | 1024x32                | 1024x32                |                    |               |                   |           |                    |               |                   |           |
|  vit_system_i/vit_phase_e_axi_0/inst/u_core/u_npu/u_engine/u_softmax/row_exp_buffer_reg_bram_0                                                   | RAMB36E2  |  A:A:1024x32           |  B:B:1024x32           |        ENARDEN=NEW |        SIGNAL |        READ_FIRST |      NONE |        ENARDEN=NEW |        SIGNAL |       WRITE_FIRST |      NONE |
| vit_system_i/vit_phase_e_axi_0/inst/u_core/u_layer_param_table/data_memory                                                                       |           | 192x32                 | 192x32                 |                    |               |                   |           |                    |               |                   |           |
|  vit_system_i/vit_phase_e_axi_0/inst/u_core/u_layer_param_table/data_memory_reg                                                                  | RAMB36E2  |  A:A:256x32            |  B:B:256x32            |        ENBWREN=AUG |         POWER |        READ_FIRST |      NONE |        ENBWREN=AUG |        SIGNAL |       WRITE_FIRST |      NONE |
+--------------------------------------------------------------------------------------------------------------------------------------------------+-----------+------------------------+------------------------+--------------------+---------------+-------------------+-----------+--------------------+---------------+-------------------+-----------+


