Copyright 1986-2022 Xilinx, Inc. All Rights Reserved. Copyright 2022-2023 Advanced Micro Devices, Inc. All Rights Reserved.
------------------------------------------------------------------------------------------------------------------------------------------------------------------------------------------------------------------------------------------
| Tool Version : Vivado v.2023.2 (lin64) Build 4029153 Fri Oct 13 20:13:54 MDT 2023
| Date         : Sun Aug  9 04:22:45 2026
| Host         : ubuntu running 64-bit Ubuntu 24.04.4 LTS
| Command      : report_utilization -file /home/s23520579/Vivado_project/vit_m8_board_candidate_67c18532_workspace_20260809/vivado_server_307_perf_v1_m8_nongemm_nodsp_2023_2/VIT_googlebase_rtl/reports/board_post_route_utilization.rpt
| Design       : vit_system_wrapper
| Device       : xczu5ev-sfvc784-1-e
| Speed File   : -1
| Design State : Routed
------------------------------------------------------------------------------------------------------------------------------------------------------------------------------------------------------------------------------------------

Utilization Design Information

Table of Contents
-----------------
1. CLB Logic
1.1 Summary of Registers by Type
2. CLB Logic Distribution
3. BLOCKRAM
4. ARITHMETIC
5. I/O
6. CLOCK
7. ADVANCED
8. CONFIGURATION
9. Primitives
10. Black Boxes
11. Instantiated Netlists

1. CLB Logic
------------

+----------------------------+--------+-------+------------+-----------+-------+
|          Site Type         |  Used  | Fixed | Prohibited | Available | Util% |
+----------------------------+--------+-------+------------+-----------+-------+
| CLB LUTs                   | 101134 |     0 |          0 |    117120 | 86.35 |
|   LUT as Logic             |  99712 |     0 |          0 |    117120 | 85.14 |
|   LUT as Memory            |   1422 |     0 |          0 |     57600 |  2.47 |
|     LUT as Distributed RAM |   1100 |     0 |            |           |       |
|     LUT as Shift Register  |    322 |     0 |            |           |       |
| CLB Registers              |  63997 |     0 |          0 |    234240 | 27.32 |
|   Register as Flip Flop    |  63997 |     0 |          0 |    234240 | 27.32 |
|   Register as Latch        |      0 |     0 |          0 |    234240 |  0.00 |
| CARRY8                     |   5521 |     0 |          0 |     14640 | 37.71 |
| F7 Muxes                   |   2398 |     0 |          0 |     58560 |  4.09 |
| F8 Muxes                   |    516 |     0 |          0 |     29280 |  1.76 |
| F9 Muxes                   |      0 |     0 |          0 |     14640 |  0.00 |
+----------------------------+--------+-------+------------+-----------+-------+
* Warning! LUT value is adjusted to account for LUT combining.


1.1 Summary of Registers by Type
--------------------------------

+-------+--------------+-------------+--------------+
| Total | Clock Enable | Synchronous | Asynchronous |
+-------+--------------+-------------+--------------+
| 0     |            _ |           - |            - |
| 0     |            _ |           - |          Set |
| 0     |            _ |           - |        Reset |
| 0     |            _ |         Set |            - |
| 0     |            _ |       Reset |            - |
| 0     |          Yes |           - |            - |
| 0     |          Yes |           - |          Set |
| 54    |          Yes |           - |        Reset |
| 152   |          Yes |         Set |            - |
| 63791 |          Yes |       Reset |            - |
+-------+--------------+-------------+--------------+


2. CLB Logic Distribution
-------------------------

+--------------------------------------------+-------+-------+------------+-----------+-------+
|                  Site Type                 |  Used | Fixed | Prohibited | Available | Util% |
+--------------------------------------------+-------+-------+------------+-----------+-------+
| CLB                                        | 14547 |     0 |          0 |     14640 | 99.36 |
|   CLBL                                     |  7389 |     0 |            |           |       |
|   CLBM                                     |  7158 |     0 |            |           |       |
| LUT as Logic                               | 99712 |     0 |          0 |    117120 | 85.14 |
|   using O5 output only                     |   262 |       |            |           |       |
|   using O6 output only                     | 67012 |       |            |           |       |
|   using O5 and O6                          | 32438 |       |            |           |       |
| LUT as Memory                              |  1422 |     0 |          0 |     57600 |  2.47 |
|   LUT as Distributed RAM                   |  1100 |     0 |            |           |       |
|     using O5 output only                   |     0 |       |            |           |       |
|     using O6 output only                   |   416 |       |            |           |       |
|     using O5 and O6                        |   684 |       |            |           |       |
|   LUT as Shift Register                    |   322 |     0 |            |           |       |
|     using O5 output only                   |     0 |       |            |           |       |
|     using O6 output only                   |   322 |       |            |           |       |
|     using O5 and O6                        |     0 |       |            |           |       |
| CLB Registers                              | 63997 |     0 |          0 |    234240 | 27.32 |
|   Register driven from within the CLB      | 42051 |       |            |           |       |
|   Register driven from outside the CLB     | 21946 |       |            |           |       |
|     LUT in front of the register is unused |  1436 |       |            |           |       |
|     LUT in front of the register is used   | 20510 |       |            |           |       |
| Unique Control Sets                        |   770 |       |          0 |     29280 |  2.63 |
+--------------------------------------------+-------+-------+------------+-----------+-------+
* * Note: Available Control Sets calculated as Slices * 2, Review the Control Sets Report for more information regarding control sets.


3. BLOCKRAM
-----------

+-------------------+------+-------+------------+-----------+-------+
|     Site Type     | Used | Fixed | Prohibited | Available | Util% |
+-------------------+------+-------+------------+-----------+-------+
| Block RAM Tile    |   41 |     0 |          0 |       144 | 28.47 |
|   RAMB36/FIFO*    |   41 |     0 |          0 |       144 | 28.47 |
|     RAMB36E2 only |   41 |       |            |           |       |
|   RAMB18          |    0 |     0 |          0 |       288 |  0.00 |
| URAM              |    0 |     0 |          0 |        64 |  0.00 |
+-------------------+------+-------+------------+-----------+-------+
* Note: Each Block RAM Tile only has one FIFO logic available and therefore can accommodate only one FIFO36E2 or one FIFO18E2. However, if a FIFO18E2 occupies a Block RAM Tile, that tile can still accommodate a RAMB18E2


4. ARITHMETIC
-------------

+-----------+------+-------+------------+-----------+-------+
| Site Type | Used | Fixed | Prohibited | Available | Util% |
+-----------+------+-------+------------+-----------+-------+
| DSPs      |    0 |     0 |          0 |      1248 |  0.00 |
+-----------+------+-------+------------+-----------+-------+


5. I/O
------

+------------------+------+-------+------------+-----------+-------+
|     Site Type    | Used | Fixed | Prohibited | Available | Util% |
+------------------+------+-------+------------+-----------+-------+
| Bonded IOB       |    0 |     0 |          0 |       252 |  0.00 |
| HPIOB_M          |    0 |     0 |          0 |        72 |  0.00 |
| HPIOB_S          |    0 |     0 |          0 |        72 |  0.00 |
| HDIOB_M          |    0 |     0 |          0 |        48 |  0.00 |
| HDIOB_S          |    0 |     0 |          0 |        48 |  0.00 |
| HPIOB_SNGL       |    0 |     0 |          0 |        12 |  0.00 |
| HPIOBDIFFINBUF   |    0 |     0 |          0 |        96 |  0.00 |
| HPIOBDIFFOUTBUF  |    0 |     0 |          0 |        96 |  0.00 |
| HDIOBDIFFINBUF   |    0 |     0 |          0 |        48 |  0.00 |
| BITSLICE_CONTROL |    0 |     0 |          0 |        32 |  0.00 |
| BITSLICE_RX_TX   |    0 |     0 |          0 |      1248 |  0.00 |
| BITSLICE_TX      |    0 |     0 |          0 |        32 |  0.00 |
| RIU_OR           |    0 |     0 |          0 |        16 |  0.00 |
+------------------+------+-------+------------+-----------+-------+


6. CLOCK
--------

+----------------------+------+-------+------------+-----------+-------+
|       Site Type      | Used | Fixed | Prohibited | Available | Util% |
+----------------------+------+-------+------------+-----------+-------+
| GLOBAL CLOCK BUFFERs |   15 |     0 |          0 |       352 |  4.26 |
|   BUFGCE             |   14 |     0 |          0 |       112 | 12.50 |
|   BUFGCE_DIV         |    0 |     0 |          0 |        16 |  0.00 |
|   BUFG_GT            |    0 |     0 |          0 |        96 |  0.00 |
|   BUFG_PS            |    1 |     0 |          0 |        96 |  1.04 |
|   BUFGCTRL*          |    0 |     0 |          0 |        32 |  0.00 |
| PLL                  |    0 |     0 |          0 |         8 |  0.00 |
| MMCM                 |    0 |     0 |          0 |         4 |  0.00 |
+----------------------+------+-------+------------+-----------+-------+
* Note: Each used BUFGCTRL counts as two GLOBAL CLOCK BUFFERs. This table does not include global clocking resources, only buffer cell usage. See the Clock Utilization Report (report_clock_utilization) for detailed accounting of global clocking resource availability.


7. ADVANCED
-----------

+-----------------+------+-------+------------+-----------+--------+
|    Site Type    | Used | Fixed | Prohibited | Available |  Util% |
+-----------------+------+-------+------------+-----------+--------+
| GTHE4_CHANNEL   |    0 |     0 |          0 |         4 |   0.00 |
| GTHE4_COMMON    |    0 |     0 |          0 |         1 |   0.00 |
| OBUFDS_GTE4     |    0 |     0 |          0 |         2 |   0.00 |
| OBUFDS_GTE4_ADV |    0 |     0 |          0 |         2 |   0.00 |
| PCIE40E4        |    0 |     0 |          0 |         2 |   0.00 |
| PS8             |    1 |     0 |          0 |         1 | 100.00 |
| SYSMONE4        |    0 |     0 |          0 |         1 |   0.00 |
| VCU             |    0 |     0 |          0 |         1 |   0.00 |
+-----------------+------+-------+------------+-----------+--------+


8. CONFIGURATION
----------------

+-------------+------+-------+------------+-----------+-------+
|  Site Type  | Used | Fixed | Prohibited | Available | Util% |
+-------------+------+-------+------------+-----------+-------+
| BSCANE2     |    0 |     0 |          0 |         4 |  0.00 |
| DNA_PORTE2  |    0 |     0 |          0 |         1 |  0.00 |
| EFUSE_USR   |    0 |     0 |          0 |         1 |  0.00 |
| FRAME_ECCE4 |    0 |     0 |          0 |         1 |  0.00 |
| ICAPE3      |    0 |     0 |          0 |         2 |  0.00 |
| MASTER_JTAG |    0 |     0 |          0 |         1 |  0.00 |
| STARTUPE3   |    0 |     0 |          0 |         1 |  0.00 |
+-------------+------+-------+------------+-----------+-------+


9. Primitives
-------------

+----------+-------+---------------------+
| Ref Name |  Used | Functional Category |
+----------+-------+---------------------+
| FDRE     | 63791 |            Register |
| LUT6     | 42327 |                 CLB |
| LUT4     | 34248 |                 CLB |
| LUT2     | 30365 |                 CLB |
| LUT3     | 12342 |                 CLB |
| LUT5     | 11238 |                 CLB |
| CARRY8   |  5521 |                 CLB |
| MUXF7    |  2398 |                 CLB |
| LUT1     |  1630 |                 CLB |
| RAMD32   |  1196 |                 CLB |
| MUXF8    |   516 |                 CLB |
| RAMD64E  |   416 |                 CLB |
| SRLC32E  |   274 |                 CLB |
| RAMS32   |   172 |                 CLB |
| FDSE     |   152 |            Register |
| FDCE     |    54 |            Register |
| SRL16E   |    48 |                 CLB |
| RAMB36E2 |    41 |            BLOCKRAM |
| BUFGCE   |    14 |               Clock |
| PS8      |     1 |            Advanced |
| BUFG_PS  |     1 |               Clock |
+----------+-------+---------------------+


10. Black Boxes
---------------

+----------+------+
| Ref Name | Used |
+----------+------+


11. Instantiated Netlists
-------------------------

+-----------------------------------+------+
|              Ref Name             | Used |
+-----------------------------------+------+
| vit_system_zynq_ultra_ps_e_0_0    |    1 |
| vit_system_vit_phase_e_axi_0_0    |    1 |
| vit_system_smartconnect_ddr_0     |    1 |
| vit_system_smartconnect_control_0 |    1 |
| vit_system_proc_sys_reset_0_0     |    1 |
+-----------------------------------+------+


