===== no_clock =====
Copyright 1986-2022 Xilinx, Inc. All Rights Reserved. Copyright 2022-2023 Advanced Micro Devices, Inc. All Rights Reserved.
--------------------------------------------------------------------------------------------------------------------------------------------------
| Tool Version      : Vivado v.2023.2 (lin64) Build 4029153 Fri Oct 13 20:13:54 MDT 2023
| Date              : Sun Aug  9 04:24:02 2026
| Host              : ubuntu running 64-bit Ubuntu 24.04.4 LTS
| Command           : check_timing -verbose -return_string -override_defaults no_clock
| Design            : vit_system_wrapper
| Device            : xczu5ev-sfvc784
| Speed File        : -1  PRODUCTION 1.30 05-15-2022
| Design State      : Routed
| Temperature Grade : E
--------------------------------------------------------------------------------------------------------------------------------------------------


check_timing report

Table of Contents
-----------------
1. checking no_clock (0)

1. checking no_clock (0)
------------------------
 There are 0 register/latch pins with no clock.



===== unconstrained_internal_endpoints =====
Copyright 1986-2022 Xilinx, Inc. All Rights Reserved. Copyright 2022-2023 Advanced Micro Devices, Inc. All Rights Reserved.
--------------------------------------------------------------------------------------------------------------------------------------------------
| Tool Version      : Vivado v.2023.2 (lin64) Build 4029153 Fri Oct 13 20:13:54 MDT 2023
| Date              : Sun Aug  9 04:24:02 2026
| Host              : ubuntu running 64-bit Ubuntu 24.04.4 LTS
| Command           : check_timing -verbose -return_string -override_defaults unconstrained_internal_endpoints
| Design            : vit_system_wrapper
| Device            : xczu5ev-sfvc784
| Speed File        : -1  PRODUCTION 1.30 05-15-2022
| Design State      : Routed
| Temperature Grade : E
--------------------------------------------------------------------------------------------------------------------------------------------------


check_timing report

Table of Contents
-----------------
1. checking unconstrained_internal_endpoints (0)

1. checking unconstrained_internal_endpoints (0)
------------------------------------------------
 There are 0 pins that are not constrained for maximum delay.

 There are 0 pins that are not constrained for maximum delay due to constant clock.



===== partial_input_delay =====
Copyright 1986-2022 Xilinx, Inc. All Rights Reserved. Copyright 2022-2023 Advanced Micro Devices, Inc. All Rights Reserved.
--------------------------------------------------------------------------------------------------------------------------------------------------
| Tool Version      : Vivado v.2023.2 (lin64) Build 4029153 Fri Oct 13 20:13:54 MDT 2023
| Date              : Sun Aug  9 04:24:03 2026
| Host              : ubuntu running 64-bit Ubuntu 24.04.4 LTS
| Command           : check_timing -verbose -return_string -override_defaults partial_input_delay
| Design            : vit_system_wrapper
| Device            : xczu5ev-sfvc784
| Speed File        : -1  PRODUCTION 1.30 05-15-2022
| Design State      : Routed
| Temperature Grade : E
--------------------------------------------------------------------------------------------------------------------------------------------------


check_timing report

Table of Contents
-----------------
1. checking partial_input_delay (0)

1. checking partial_input_delay (0)
-----------------------------------
 There are 0 input ports with partial input delay specified.



===== partial_output_delay =====
Copyright 1986-2022 Xilinx, Inc. All Rights Reserved. Copyright 2022-2023 Advanced Micro Devices, Inc. All Rights Reserved.
--------------------------------------------------------------------------------------------------------------------------------------------------
| Tool Version      : Vivado v.2023.2 (lin64) Build 4029153 Fri Oct 13 20:13:54 MDT 2023
| Date              : Sun Aug  9 04:24:03 2026
| Host              : ubuntu running 64-bit Ubuntu 24.04.4 LTS
| Command           : check_timing -verbose -return_string -override_defaults partial_output_delay
| Design            : vit_system_wrapper
| Device            : xczu5ev-sfvc784
| Speed File        : -1  PRODUCTION 1.30 05-15-2022
| Design State      : Routed
| Temperature Grade : E
--------------------------------------------------------------------------------------------------------------------------------------------------


check_timing report

Table of Contents
-----------------
1. checking partial_output_delay (0)

1. checking partial_output_delay (0)
------------------------------------
 There are 0 ports with partial output delay specified.



M8_CONSTRAINT_COVERAGE_GATE PASS stage=board_post_route failures=0
