Copyright 1986-2022 Xilinx, Inc. All Rights Reserved. Copyright 2022-2023 Advanced Micro Devices, Inc. All Rights Reserved.
-----------------------------------------------------------------------------------------------------------------------------------------------------------------------------------------------------------------------------------------------------------------------------------------
| Tool Version : Vivado v.2023.2 (lin64) Build 4029153 Fri Oct 13 20:13:54 MDT 2023
| Date         : Sun Aug  9 03:32:19 2026
| Host         : ubuntu running 64-bit Ubuntu 24.04.4 LTS
| Command      : report_utilization -hierarchical -hierarchical_depth 12 -file /home/s23520579/Vivado_project/vit_m8_board_candidate_67c18532_workspace_20260809/vivado_server_307_perf_v1_m8_nongemm_nodsp_2023_2/VIT_googlebase_rtl/reports/rtl_standalone_post_synth_hierarchical.rpt
| Design       : vit_phase_e_axi_bd_wrapper
| Device       : xczu5ev-sfvc784-1-e
| Speed File   : -1
| Design State : Synthesized
-----------------------------------------------------------------------------------------------------------------------------------------------------------------------------------------------------------------------------------------------------------------------------------------

Utilization Design Information

Table of Contents
-----------------
1. Utilization by Hierarchy

1. Utilization by Hierarchy
---------------------------

+--------------------------------------------+---------------------------------------------+------------+------------+---------+------+-------+--------+--------+------+------------+
|                  Instance                  |                    Module                   | Total LUTs | Logic LUTs | LUTRAMs | SRLs |  FFs  | RAMB36 | RAMB18 | URAM | DSP Blocks |
+--------------------------------------------+---------------------------------------------+------------+------------+---------+------+-------+--------+--------+------+------------+
| vit_phase_e_axi_bd_wrapper                 |                                       (top) |     101131 |     100319 |     812 |    0 | 61206 |     41 |      0 |    0 |          0 |
|   (vit_phase_e_axi_bd_wrapper)             |                                       (top) |          0 |          0 |       0 |    0 |     0 |      0 |      0 |    0 |          0 |
|   u_core                                   |                     vit_phase_e_axi_wrapper |     101131 |     100319 |     812 |    0 | 61206 |     41 |      0 |    0 |          0 |
|     (u_core)                               |                     vit_phase_e_axi_wrapper |         91 |         91 |       0 |    0 |   642 |      0 |      0 |    0 |          0 |
|     u_control                              |                   vit_axi_lite_control_regs |       3678 |       3678 |       0 |    0 |   774 |      0 |      0 |    0 |          0 |
|     u_layer_param_loader                   |                      vit_layer_param_loader |        270 |        270 |       0 |    0 |   528 |      0 |      0 |    0 |          0 |
|     u_layer_param_table                    |                       vit_layer_param_table |        400 |        400 |       0 |    0 |   229 |      1 |      0 |    0 |          0 |
|     u_m5_axi_counters                      |                 vit_phase_e_m5_axi_counters |         74 |         74 |       0 |    0 |   920 |      0 |      0 |    0 |          0 |
|     u_m7_overlap_counters                  |             vit_phase_e_m7_overlap_counters |        231 |        231 |       0 |    0 |  2764 |      0 |      0 |    0 |          0 |
|     u_mem_adapter                          |                 vit_phase_e_axi_mem_adapter |       1721 |       1721 |       0 |    0 |  2035 |      0 |      0 |    0 |          0 |
|     u_npu                                  |                             vit_phase_e_npu |      92938 |      92542 |     396 |    0 | 39647 |     40 |      0 |    0 |          0 |
|       (u_npu)                              |                             vit_phase_e_npu |          2 |          2 |       0 |    0 |     0 |      0 |      0 |    0 |          0 |
|       u_engine                             |                      vit_phase_e_engine_top |      91985 |      91589 |     396 |    0 | 38784 |     40 |      0 |    0 |          0 |
|         (u_engine)                         |                      vit_phase_e_engine_top |        307 |        307 |       0 |    0 |     8 |      0 |      0 |    0 |          0 |
|         u_argmax                           |                      vit_argmax_engine_fp32 |        178 |        178 |       0 |    0 |   180 |      0 |      0 |    0 |          0 |
|           (u_argmax)                       |                      vit_argmax_engine_fp32 |        113 |        113 |       0 |    0 |   180 |      0 |      0 |    0 |          0 |
|           u_value_compare                  |                 vit_fp32_compare__xdcDup__1 |         65 |         65 |       0 |    0 |     0 |      0 |      0 |    0 |          0 |
|         u_command_controller               |              vit_phase_e_command_controller |         16 |         16 |       0 |    0 |   282 |      0 |      0 |    0 |          0 |
|         u_engine_dispatch                  |                 vit_phase_e_engine_dispatch |         18 |         18 |       0 |    0 |     0 |      0 |      0 |    0 |          0 |
|         u_engine_shared_adder              |                vit_fp32_add_comb__xdcDup__1 |        558 |        558 |       0 |    0 |     0 |      0 |      0 |    0 |          0 |
|         u_engine_shared_multiplier         |                     vit_fp32_mul_comb_nodsp |        760 |        760 |       0 |    0 |     0 |      0 |      0 |    0 |          0 |
|         u_gelu                             |                        vit_gelu_engine_fp32 |       2266 |       2266 |       0 |    0 |  1913 |      0 |      0 |    0 |          0 |
|           (u_gelu)                         |                        vit_gelu_engine_fp32 |        983 |        983 |       0 |    0 |  1131 |      0 |      0 |    0 |          0 |
|           u_serial_core                    |                        vit_fp32_gelu_serial |       1283 |       1283 |       0 |    0 |   782 |      0 |      0 |    0 |          0 |
|             (u_serial_core)                |                        vit_fp32_gelu_serial |        718 |        718 |       0 |    0 |   782 |      0 |      0 |    0 |          0 |
|             u_exp_from_integer             |           vit_fp32_from_u32_comb__xdcDup__1 |        272 |        272 |       0 |    0 |     0 |      0 |      0 |    0 |          0 |
|             u_exp_scale_down               |    vit_fp32_scale_pow2_down_comb__xdcDup__1 |         52 |         52 |       0 |    0 |     0 |      0 |      0 |    0 |          0 |
|             u_exp_to_integer               |       vit_fp32_to_u32_floor_comb__xdcDup__1 |        241 |        241 |       0 |    0 |     0 |      0 |      0 |    0 |          0 |
|         u_gemm                             |                    vit_gemm_dual_mode_array |      47597 |      47201 |     396 |    0 | 23518 |      0 |      0 |    0 |          0 |
|           (u_gemm)                         |                    vit_gemm_dual_mode_array |        555 |        555 |       0 |    0 |    27 |      0 |      0 |    0 |          0 |
|           gen_fp16.u_fp16                  |            vit_gemm_fp16_parallel_scheduler |      47042 |      46646 |     396 |    0 | 23491 |      0 |      0 |    0 |          0 |
|             (gen_fp16.u_fp16)              |            vit_gemm_fp16_parallel_scheduler |       6836 |       6836 |       0 |    0 | 10922 |      0 |      0 |    0 |          0 |
|             u_operand_router               |                     vit_gemm_operand_router |       3394 |       3394 |       0 |    0 |     0 |      0 |      0 |    0 |          0 |
|             u_result_fifo                  |                        vit_gemm_result_fifo |        760 |        364 |     396 |    0 |     4 |      0 |      0 |    0 |          0 |
|             u_stream_array                 |                  vit_gemm_fp16_stream_array |      36052 |      36052 |       0 |    0 | 12565 |      0 |      0 |    0 |          0 |
|               (u_stream_array)             |                  vit_gemm_fp16_stream_array |       2425 |       2425 |       0 |    0 |  6125 |      0 |      0 |    0 |          0 |
|               gen_a_convert[0].u_a_convert |     vit_fp32_to_fp16_rne_gradual__xdcDup__1 |        604 |        604 |       0 |    0 |     0 |      0 |      0 |    0 |          0 |
|               gen_a_convert[1].u_a_convert |     vit_fp32_to_fp16_rne_gradual__xdcDup__2 |        603 |        603 |       0 |    0 |     0 |      0 |      0 |    0 |          0 |
|               gen_a_convert[2].u_a_convert |     vit_fp32_to_fp16_rne_gradual__xdcDup__3 |        604 |        604 |       0 |    0 |     0 |      0 |      0 |    0 |          0 |
|               gen_a_convert[3].u_a_convert |     vit_fp32_to_fp16_rne_gradual__xdcDup__4 |        604 |        604 |       0 |    0 |     0 |      0 |      0 |    0 |          0 |
|               gen_a_convert[4].u_a_convert |     vit_fp32_to_fp16_rne_gradual__xdcDup__5 |        604 |        604 |       0 |    0 |     0 |      0 |      0 |    0 |          0 |
|               gen_a_convert[5].u_a_convert |     vit_fp32_to_fp16_rne_gradual__xdcDup__6 |        604 |        604 |       0 |    0 |     0 |      0 |      0 |    0 |          0 |
|               gen_a_convert[6].u_a_convert |     vit_fp32_to_fp16_rne_gradual__xdcDup__7 |        604 |        604 |       0 |    0 |     0 |      0 |      0 |    0 |          0 |
|               gen_a_convert[7].u_a_convert |     vit_fp32_to_fp16_rne_gradual__xdcDup__8 |        604 |        604 |       0 |    0 |     0 |      0 |      0 |    0 |          0 |
|               gen_b_convert[0].u_b_convert |     vit_fp32_to_fp16_rne_gradual__xdcDup__9 |        603 |        603 |       0 |    0 |     0 |      0 |      0 |    0 |          0 |
|               gen_b_convert[1].u_b_convert |                vit_fp32_to_fp16_rne_gradual |        603 |        603 |       0 |    0 |     0 |      0 |      0 |    0 |          0 |
|               gen_stream[0].u_stream       |    vit_fp16_dot_stream_csa_nodsp__xdcDup__1 |       3379 |       3379 |       0 |    0 |   805 |      0 |      0 |    0 |          0 |
|                 (gen_stream[0].u_stream)   |    vit_fp16_dot_stream_csa_nodsp__xdcDup__1 |        230 |        230 |       0 |    0 |   805 |      0 |      0 |    0 |          0 |
|                 u_final_analyze            |                vit_fixed_analyze__xdcDup__1 |        314 |        314 |       0 |    0 |     0 |      0 |      0 |    0 |          0 |
|                 u_final_round              | vit_fixed_normalized_to_fp32_rne__xdcDup__1 |       1770 |       1770 |       0 |    0 |     0 |      0 |      0 |    0 |          0 |
|                 u_multiplier               |  vit_fp16_mul_to_fp32_comb_nodsp__xdcDup__1 |        240 |        240 |       0 |    0 |     0 |      0 |      0 |    0 |          0 |
|                 u_product_align            |  vit_fp32_product_to_fixed_exact__xdcDup__1 |        825 |        825 |       0 |    0 |     0 |      0 |      0 |    0 |          0 |
|               gen_stream[1].u_stream       |    vit_fp16_dot_stream_csa_nodsp__xdcDup__2 |       3379 |       3379 |       0 |    0 |   805 |      0 |      0 |    0 |          0 |
|                 (gen_stream[1].u_stream)   |    vit_fp16_dot_stream_csa_nodsp__xdcDup__2 |        230 |        230 |       0 |    0 |   805 |      0 |      0 |    0 |          0 |
|                 u_final_analyze            |                vit_fixed_analyze__xdcDup__2 |        314 |        314 |       0 |    0 |     0 |      0 |      0 |    0 |          0 |
|                 u_final_round              | vit_fixed_normalized_to_fp32_rne__xdcDup__2 |       1770 |       1770 |       0 |    0 |     0 |      0 |      0 |    0 |          0 |
|                 u_multiplier               |  vit_fp16_mul_to_fp32_comb_nodsp__xdcDup__2 |        240 |        240 |       0 |    0 |     0 |      0 |      0 |    0 |          0 |
|                 u_product_align            |  vit_fp32_product_to_fixed_exact__xdcDup__2 |        825 |        825 |       0 |    0 |     0 |      0 |      0 |    0 |          0 |
|               gen_stream[2].u_stream       |    vit_fp16_dot_stream_csa_nodsp__xdcDup__3 |       3379 |       3379 |       0 |    0 |   805 |      0 |      0 |    0 |          0 |
|                 (gen_stream[2].u_stream)   |    vit_fp16_dot_stream_csa_nodsp__xdcDup__3 |        230 |        230 |       0 |    0 |   805 |      0 |      0 |    0 |          0 |
|                 u_final_analyze            |                vit_fixed_analyze__xdcDup__3 |        314 |        314 |       0 |    0 |     0 |      0 |      0 |    0 |          0 |
|                 u_final_round              | vit_fixed_normalized_to_fp32_rne__xdcDup__3 |       1770 |       1770 |       0 |    0 |     0 |      0 |      0 |    0 |          0 |
|                 u_multiplier               |  vit_fp16_mul_to_fp32_comb_nodsp__xdcDup__3 |        240 |        240 |       0 |    0 |     0 |      0 |      0 |    0 |          0 |
|                 u_product_align            |  vit_fp32_product_to_fixed_exact__xdcDup__3 |        825 |        825 |       0 |    0 |     0 |      0 |      0 |    0 |          0 |
|               gen_stream[3].u_stream       |    vit_fp16_dot_stream_csa_nodsp__xdcDup__4 |       3379 |       3379 |       0 |    0 |   805 |      0 |      0 |    0 |          0 |
|                 (gen_stream[3].u_stream)   |    vit_fp16_dot_stream_csa_nodsp__xdcDup__4 |        230 |        230 |       0 |    0 |   805 |      0 |      0 |    0 |          0 |
|                 u_final_analyze            |                vit_fixed_analyze__xdcDup__4 |        314 |        314 |       0 |    0 |     0 |      0 |      0 |    0 |          0 |
|                 u_final_round              | vit_fixed_normalized_to_fp32_rne__xdcDup__4 |       1770 |       1770 |       0 |    0 |     0 |      0 |      0 |    0 |          0 |
|                 u_multiplier               |  vit_fp16_mul_to_fp32_comb_nodsp__xdcDup__4 |        240 |        240 |       0 |    0 |     0 |      0 |      0 |    0 |          0 |
|                 u_product_align            |  vit_fp32_product_to_fixed_exact__xdcDup__4 |        825 |        825 |       0 |    0 |     0 |      0 |      0 |    0 |          0 |
|               gen_stream[4].u_stream       |    vit_fp16_dot_stream_csa_nodsp__xdcDup__5 |       3379 |       3379 |       0 |    0 |   805 |      0 |      0 |    0 |          0 |
|                 (gen_stream[4].u_stream)   |    vit_fp16_dot_stream_csa_nodsp__xdcDup__5 |        230 |        230 |       0 |    0 |   805 |      0 |      0 |    0 |          0 |
|                 u_final_analyze            |                vit_fixed_analyze__xdcDup__5 |        314 |        314 |       0 |    0 |     0 |      0 |      0 |    0 |          0 |
|                 u_final_round              | vit_fixed_normalized_to_fp32_rne__xdcDup__5 |       1770 |       1770 |       0 |    0 |     0 |      0 |      0 |    0 |          0 |
|                 u_multiplier               |  vit_fp16_mul_to_fp32_comb_nodsp__xdcDup__5 |        240 |        240 |       0 |    0 |     0 |      0 |      0 |    0 |          0 |
|                 u_product_align            |  vit_fp32_product_to_fixed_exact__xdcDup__5 |        825 |        825 |       0 |    0 |     0 |      0 |      0 |    0 |          0 |
|               gen_stream[5].u_stream       |    vit_fp16_dot_stream_csa_nodsp__xdcDup__6 |       3379 |       3379 |       0 |    0 |   805 |      0 |      0 |    0 |          0 |
|                 (gen_stream[5].u_stream)   |    vit_fp16_dot_stream_csa_nodsp__xdcDup__6 |        230 |        230 |       0 |    0 |   805 |      0 |      0 |    0 |          0 |
|                 u_final_analyze            |                vit_fixed_analyze__xdcDup__6 |        314 |        314 |       0 |    0 |     0 |      0 |      0 |    0 |          0 |
|                 u_final_round              | vit_fixed_normalized_to_fp32_rne__xdcDup__6 |       1770 |       1770 |       0 |    0 |     0 |      0 |      0 |    0 |          0 |
|                 u_multiplier               |  vit_fp16_mul_to_fp32_comb_nodsp__xdcDup__6 |        240 |        240 |       0 |    0 |     0 |      0 |      0 |    0 |          0 |
|                 u_product_align            |  vit_fp32_product_to_fixed_exact__xdcDup__6 |        825 |        825 |       0 |    0 |     0 |      0 |      0 |    0 |          0 |
|               gen_stream[6].u_stream       |    vit_fp16_dot_stream_csa_nodsp__xdcDup__7 |       3379 |       3379 |       0 |    0 |   805 |      0 |      0 |    0 |          0 |
|                 (gen_stream[6].u_stream)   |    vit_fp16_dot_stream_csa_nodsp__xdcDup__7 |        230 |        230 |       0 |    0 |   805 |      0 |      0 |    0 |          0 |
|                 u_final_analyze            |                vit_fixed_analyze__xdcDup__7 |        314 |        314 |       0 |    0 |     0 |      0 |      0 |    0 |          0 |
|                 u_final_round              | vit_fixed_normalized_to_fp32_rne__xdcDup__7 |       1770 |       1770 |       0 |    0 |     0 |      0 |      0 |    0 |          0 |
|                 u_multiplier               |  vit_fp16_mul_to_fp32_comb_nodsp__xdcDup__7 |        240 |        240 |       0 |    0 |     0 |      0 |      0 |    0 |          0 |
|                 u_product_align            |  vit_fp32_product_to_fixed_exact__xdcDup__7 |        825 |        825 |       0 |    0 |     0 |      0 |      0 |    0 |          0 |
|               gen_stream[7].u_stream       |               vit_fp16_dot_stream_csa_nodsp |       3379 |       3379 |       0 |    0 |   805 |      0 |      0 |    0 |          0 |
|                 (gen_stream[7].u_stream)   |               vit_fp16_dot_stream_csa_nodsp |        230 |        230 |       0 |    0 |   805 |      0 |      0 |    0 |          0 |
|                 u_final_analyze            |                           vit_fixed_analyze |        314 |        314 |       0 |    0 |     0 |      0 |      0 |    0 |          0 |
|                 u_final_round              |            vit_fixed_normalized_to_fp32_rne |       1770 |       1770 |       0 |    0 |     0 |      0 |      0 |    0 |          0 |
|                 u_multiplier               |             vit_fp16_mul_to_fp32_comb_nodsp |        240 |        240 |       0 |    0 |     0 |      0 |      0 |    0 |          0 |
|                 u_product_align            |             vit_fp32_product_to_fixed_exact |        825 |        825 |       0 |    0 |     0 |      0 |      0 |    0 |          0 |
|               u_bias_adder                 |                           vit_fp32_add_comb |        558 |        558 |       0 |    0 |     0 |      0 |      0 |    0 |          0 |
|         u_layernorm                        |                   vit_layernorm_engine_fp32 |       1186 |       1186 |       0 |    0 |  1118 |      3 |      0 |    0 |          0 |
|           (u_layernorm)                    |                   vit_layernorm_engine_fp32 |        758 |        758 |       0 |    0 |   815 |      3 |      0 |    0 |          0 |
|           u_reciprocal_hidden_size         |                   vit_fp32_recip_u32_serial |        316 |        316 |       0 |    0 |   157 |      0 |      0 |    0 |          0 |
|           u_total_words_multiplier         |      vit_u32_mul_iterative_nodsp__xdcDup__1 |        112 |        112 |       0 |    0 |   146 |      0 |      0 |    0 |          0 |
|         u_layout                           |                           vit_layout_engine |        630 |        630 |       0 |    0 |   735 |      0 |      0 |    0 |          0 |
|           (u_layout)                       |                           vit_layout_engine |         53 |         53 |       0 |    0 |   203 |      0 |      0 |    0 |          0 |
|           u_address_generator              |                vit_layout_address_generator |        167 |        167 |       0 |    0 |   187 |      0 |      0 |    0 |          0 |
|           u_descriptor_validator           |             vit_layout_descriptor_validator |        410 |        410 |       0 |    0 |   345 |      0 |      0 |    0 |          0 |
|             (u_descriptor_validator)       |             vit_layout_descriptor_validator |        273 |        273 |       0 |    0 |   189 |      0 |      0 |    0 |          0 |
|             u_shared_multiplier            |      vit_u32_mul_iterative_nodsp__xdcDup__2 |        137 |        137 |       0 |    0 |   156 |      0 |      0 |    0 |          0 |
|         u_memory_frontend                  |                 vit_phase_e_memory_frontend |      35143 |      35143 |       0 |    0 |  8377 |     36 |      0 |    0 |          0 |
|           (u_memory_frontend)              |                 vit_phase_e_memory_frontend |      31445 |      31445 |       0 |    0 |  7577 |      0 |      0 |    0 |          0 |
|           u_gemm_activation_panel_cache    |             vit_gemm_activation_panel_cache |        117 |        117 |       0 |    0 |     5 |     32 |      0 |    0 |          0 |
|           u_gemm_address_context           |             vit_gemm_memory_address_context |       1469 |       1469 |       0 |    0 |   794 |      0 |      0 |    0 |          0 |
|           u_gemm_bias_cache                |                         vit_gemm_bias_cache |          6 |          6 |       0 |    0 |     1 |      4 |      0 |    0 |          0 |
|           u_read_address_router            |             vit_phase_e_read_address_router |       1260 |       1260 |       0 |    0 |     0 |      0 |      0 |    0 |          0 |
|           u_write_address_router           |            vit_phase_e_write_address_router |        846 |        846 |       0 |    0 |     0 |      0 |      0 |    0 |          0 |
|         u_softmax                          |                     vit_softmax_engine_fp32 |       1691 |       1691 |       0 |    0 |   986 |      1 |      0 |    0 |          0 |
|           (u_softmax)                      |                     vit_softmax_engine_fp32 |        909 |        909 |       0 |    0 |   840 |      1 |      0 |    0 |          0 |
|           u_exp_from_integer               |                      vit_fp32_from_u32_comb |        269 |        269 |       0 |    0 |     0 |      0 |      0 |    0 |          0 |
|           u_exp_scale_down                 |               vit_fp32_scale_pow2_down_comb |         52 |         52 |       0 |    0 |     0 |      0 |      0 |    0 |          0 |
|           u_exp_to_integer                 |                  vit_fp32_to_u32_floor_comb |        242 |        242 |       0 |    0 |     0 |      0 |      0 |    0 |          0 |
|           u_row_maximum                    |                            vit_fp32_compare |        107 |        107 |       0 |    0 |     0 |      0 |      0 |    0 |          0 |
|           u_total_words_multiplier         |                 vit_u32_mul_iterative_nodsp |        112 |        112 |       0 |    0 |   146 |      0 |      0 |    0 |          0 |
|         u_vector                           |                      vit_vector_engine_fp32 |       1635 |       1635 |       0 |    0 |  1667 |      0 |      0 |    0 |          0 |
|           (u_vector)                       |                      vit_vector_engine_fp32 |       1160 |       1160 |       0 |    0 |  1667 |      0 |      0 |    0 |          0 |
|           u_lane_mask                      |                               vit_lane_mask |        475 |        475 |       0 |    0 |     0 |      0 |      0 |    0 |          0 |
|       u_sequencer                          |                       vit_phase_e_sequencer |        951 |        951 |       0 |    0 |   863 |      0 |      0 |    0 |          0 |
|     u_perf_counters                        |                   vit_phase_e_perf_counters |         17 |         17 |       0 |    0 |   642 |      0 |      0 |    0 |          0 |
|     u_profile_counters                     |                vit_phase_e_profile_counters |       1711 |       1295 |     416 |    0 | 13025 |      0 |      0 |    0 |          0 |
+--------------------------------------------+---------------------------------------------+------------+------------+---------+------+-------+--------+--------+------+------------+


