M5_AXI128_CONTRACT PASS
path property actual comparison expected
vit_phase_e_axi_0/S_AXI CONFIG.PROTOCOL AXI4LITE exact AXI4LITE
vit_phase_e_axi_0/M_AXI CONFIG.PROTOCOL AXI4 exact AXI4
smartconnect_ddr/S00_AXI CONFIG.PROTOCOL AXI4 exact AXI4
smartconnect_ddr/M00_AXI CONFIG.PROTOCOL AXI4 exact AXI4
zynq_ultra_ps_e_0/S_AXI_HP0_FPD CONFIG.PROTOCOL AXI4 exact AXI4
vit_phase_e_axi_0/S_AXI CONFIG.DATA_WIDTH 32 exact 32
vit_phase_e_axi_0/S_AXI CONFIG.ADDR_WIDTH 12 exact 12
vit_phase_e_axi_0/S_AXI CONFIG.MAX_BURST_LENGTH 1 exact 1
vit_phase_e_axi_0/S_AXI CONFIG.NUM_READ_OUTSTANDING 1 exact 1
vit_phase_e_axi_0/S_AXI CONFIG.NUM_WRITE_OUTSTANDING 1 exact 1
vit_phase_e_axi_0/M_AXI CONFIG.DATA_WIDTH 128 exact 128
vit_phase_e_axi_0/M_AXI CONFIG.ADDR_WIDTH 40 exact 40
vit_phase_e_axi_0/M_AXI CONFIG.ID_WIDTH 1 exact 1
vit_phase_e_axi_0/M_AXI CONFIG.SUPPORTS_NARROW_BURST 1 exact 1
vit_phase_e_axi_0/M_AXI CONFIG.MAX_BURST_LENGTH 4 exact 4
vit_phase_e_axi_0/M_AXI CONFIG.NUM_READ_OUTSTANDING 2 exact 2
vit_phase_e_axi_0/M_AXI CONFIG.NUM_WRITE_OUTSTANDING 1 exact 1
smartconnect_ddr/S00_AXI CONFIG.DATA_WIDTH 128 exact 128
smartconnect_ddr/S00_AXI CONFIG.MAX_BURST_LENGTH 4 at_least 4
smartconnect_ddr/S00_AXI CONFIG.NUM_READ_OUTSTANDING 2 at_least 2
smartconnect_ddr/S00_AXI CONFIG.NUM_WRITE_OUTSTANDING 1 at_least 1
smartconnect_ddr/M00_AXI CONFIG.DATA_WIDTH 128 exact 128
smartconnect_ddr/M00_AXI CONFIG.MAX_BURST_LENGTH 4 at_least 4
smartconnect_ddr/M00_AXI CONFIG.NUM_READ_OUTSTANDING 2 at_least 2
smartconnect_ddr/M00_AXI CONFIG.NUM_WRITE_OUTSTANDING 1 at_least 1
zynq_ultra_ps_e_0/S_AXI_HP0_FPD CONFIG.DATA_WIDTH 128 exact 128
zynq_ultra_ps_e_0/S_AXI_HP0_FPD CONFIG.MAX_BURST_LENGTH 4 at_least 4
zynq_ultra_ps_e_0/S_AXI_HP0_FPD CONFIG.NUM_READ_OUTSTANDING 16 at_least 2
zynq_ultra_ps_e_0/S_AXI_HP0_FPD CONFIG.NUM_WRITE_OUTSTANDING 16 at_least 1
