:0: sorry: constant selects in always_* processes are not fully supported (the process will be sensitive to all bits in 'core_events_i[71:0]').
:0: sorry: constant selects in always_* processes are not fully supported (the process will be sensitive to all bits in 'core_events_i[71:0]').
rtl/axi/control/vit_phase_e_profile_counters.sv:369: sorry: constant selects in always_* processes are not fully supported (the process will be sensitive to all bits in 'legacy_sum[word=+legacy_index[31:0]][64:0]').
rtl/axi/control/vit_phase_e_profile_counters.sv:370: sorry: constant selects in always_* processes are not fully supported (the process will be sensitive to all bits in 'legacy_sum[word=+legacy_index[31:0]][64:0]').
:0: sorry: constant selects in always_* processes are not fully supported (the process will be sensitive to all bits in 'core_events_i[71:0]').
:0: sorry: constant selects in always_* processes are not fully supported (the process will be sensitive to all bits in 'core_events_i[71:0]').
:0: sorry: constant selects in always_* processes are not fully supported (the process will be sensitive to all bits in 'core_events_i[71:0]').
:0: sorry: constant selects in always_* processes are not fully supported (the process will be sensitive to all bits in 'core_events_i[71:0]').
:0: sorry: constant selects in always_* processes are not fully supported (the process will be sensitive to all bits in 'core_events_i[71:0]').
:0: sorry: constant selects in always_* processes are not fully supported (the process will be sensitive to all bits in 'core_events_i[71:0]').
:0: sorry: constant selects in always_* processes are not fully supported (the process will be sensitive to all bits in 'core_events_i[71:0]').
rtl/axi/control/vit_phase_e_profile_counters.sv:428: sorry: constant selects in always_* processes are not fully supported (the process will be sensitive to all bits in 'core_events_i[71:0]').
:0: sorry: constant selects in always_* processes are not fully supported (the process will be sensitive to all bits in 'core_events_i[71:0]').
rtl/axi/control/vit_phase_e_profile_counters.sv:431: sorry: constant selects in always_* processes are not fully supported (the process will be sensitive to all bits in 'core_events_i[71:0]').
:0: sorry: constant selects in always_* processes are not fully supported (the process will be sensitive to all bits in 'core_events_i[71:0]').
:0: sorry: constant selects in always_* processes are not fully supported (the process will be sensitive to all bits in 'core_events_i[71:0]').
:0: sorry: constant selects in always_* processes are not fully supported (the process will be sensitive to all bits in 'core_events_i[71:0]').
:0: sorry: constant selects in always_* processes are not fully supported (the process will be sensitive to all bits in 'core_events_i[71:0]').
:0: sorry: constant selects in always_* processes are not fully supported (the process will be sensitive to all bits in 'core_events_i[71:0]').
:0: sorry: constant selects in always_* processes are not fully supported (the process will be sensitive to all bits in 'core_events_i[71:0]').
:0: sorry: constant selects in always_* processes are not fully supported (the process will be sensitive to all bits in 'core_events_i[71:0]').
:0: sorry: constant selects in always_* processes are not fully supported (the process will be sensitive to all bits in 'core_events_i[71:0]').
rtl/axi/control/vit_phase_e_profile_counters.sv:482: sorry: constant selects in always_* processes are not fully supported (the process will be sensitive to all bits in 'global_sum[word=+global_index[31:0]][64:0]').
rtl/axi/control/vit_phase_e_profile_counters.sv:483: sorry: constant selects in always_* processes are not fully supported (the process will be sensitive to all bits in 'global_sum[word=+global_index[31:0]][64:0]').
:0: sorry: constant selects in always_* processes are not fully supported (the process will be sensitive to all bits in 'core_events_i[71:0]').
:0: sorry: constant selects in always_* processes are not fully supported (the process will be sensitive to all bits in 'core_events_i[71:0]').
rtl/axi/control/vit_phase_e_profile_counters.sv:495: sorry: constant selects in always_* processes are not fully supported (the process will be sensitive to all bits in '+opcode_index[31:0]').
rtl/axi/control/vit_phase_e_profile_counters.sv:498: sorry: constant selects in always_* processes are not fully supported (the process will be sensitive to all bits in '+opcode_index[31:0]').
rtl/axi/control/vit_phase_e_profile_counters.sv:511: sorry: constant selects in always_* processes are not fully supported (the process will be sensitive to all bits in 'opcode_count_sum[word=+opcode_index[31:0]][64:0]').
rtl/axi/control/vit_phase_e_profile_counters.sv:512: sorry: constant selects in always_* processes are not fully supported (the process will be sensitive to all bits in 'opcode_count_sum[word=+opcode_index[31:0]][64:0]').
rtl/axi/control/vit_phase_e_profile_counters.sv:519: sorry: constant selects in always_* processes are not fully supported (the process will be sensitive to all bits in 'opcode_cycle_sum[word=+opcode_index[31:0]][64:0]').
rtl/axi/control/vit_phase_e_profile_counters.sv:520: sorry: constant selects in always_* processes are not fully supported (the process will be sensitive to all bits in 'opcode_cycle_sum[word=+opcode_index[31:0]][64:0]').
rtl/axi/control/vit_phase_e_profile_counters.sv:544: sorry: constant selects in always_* processes are not fully supported (the process will be sensitive to all bits in 'histogram_sum[word=+histogram_index[31:0]][64:0]').
rtl/axi/control/vit_phase_e_profile_counters.sv:545: sorry: constant selects in always_* processes are not fully supported (the process will be sensitive to all bits in 'histogram_sum[word=+histogram_index[31:0]][64:0]').
:0: sorry: constant selects in always_* processes are not fully supported (the process will be sensitive to all bits in 'core_events_i[71:0]').
:0: sorry: constant selects in always_* processes are not fully supported (the process will be sensitive to all bits in 'core_events_i[71:0]').
:0: sorry: constant selects in always_* processes are not fully supported (the process will be sensitive to all bits in 'core_events_i[71:0]').
:0: sorry: constant selects in always_* processes are not fully supported (the process will be sensitive to all bits in 'core_events_i[71:0]').
:0: sorry: constant selects in always_* processes are not fully supported (the process will be sensitive to all bits in 'core_events_i[71:0]').
:0: sorry: constant selects in always_* processes are not fully supported (the process will be sensitive to all bits in 'core_events_i[71:0]').
:0: sorry: constant selects in always_* processes are not fully supported (the process will be sensitive to all bits in 'core_events_i[71:0]').
rtl/axi/control/vit_phase_e_m5_axi_counters.sv:100: sorry: constant selects in always_* processes are not fully supported (the process will be sensitive to all bits in 'sum[word=+comb_index[31:0]][64:0]').
rtl/axi/control/vit_phase_e_m5_axi_counters.sv:101: sorry: constant selects in always_* processes are not fully supported (the process will be sensitive to all bits in 'sum[word=+comb_index[31:0]][64:0]').
rtl/axi/control/vit_phase_e_m7_overlap_counters.sv:141: sorry: constant selects in always_* processes are not fully supported (the process will be sensitive to all bits in 'events_i[75:0]').
rtl/axi/control/vit_phase_e_m7_overlap_counters.sv:143: sorry: constant selects in always_* processes are not fully supported (the process will be sensitive to all bits in 'events_i[75:0]').
:0: sorry: constant selects in always_* processes are not fully supported (the process will be sensitive to all bits in 'events_i[75:0]').
:0: sorry: constant selects in always_* processes are not fully supported (the process will be sensitive to all bits in 'events_i[75:0]').
:0: sorry: constant selects in always_* processes are not fully supported (the process will be sensitive to all bits in 'events_i[75:0]').
:0: sorry: constant selects in always_* processes are not fully supported (the process will be sensitive to all bits in 'events_i[75:0]').
:0: sorry: constant selects in always_* processes are not fully supported (the process will be sensitive to all bits in 'events_i[75:0]').
:0: sorry: constant selects in always_* processes are not fully supported (the process will be sensitive to all bits in 'events_i[75:0]').
:0: sorry: constant selects in always_* processes are not fully supported (the process will be sensitive to all bits in 'events_i[75:0]').
:0: sorry: constant selects in always_* processes are not fully supported (the process will be sensitive to all bits in 'events_i[75:0]').
:0: sorry: constant selects in always_* processes are not fully supported (the process will be sensitive to all bits in 'events_i[75:0]').
:0: sorry: constant selects in always_* processes are not fully supported (the process will be sensitive to all bits in 'events_i[75:0]').
:0: sorry: constant selects in always_* processes are not fully supported (the process will be sensitive to all bits in 'events_i[75:0]').
:0: sorry: constant selects in always_* processes are not fully supported (the process will be sensitive to all bits in 'events_i[75:0]').
:0: sorry: constant selects in always_* processes are not fully supported (the process will be sensitive to all bits in 'events_i[75:0]').
:0: sorry: constant selects in always_* processes are not fully supported (the process will be sensitive to all bits in 'events_i[75:0]').
:0: sorry: constant selects in always_* processes are not fully supported (the process will be sensitive to all bits in 'events_i[75:0]').
rtl/axi/control/vit_phase_e_m7_overlap_counters.sv:186: sorry: constant selects in always_* processes are not fully supported (the process will be sensitive to all bits in 'sum[word=+comb_index[31:0]][64:0]').
rtl/axi/control/vit_phase_e_m7_overlap_counters.sv:187: sorry: constant selects in always_* processes are not fully supported (the process will be sensitive to all bits in 'sum[word=+comb_index[31:0]][64:0]').
rtl/axi/control/vit_phase_e_m7_overlap_counters.sv:193: sorry: constant selects in always_* processes are not fully supported (the process will be sensitive to all bits in 'events_i[75:0]').
rtl/axi/control/vit_phase_e_m7_overlap_counters.sv:194: sorry: constant selects in always_* processes are not fully supported (the process will be sensitive to all bits in 'events_i[75:0]').
rtl/axi/control/vit_phase_e_m7_overlap_counters.sv:198: sorry: constant selects in always_* processes are not fully supported (the process will be sensitive to all bits in 'events_i[75:0]').
rtl/axi/control/vit_phase_e_m7_overlap_counters.sv:199: sorry: constant selects in always_* processes are not fully supported (the process will be sensitive to all bits in 'events_i[75:0]').
:0: sorry: constant selects in always_* processes are not fully supported (the process will be sensitive to all bits in 'events_i[75:0]').
:0: sorry: constant selects in always_* processes are not fully supported (the process will be sensitive to all bits in 'events_i[75:0]').
:0: sorry: constant selects in always_* processes are not fully supported (the process will be sensitive to all bits in 'events_i[75:0]').
:0: sorry: constant selects in always_* processes are not fully supported (the process will be sensitive to all bits in 'events_i[75:0]').
:0: sorry: constant selects in always_* processes are not fully supported (the process will be sensitive to all bits in 'events_i[75:0]').
:0: sorry: constant selects in always_* processes are not fully supported (the process will be sensitive to all bits in 'events_i[75:0]').
:0: sorry: constant selects in always_* processes are not fully supported (the process will be sensitive to all bits in 'events_i[75:0]').
:0: sorry: constant selects in always_* processes are not fully supported (the process will be sensitive to all bits in 'events_i[75:0]').
:0: sorry: constant selects in always_* processes are not fully supported (the process will be sensitive to all bits in 'events_i[75:0]').
rtl/axi/control/vit_phase_e_m7_overlap_counters.sv:281: sorry: constant selects in always_* processes are not fully supported (the process will be sensitive to all bits in 'published[word='sd19][63:0]').
rtl/axi/control/vit_phase_e_m7_overlap_counters.sv:282: sorry: constant selects in always_* processes are not fully supported (the process will be sensitive to all bits in 'published[word='sd22][63:0]').
rtl/axi/control/vit_phase_e_m7_overlap_counters.sv:287: sorry: constant selects in always_* processes are not fully supported (the process will be sensitive to all bits in 'error_published[19:0]').
rtl/axi/control/vit_phase_e_m7_overlap_counters.sv:287: sorry: constant selects in always_* processes are not fully supported (the process will be sensitive to all bits in 'error_published[19:0]').
rtl/axi/control/vit_phase_e_m7_overlap_counters.sv:288: sorry: constant selects in always_* processes are not fully supported (the process will be sensitive to all bits in 'error_published[19:0]').
rtl/axi/control/vit_phase_e_m7_overlap_counters.sv:288: sorry: constant selects in always_* processes are not fully supported (the process will be sensitive to all bits in 'error_published[19:0]').
:0: sorry: constant selects in always_* processes are not fully supported (the process will be sensitive to all bits in 'active_job[55:0]').
:0: sorry: constant selects in always_* processes are not fully supported (the process will be sensitive to all bits in 'active_job[55:0]').
:0: sorry: constant selects in always_* processes are not fully supported (the process will be sensitive to all bits in 'active_job[55:0]').
:0: sorry: constant selects in always_* processes are not fully supported (the process will be sensitive to all bits in 'active_job[55:0]').
:0: sorry: constant selects in always_* processes are not fully supported (the process will be sensitive to all bits in 'active_job[55:0]').
:0: sorry: constant selects in always_* processes are not fully supported (the process will be sensitive to all bits in 'active_job[55:0]').
:0: sorry: constant selects in always_* processes are not fully supported (the process will be sensitive to all bits in 'active_job[55:0]').
:0: sorry: constant selects in always_* processes are not fully supported (the process will be sensitive to all bits in 'active_global_params[255:0]').
:0: sorry: constant selects in always_* processes are not fully supported (the process will be sensitive to all bits in 'active_global_params[255:0]').
:0: sorry: constant selects in always_* processes are not fully supported (the process will be sensitive to all bits in 'active_job[55:0]').
:0: sorry: constant selects in always_* processes are not fully supported (the process will be sensitive to all bits in 'active_job[55:0]').
:0: sorry: constant selects in always_* processes are not fully supported (the process will be sensitive to all bits in 'value[511:0]').
rtl/control/vit_phase_e_sequencer.sv:180: sorry: constant selects in always_* processes are not fully supported (the process will be sensitive to all bits in 'rounded_reduction[32:0]').
rtl/control/vit_phase_e_sequencer.sv:165: sorry: constant selects in always_* processes are not fully supported (the process will be sensitive to all bits in 'rounded_reduction[32:0]').
:0: sorry: constant selects in always_* processes are not fully supported (the process will be sensitive to all bits in 'active_job[55:0]').
:0: sorry: constant selects in always_* processes are not fully supported (the process will be sensitive to all bits in 'active_global_params[255:0]').
:0: sorry: constant selects in always_* processes are not fully supported (the process will be sensitive to all bits in 'active_job[55:0]').
:0: sorry: constant selects in always_* processes are not fully supported (the process will be sensitive to all bits in 'active_job[55:0]').
:0: sorry: constant selects in always_* processes are not fully supported (the process will be sensitive to all bits in 'active_global_params[255:0]').
:0: sorry: constant selects in always_* processes are not fully supported (the process will be sensitive to all bits in 'active_job[55:0]').
:0: sorry: constant selects in always_* processes are not fully supported (the process will be sensitive to all bits in 'active_layer_params[511:0]').
:0: sorry: constant selects in always_* processes are not fully supported (the process will be sensitive to all bits in 'active_layer_params[511:0]').
:0: sorry: constant selects in always_* processes are not fully supported (the process will be sensitive to all bits in 'active_job[55:0]').
:0: sorry: constant selects in always_* processes are not fully supported (the process will be sensitive to all bits in 'active_layer_params[511:0]').
:0: sorry: constant selects in always_* processes are not fully supported (the process will be sensitive to all bits in 'active_layer_params[511:0]').
:0: sorry: constant selects in always_* processes are not fully supported (the process will be sensitive to all bits in 'active_job[55:0]').
:0: sorry: constant selects in always_* processes are not fully supported (the process will be sensitive to all bits in 'active_job[55:0]').
:0: sorry: constant selects in always_* processes are not fully supported (the process will be sensitive to all bits in 'value[511:0]').
rtl/control/vit_phase_e_sequencer.sv:180: sorry: constant selects in always_* processes are not fully supported (the process will be sensitive to all bits in 'rounded_reduction[32:0]').
rtl/control/vit_phase_e_sequencer.sv:165: sorry: constant selects in always_* processes are not fully supported (the process will be sensitive to all bits in 'rounded_reduction[32:0]').
:0: sorry: constant selects in always_* processes are not fully supported (the process will be sensitive to all bits in 'active_job[55:0]').
:0: sorry: constant selects in always_* processes are not fully supported (the process will be sensitive to all bits in 'active_job[55:0]').
:0: sorry: constant selects in always_* processes are not fully supported (the process will be sensitive to all bits in 'active_layer_params[511:0]').
:0: sorry: constant selects in always_* processes are not fully supported (the process will be sensitive to all bits in 'active_layer_params[511:0]').
:0: sorry: constant selects in always_* processes are not fully supported (the process will be sensitive to all bits in 'active_job[55:0]').
:0: sorry: constant selects in always_* processes are not fully supported (the process will be sensitive to all bits in 'active_job[55:0]').
:0: sorry: constant selects in always_* processes are not fully supported (the process will be sensitive to all bits in 'value[511:0]').
rtl/control/vit_phase_e_sequencer.sv:180: sorry: constant selects in always_* processes are not fully supported (the process will be sensitive to all bits in 'rounded_reduction[32:0]').
rtl/control/vit_phase_e_sequencer.sv:165: sorry: constant selects in always_* processes are not fully supported (the process will be sensitive to all bits in 'rounded_reduction[32:0]').
:0: sorry: constant selects in always_* processes are not fully supported (the process will be sensitive to all bits in 'active_job[55:0]').
:0: sorry: constant selects in always_* processes are not fully supported (the process will be sensitive to all bits in 'active_job[55:0]').
:0: sorry: constant selects in always_* processes are not fully supported (the process will be sensitive to all bits in 'active_layer_params[511:0]').
:0: sorry: constant selects in always_* processes are not fully supported (the process will be sensitive to all bits in 'active_layer_params[511:0]').
:0: sorry: constant selects in always_* processes are not fully supported (the process will be sensitive to all bits in 'active_job[55:0]').
:0: sorry: constant selects in always_* processes are not fully supported (the process will be sensitive to all bits in 'active_job[55:0]').
:0: sorry: constant selects in always_* processes are not fully supported (the process will be sensitive to all bits in 'value[511:0]').
rtl/control/vit_phase_e_sequencer.sv:180: sorry: constant selects in always_* processes are not fully supported (the process will be sensitive to all bits in 'rounded_reduction[32:0]').
rtl/control/vit_phase_e_sequencer.sv:165: sorry: constant selects in always_* processes are not fully supported (the process will be sensitive to all bits in 'rounded_reduction[32:0]').
:0: sorry: constant selects in always_* processes are not fully supported (the process will be sensitive to all bits in 'active_job[55:0]').
:0: sorry: constant selects in always_* processes are not fully supported (the process will be sensitive to all bits in 'active_job[55:0]').
:0: sorry: constant selects in always_* processes are not fully supported (the process will be sensitive to all bits in 'active_job[55:0]').
:0: sorry: constant selects in always_* processes are not fully supported (the process will be sensitive to all bits in 'active_job[55:0]').
:0: sorry: constant selects in always_* processes are not fully supported (the process will be sensitive to all bits in 'active_job[55:0]').
:0: sorry: constant selects in always_* processes are not fully supported (the process will be sensitive to all bits in 'value[511:0]').
rtl/control/vit_phase_e_sequencer.sv:180: sorry: constant selects in always_* processes are not fully supported (the process will be sensitive to all bits in 'rounded_reduction[32:0]').
rtl/control/vit_phase_e_sequencer.sv:165: sorry: constant selects in always_* processes are not fully supported (the process will be sensitive to all bits in 'rounded_reduction[32:0]').
:0: sorry: constant selects in always_* processes are not fully supported (the process will be sensitive to all bits in 'active_job[55:0]').
:0: sorry: constant selects in always_* processes are not fully supported (the process will be sensitive to all bits in 'active_job[55:0]').
:0: sorry: constant selects in always_* processes are not fully supported (the process will be sensitive to all bits in 'active_job[55:0]').
:0: sorry: constant selects in always_* processes are not fully supported (the process will be sensitive to all bits in 'active_job[55:0]').
:0: sorry: constant selects in always_* processes are not fully supported (the process will be sensitive to all bits in 'active_job[55:0]').
:0: sorry: constant selects in always_* processes are not fully supported (the process will be sensitive to all bits in 'value[511:0]').
rtl/control/vit_phase_e_sequencer.sv:180: sorry: constant selects in always_* processes are not fully supported (the process will be sensitive to all bits in 'rounded_reduction[32:0]').
rtl/control/vit_phase_e_sequencer.sv:165: sorry: constant selects in always_* processes are not fully supported (the process will be sensitive to all bits in 'rounded_reduction[32:0]').
:0: sorry: constant selects in always_* processes are not fully supported (the process will be sensitive to all bits in 'active_job[55:0]').
:0: sorry: constant selects in always_* processes are not fully supported (the process will be sensitive to all bits in 'active_job[55:0]').
:0: sorry: constant selects in always_* processes are not fully supported (the process will be sensitive to all bits in 'active_layer_params[511:0]').
:0: sorry: constant selects in always_* processes are not fully supported (the process will be sensitive to all bits in 'active_layer_params[511:0]').
:0: sorry: constant selects in always_* processes are not fully supported (the process will be sensitive to all bits in 'active_job[55:0]').
:0: sorry: constant selects in always_* processes are not fully supported (the process will be sensitive to all bits in 'active_job[55:0]').
:0: sorry: constant selects in always_* processes are not fully supported (the process will be sensitive to all bits in 'value[511:0]').
rtl/control/vit_phase_e_sequencer.sv:180: sorry: constant selects in always_* processes are not fully supported (the process will be sensitive to all bits in 'rounded_reduction[32:0]').
rtl/control/vit_phase_e_sequencer.sv:165: sorry: constant selects in always_* processes are not fully supported (the process will be sensitive to all bits in 'rounded_reduction[32:0]').
:0: sorry: constant selects in always_* processes are not fully supported (the process will be sensitive to all bits in 'active_job[55:0]').
:0: sorry: constant selects in always_* processes are not fully supported (the process will be sensitive to all bits in 'active_job[55:0]').
:0: sorry: constant selects in always_* processes are not fully supported (the process will be sensitive to all bits in 'active_layer_params[511:0]').
:0: sorry: constant selects in always_* processes are not fully supported (the process will be sensitive to all bits in 'active_layer_params[511:0]').
:0: sorry: constant selects in always_* processes are not fully supported (the process will be sensitive to all bits in 'active_job[55:0]').
:0: sorry: constant selects in always_* processes are not fully supported (the process will be sensitive to all bits in 'active_layer_params[511:0]').
:0: sorry: constant selects in always_* processes are not fully supported (the process will be sensitive to all bits in 'active_layer_params[511:0]').
:0: sorry: constant selects in always_* processes are not fully supported (the process will be sensitive to all bits in 'active_job[55:0]').
:0: sorry: constant selects in always_* processes are not fully supported (the process will be sensitive to all bits in 'active_job[55:0]').
:0: sorry: constant selects in always_* processes are not fully supported (the process will be sensitive to all bits in 'value[511:0]').
rtl/control/vit_phase_e_sequencer.sv:180: sorry: constant selects in always_* processes are not fully supported (the process will be sensitive to all bits in 'rounded_reduction[32:0]').
rtl/control/vit_phase_e_sequencer.sv:165: sorry: constant selects in always_* processes are not fully supported (the process will be sensitive to all bits in 'rounded_reduction[32:0]').
:0: sorry: constant selects in always_* processes are not fully supported (the process will be sensitive to all bits in 'active_job[55:0]').
:0: sorry: constant selects in always_* processes are not fully supported (the process will be sensitive to all bits in 'active_job[55:0]').
:0: sorry: constant selects in always_* processes are not fully supported (the process will be sensitive to all bits in 'active_layer_params[511:0]').
:0: sorry: constant selects in always_* processes are not fully supported (the process will be sensitive to all bits in 'active_layer_params[511:0]').
:0: sorry: constant selects in always_* processes are not fully supported (the process will be sensitive to all bits in 'active_job[55:0]').
:0: sorry: constant selects in always_* processes are not fully supported (the process will be sensitive to all bits in 'active_job[55:0]').
:0: sorry: constant selects in always_* processes are not fully supported (the process will be sensitive to all bits in 'value[511:0]').
rtl/control/vit_phase_e_sequencer.sv:180: sorry: constant selects in always_* processes are not fully supported (the process will be sensitive to all bits in 'rounded_reduction[32:0]').
rtl/control/vit_phase_e_sequencer.sv:165: sorry: constant selects in always_* processes are not fully supported (the process will be sensitive to all bits in 'rounded_reduction[32:0]').
:0: sorry: constant selects in always_* processes are not fully supported (the process will be sensitive to all bits in 'active_job[55:0]').
:0: sorry: constant selects in always_* processes are not fully supported (the process will be sensitive to all bits in 'active_job[55:0]').
:0: sorry: constant selects in always_* processes are not fully supported (the process will be sensitive to all bits in 'active_global_params[255:0]').
:0: sorry: constant selects in always_* processes are not fully supported (the process will be sensitive to all bits in 'active_global_params[255:0]').
:0: sorry: constant selects in always_* processes are not fully supported (the process will be sensitive to all bits in 'active_job[55:0]').
:0: sorry: constant selects in always_* processes are not fully supported (the process will be sensitive to all bits in 'active_job[55:0]').
:0: sorry: constant selects in always_* processes are not fully supported (the process will be sensitive to all bits in 'active_global_params[255:0]').
:0: sorry: constant selects in always_* processes are not fully supported (the process will be sensitive to all bits in 'active_global_params[255:0]').
:0: sorry: constant selects in always_* processes are not fully supported (the process will be sensitive to all bits in 'active_job[55:0]').
:0: sorry: constant selects in always_* processes are not fully supported (the process will be sensitive to all bits in 'active_job[55:0]').
:0: sorry: constant selects in always_* processes are not fully supported (the process will be sensitive to all bits in 'value[511:0]').
rtl/control/vit_phase_e_sequencer.sv:180: sorry: constant selects in always_* processes are not fully supported (the process will be sensitive to all bits in 'rounded_reduction[32:0]').
rtl/control/vit_phase_e_sequencer.sv:165: sorry: constant selects in always_* processes are not fully supported (the process will be sensitive to all bits in 'rounded_reduction[32:0]').
:0: sorry: constant selects in always_* processes are not fully supported (the process will be sensitive to all bits in 'active_job[55:0]').
:0: sorry: constant selects in always_* processes are not fully supported (the process will be sensitive to all bits in 'active_job[55:0]').
:0: sorry: constant selects in always_* processes are not fully supported (the process will be sensitive to all bits in 'active_cmd[511:0]').
:0: sorry: constant selects in always_* processes are not fully supported (the process will be sensitive to all bits in 'active_cmd[511:0]').
:0: sorry: constant selects in always_* processes are not fully supported (the process will be sensitive to all bits in 'active_cmd[511:0]').
:0: sorry: constant selects in always_* processes are not fully supported (the process will be sensitive to all bits in 'active_cmd[511:0]').
:0: sorry: constant selects in always_* processes are not fully supported (the process will be sensitive to all bits in 'active_cmd[511:0]').
:0: sorry: constant selects in always_* processes are not fully supported (the process will be sensitive to all bits in 'active_cmd[511:0]').
:0: sorry: constant selects in always_* processes are not fully supported (the process will be sensitive to all bits in 'active_cmd[511:0]').
:0: sorry: constant selects in always_* processes are not fully supported (the process will be sensitive to all bits in 'active_cmd[511:0]').
:0: sorry: constant selects in always_* processes are not fully supported (the process will be sensitive to all bits in 'active_cmd[511:0]').
:0: sorry: constant selects in always_* processes are not fully supported (the process will be sensitive to all bits in 'active_cmd[511:0]').
:0: sorry: constant selects in always_* processes are not fully supported (the process will be sensitive to all bits in 'active_cmd[511:0]').
:0: sorry: constant selects in always_* processes are not fully supported (the process will be sensitive to all bits in 'active_cmd[511:0]').
:0: sorry: constant selects in always_* processes are not fully supported (the process will be sensitive to all bits in 'active_cmd[511:0]').
:0: sorry: constant selects in always_* processes are not fully supported (the process will be sensitive to all bits in 'active_cmd[511:0]').
:0: sorry: constant selects in always_* processes are not fully supported (the process will be sensitive to all bits in 'active_cmd[511:0]').
:0: sorry: constant selects in always_* processes are not fully supported (the process will be sensitive to all bits in 'active_cmd[511:0]').
:0: sorry: constant selects in always_* processes are not fully supported (the process will be sensitive to all bits in 'active_cmd[511:0]').
:0: sorry: constant selects in always_* processes are not fully supported (the process will be sensitive to all bits in 'active_cmd[511:0]').
:0: sorry: constant selects in always_* processes are not fully supported (the process will be sensitive to all bits in 'active_cmd[511:0]').
:0: sorry: constant selects in always_* processes are not fully supported (the process will be sensitive to all bits in 'active_cmd[511:0]').
:0: sorry: constant selects in always_* processes are not fully supported (the process will be sensitive to all bits in 'active_cmd[511:0]').
:0: sorry: constant selects in always_* processes are not fully supported (the process will be sensitive to all bits in 'active_cmd[511:0]').
:0: sorry: constant selects in always_* processes are not fully supported (the process will be sensitive to all bits in 'active_cmd[511:0]').
:0: sorry: constant selects in always_* processes are not fully supported (the process will be sensitive to all bits in 'active_cmd[511:0]').
:0: sorry: constant selects in always_* processes are not fully supported (the process will be sensitive to all bits in 'active_cmd[511:0]').
:0: sorry: constant selects in always_* processes are not fully supported (the process will be sensitive to all bits in 'active_cmd[511:0]').
:0: sorry: constant selects in always_* processes are not fully supported (the process will be sensitive to all bits in 'active_cmd[511:0]').
:0: sorry: constant selects in always_* processes are not fully supported (the process will be sensitive to all bits in 'active_cmd[511:0]').
:0: sorry: constant selects in always_* processes are not fully supported (the process will be sensitive to all bits in 'active_cmd[511:0]').
:0: sorry: constant selects in always_* processes are not fully supported (the process will be sensitive to all bits in 'active_cmd[511:0]').
:0: sorry: constant selects in always_* processes are not fully supported (the process will be sensitive to all bits in 'active_cmd[511:0]').
:0: sorry: constant selects in always_* processes are not fully supported (the process will be sensitive to all bits in 'active_cmd[511:0]').
:0: sorry: constant selects in always_* processes are not fully supported (the process will be sensitive to all bits in 'active_cmd[511:0]').
:0: sorry: constant selects in always_* processes are not fully supported (the process will be sensitive to all bits in 'active_cmd[511:0]').
:0: sorry: constant selects in always_* processes are not fully supported (the process will be sensitive to all bits in 'active_cmd[511:0]').
:0: sorry: constant selects in always_* processes are not fully supported (the process will be sensitive to all bits in 'active_cmd[511:0]').
:0: sorry: constant selects in always_* processes are not fully supported (the process will be sensitive to all bits in 'active_cmd[511:0]').
:0: sorry: constant selects in always_* processes are not fully supported (the process will be sensitive to all bits in 'active_cmd[511:0]').
:0: sorry: constant selects in always_* processes are not fully supported (the process will be sensitive to all bits in 'active_cmd[511:0]').
:0: sorry: constant selects in always_* processes are not fully supported (the process will be sensitive to all bits in 'active_cmd[511:0]').
:0: sorry: constant selects in always_* processes are not fully supported (the process will be sensitive to all bits in 'active_cmd[511:0]').
:0: sorry: constant selects in always_* processes are not fully supported (the process will be sensitive to all bits in 'active_cmd[511:0]').
:0: sorry: constant selects in always_* processes are not fully supported (the process will be sensitive to all bits in 'active_cmd[511:0]').
:0: sorry: constant selects in always_* processes are not fully supported (the process will be sensitive to all bits in 'active_cmd[511:0]').
:0: sorry: constant selects in always_* processes are not fully supported (the process will be sensitive to all bits in 'active_cmd[511:0]').
:0: sorry: constant selects in always_* processes are not fully supported (the process will be sensitive to all bits in 'active_cmd[511:0]').
rtl/core/vit_phase_e_read_address_router.sv:377: sorry: constant selects in always_* processes are not fully supported (the process will be sensitive to all bits in 'candidate_address_wide[95:0]').
rtl/core/vit_phase_e_read_address_router.sv:378: sorry: constant selects in always_* processes are not fully supported (the process will be sensitive to all bits in 'candidate_address_wide[95:0]').
:0: sorry: constant selects in always_* processes are not fully supported (the process will be sensitive to all bits in 'active_cmd[511:0]').
:0: sorry: constant selects in always_* processes are not fully supported (the process will be sensitive to all bits in 'active_cmd[511:0]').
:0: sorry: constant selects in always_* processes are not fully supported (the process will be sensitive to all bits in 'active_cmd[511:0]').
:0: sorry: constant selects in always_* processes are not fully supported (the process will be sensitive to all bits in 'active_cmd[511:0]').
:0: sorry: constant selects in always_* processes are not fully supported (the process will be sensitive to all bits in 'active_cmd[511:0]').
:0: sorry: constant selects in always_* processes are not fully supported (the process will be sensitive to all bits in 'active_cmd[511:0]').
:0: sorry: constant selects in always_* processes are not fully supported (the process will be sensitive to all bits in 'active_cmd[511:0]').
rtl/core/vit_phase_e_write_address_router.sv:177: sorry: constant selects in always_* processes are not fully supported (the process will be sensitive to all bits in 'candidate_address_wide[95:0]').
rtl/core/vit_phase_e_write_address_router.sv:178: sorry: constant selects in always_* processes are not fully supported (the process will be sensitive to all bits in 'candidate_address_wide[95:0]').
rtl/blocks/vector/vit_vector_engine_fp32.sv:147: sorry: constant selects in always_* processes are not fully supported (the process will be sensitive to all bits in 'lane_mask_shift[15:0]').
rtl/leaf/fp32/vit_fp32_recip_u32_serial.sv:70: sorry: constant selects in always_* processes are not fully supported (the process will be sensitive to all bits in 'quotient[63:0]').
rtl/leaf/fp32/vit_fp32_recip_u32_serial.sv:76: sorry: constant selects in always_* processes are not fully supported (the process will be sensitive to all bits in 'rounded_quotient[63:0]').
rtl/blocks/layernorm/vit_layernorm_engine_fp32.sv:227: sorry: constant selects in always_* processes are not fully supported (the process will be sensitive to all bits in 'token_mean[31:0]').
rtl/blocks/layernorm/vit_layernorm_engine_fp32.sv:228: sorry: constant selects in always_* processes are not fully supported (the process will be sensitive to all bits in 'token_mean[31:0]').
rtl/blocks/layernorm/vit_layernorm_engine_fp32.sv:227: sorry: constant selects in always_* processes are not fully supported (the process will be sensitive to all bits in 'token_mean[31:0]').
rtl/blocks/layernorm/vit_layernorm_engine_fp32.sv:228: sorry: constant selects in always_* processes are not fully supported (the process will be sensitive to all bits in 'token_mean[31:0]').
rtl/blocks/layernorm/vit_layernorm_engine_fp32.sv:270: sorry: constant selects in always_* processes are not fully supported (the process will be sensitive to all bits in 'rsqrt_scaled_product[31:0]').
rtl/blocks/layernorm/vit_layernorm_engine_fp32.sv:271: sorry: constant selects in always_* processes are not fully supported (the process will be sensitive to all bits in 'rsqrt_scaled_product[31:0]').
rtl/leaf/fp32/vit_fp32_to_u32_floor_comb.sv:14: sorry: constant selects in always_* processes are not fully supported (the process will be sensitive to all bits in 'value[31:0]').
rtl/leaf/fp32/vit_fp32_to_u32_floor_comb.sv:15: sorry: constant selects in always_* processes are not fully supported (the process will be sensitive to all bits in 'value[31:0]').
rtl/leaf/fp32/vit_fp32_to_u32_floor_comb.sv:17: sorry: constant selects in always_* processes are not fully supported (the process will be sensitive to all bits in 'value[31:0]').
rtl/leaf/fp32/vit_fp32_to_u32_floor_comb.sv:17: sorry: constant selects in always_* processes are not fully supported (the process will be sensitive to all bits in 'value[31:0]').
rtl/leaf/fp32/vit_fp32_to_u32_floor_comb.sv:19: sorry: constant selects in always_* processes are not fully supported (the process will be sensitive to all bits in 'value[31:0]').
rtl/leaf/fp32/vit_fp32_from_u32_comb.sv:40: sorry: constant selects in always_* processes are not fully supported (the process will be sensitive to all bits in 'shifted_value[63:0]').
rtl/leaf/fp32/vit_fp32_from_u32_comb.sv:44: sorry: constant selects in always_* processes are not fully supported (the process will be sensitive to all bits in 'shifted_value[63:0]').
rtl/leaf/fp32/vit_fp32_from_u32_comb.sv:49: sorry: constant selects in always_* processes are not fully supported (the process will be sensitive to all bits in 'rounded_mantissa[24:0]').
rtl/leaf/fp32/vit_fp32_from_u32_comb.sv:53: sorry: constant selects in always_* processes are not fully supported (the process will be sensitive to all bits in 'rounded_mantissa[24:0]').
rtl/leaf/fp32/vit_fp32_from_u32_comb.sv:63: sorry: constant selects in always_* processes are not fully supported (the process will be sensitive to all bits in '+biased_exponent[31:0]').
rtl/leaf/fp32/vit_fp32_from_u32_comb.sv:64: sorry: constant selects in always_* processes are not fully supported (the process will be sensitive to all bits in 'rounded_mantissa[24:0]').
rtl/leaf/fp32/vit_fp32_scale_pow2_down_comb.sv:16: sorry: constant selects in always_* processes are not fully supported (the process will be sensitive to all bits in 'value[31:0]').
rtl/leaf/fp32/vit_fp32_scale_pow2_down_comb.sv:17: sorry: constant selects in always_* processes are not fully supported (the process will be sensitive to all bits in 'value[31:0]').
rtl/leaf/fp32/vit_fp32_scale_pow2_down_comb.sv:18: sorry: constant selects in always_* processes are not fully supported (the process will be sensitive to all bits in 'value[31:0]').
rtl/leaf/fp32/vit_fp32_scale_pow2_down_comb.sv:19: sorry: constant selects in always_* processes are not fully supported (the process will be sensitive to all bits in 'value[31:0]').
rtl/leaf/fp32/vit_fp32_scale_pow2_down_comb.sv:20: sorry: constant selects in always_* processes are not fully supported (the process will be sensitive to all bits in 'value[31:0]').
rtl/leaf/fp32/vit_fp32_scale_pow2_down_comb.sv:27: sorry: constant selects in always_* processes are not fully supported (the process will be sensitive to all bits in 'value[31:0]').
rtl/leaf/fp32/vit_fp32_scale_pow2_down_comb.sv:28: sorry: constant selects in always_* processes are not fully supported (the process will be sensitive to all bits in 'value[31:0]').
rtl/leaf/fp32/vit_fp32_scale_pow2_down_comb.sv:30: sorry: constant selects in always_* processes are not fully supported (the process will be sensitive to all bits in 'value[31:0]').
rtl/leaf/fp32/vit_fp32_scale_pow2_down_comb.sv:32: sorry: constant selects in always_* processes are not fully supported (the process will be sensitive to all bits in 'value[31:0]').
rtl/leaf/fp32/vit_fp32_scale_pow2_down_comb.sv:33: sorry: constant selects in always_* processes are not fully supported (the process will be sensitive to all bits in '+result_exponent[31:0]').
rtl/leaf/fp32/vit_fp32_scale_pow2_down_comb.sv:34: sorry: constant selects in always_* processes are not fully supported (the process will be sensitive to all bits in 'value[31:0]').
rtl/blocks/softmax/vit_softmax_engine_fp32.sv:297: sorry: constant selects in always_* processes are not fully supported (the process will be sensitive to all bits in 'row_maximum[31:0]').
rtl/blocks/softmax/vit_softmax_engine_fp32.sv:298: sorry: constant selects in always_* processes are not fully supported (the process will be sensitive to all bits in 'row_maximum[31:0]').
rtl/blocks/softmax/vit_softmax_engine_fp32.sv:303: sorry: constant selects in always_* processes are not fully supported (the process will be sensitive to all bits in 'centered_value[31:0]').
rtl/blocks/softmax/vit_softmax_engine_fp32.sv:314: sorry: constant selects in always_* processes are not fully supported (the process will be sensitive to all bits in 'centered_value[31:0]').
rtl/blocks/softmax/vit_softmax_engine_fp32.sv:316: sorry: constant selects in always_* processes are not fully supported (the process will be sensitive to all bits in 'exp_scale_product[31:0]').
rtl/blocks/softmax/vit_softmax_engine_fp32.sv:317: sorry: constant selects in always_* processes are not fully supported (the process will be sensitive to all bits in 'exp_scale_product[31:0]').
rtl/blocks/softmax/vit_softmax_engine_fp32.sv:328: sorry: constant selects in always_* processes are not fully supported (the process will be sensitive to all bits in 'centered_value[31:0]').
rtl/blocks/softmax/vit_softmax_engine_fp32.sv:330: sorry: constant selects in always_* processes are not fully supported (the process will be sensitive to all bits in 'exp_scale_product[31:0]').
rtl/blocks/softmax/vit_softmax_engine_fp32.sv:331: sorry: constant selects in always_* processes are not fully supported (the process will be sensitive to all bits in 'exp_scale_product[31:0]').
rtl/blocks/softmax/vit_softmax_engine_fp32.sv:366: sorry: constant selects in always_* processes are not fully supported (the process will be sensitive to all bits in 'reciprocal_product[31:0]').
rtl/blocks/softmax/vit_softmax_engine_fp32.sv:367: sorry: constant selects in always_* processes are not fully supported (the process will be sensitive to all bits in 'reciprocal_product[31:0]').
rtl/leaf/fp32/vit_fp32_to_u32_floor_comb.sv:14: sorry: constant selects in always_* processes are not fully supported (the process will be sensitive to all bits in 'value[31:0]').
rtl/leaf/fp32/vit_fp32_to_u32_floor_comb.sv:15: sorry: constant selects in always_* processes are not fully supported (the process will be sensitive to all bits in 'value[31:0]').
rtl/leaf/fp32/vit_fp32_to_u32_floor_comb.sv:17: sorry: constant selects in always_* processes are not fully supported (the process will be sensitive to all bits in 'value[31:0]').
rtl/leaf/fp32/vit_fp32_to_u32_floor_comb.sv:17: sorry: constant selects in always_* processes are not fully supported (the process will be sensitive to all bits in 'value[31:0]').
rtl/leaf/fp32/vit_fp32_to_u32_floor_comb.sv:19: sorry: constant selects in always_* processes are not fully supported (the process will be sensitive to all bits in 'value[31:0]').
rtl/leaf/fp32/vit_fp32_from_u32_comb.sv:40: sorry: constant selects in always_* processes are not fully supported (the process will be sensitive to all bits in 'shifted_value[63:0]').
rtl/leaf/fp32/vit_fp32_from_u32_comb.sv:44: sorry: constant selects in always_* processes are not fully supported (the process will be sensitive to all bits in 'shifted_value[63:0]').
rtl/leaf/fp32/vit_fp32_from_u32_comb.sv:49: sorry: constant selects in always_* processes are not fully supported (the process will be sensitive to all bits in 'rounded_mantissa[24:0]').
rtl/leaf/fp32/vit_fp32_from_u32_comb.sv:53: sorry: constant selects in always_* processes are not fully supported (the process will be sensitive to all bits in 'rounded_mantissa[24:0]').
rtl/leaf/fp32/vit_fp32_from_u32_comb.sv:63: sorry: constant selects in always_* processes are not fully supported (the process will be sensitive to all bits in '+biased_exponent[31:0]').
rtl/leaf/fp32/vit_fp32_from_u32_comb.sv:64: sorry: constant selects in always_* processes are not fully supported (the process will be sensitive to all bits in 'rounded_mantissa[24:0]').
rtl/leaf/fp32/vit_fp32_scale_pow2_down_comb.sv:16: sorry: constant selects in always_* processes are not fully supported (the process will be sensitive to all bits in 'value[31:0]').
rtl/leaf/fp32/vit_fp32_scale_pow2_down_comb.sv:17: sorry: constant selects in always_* processes are not fully supported (the process will be sensitive to all bits in 'value[31:0]').
rtl/leaf/fp32/vit_fp32_scale_pow2_down_comb.sv:18: sorry: constant selects in always_* processes are not fully supported (the process will be sensitive to all bits in 'value[31:0]').
rtl/leaf/fp32/vit_fp32_scale_pow2_down_comb.sv:19: sorry: constant selects in always_* processes are not fully supported (the process will be sensitive to all bits in 'value[31:0]').
rtl/leaf/fp32/vit_fp32_scale_pow2_down_comb.sv:20: sorry: constant selects in always_* processes are not fully supported (the process will be sensitive to all bits in 'value[31:0]').
rtl/leaf/fp32/vit_fp32_scale_pow2_down_comb.sv:27: sorry: constant selects in always_* processes are not fully supported (the process will be sensitive to all bits in 'value[31:0]').
rtl/leaf/fp32/vit_fp32_scale_pow2_down_comb.sv:28: sorry: constant selects in always_* processes are not fully supported (the process will be sensitive to all bits in 'value[31:0]').
rtl/leaf/fp32/vit_fp32_scale_pow2_down_comb.sv:30: sorry: constant selects in always_* processes are not fully supported (the process will be sensitive to all bits in 'value[31:0]').
rtl/leaf/fp32/vit_fp32_scale_pow2_down_comb.sv:32: sorry: constant selects in always_* processes are not fully supported (the process will be sensitive to all bits in 'value[31:0]').
rtl/leaf/fp32/vit_fp32_scale_pow2_down_comb.sv:33: sorry: constant selects in always_* processes are not fully supported (the process will be sensitive to all bits in '+result_exponent[31:0]').
rtl/leaf/fp32/vit_fp32_scale_pow2_down_comb.sv:34: sorry: constant selects in always_* processes are not fully supported (the process will be sensitive to all bits in 'value[31:0]').
rtl/blocks/gelu/vit_fp32_gelu_serial.sv:224: sorry: constant selects in always_* processes are not fully supported (the process will be sensitive to all bits in 'input_value[31:0]').
rtl/blocks/gelu/vit_fp32_gelu_serial.sv:246: sorry: constant selects in always_* processes are not fully supported (the process will be sensitive to all bits in 'reciprocal_product[31:0]').
rtl/blocks/gelu/vit_fp32_gelu_serial.sv:247: sorry: constant selects in always_* processes are not fully supported (the process will be sensitive to all bits in 'reciprocal_product[31:0]').
rtl/blocks/gelu/vit_fp32_gelu_serial.sv:288: sorry: constant selects in always_* processes are not fully supported (the process will be sensitive to all bits in 'exp_scale_product[31:0]').
rtl/blocks/gelu/vit_fp32_gelu_serial.sv:289: sorry: constant selects in always_* processes are not fully supported (the process will be sensitive to all bits in 'exp_scale_product[31:0]').
rtl/blocks/gelu/vit_fp32_gelu_serial.sv:302: sorry: constant selects in always_* processes are not fully supported (the process will be sensitive to all bits in 'exp_scale_product[31:0]').
rtl/blocks/gelu/vit_fp32_gelu_serial.sv:303: sorry: constant selects in always_* processes are not fully supported (the process will be sensitive to all bits in 'exp_scale_product[31:0]').
rtl/blocks/gelu/vit_fp32_gelu_serial.sv:333: sorry: constant selects in always_* processes are not fully supported (the process will be sensitive to all bits in 'polynomial_exponential[31:0]').
rtl/blocks/gelu/vit_fp32_gelu_serial.sv:334: sorry: constant selects in always_* processes are not fully supported (the process will be sensitive to all bits in 'polynomial_exponential[31:0]').
rtl/blocks/gelu/vit_fp32_gelu_serial.sv:341: sorry: constant selects in always_* processes are not fully supported (the process will be sensitive to all bits in 'input_value[31:0]').
rtl/blocks/gelu/vit_fp32_gelu_serial.sv:342: sorry: constant selects in always_* processes are not fully supported (the process will be sensitive to all bits in 'erf_magnitude[31:0]').
rtl/blocks/argmax/vit_argmax_engine_fp32.sv:77: sorry: constant selects in always_* processes are not fully supported (the process will be sensitive to all bits in 'input_data[31:0]').
:0: sorry: constant selects in always_* processes are not fully supported (the process will be sensitive to all bits in 'active_cmd[511:0]').
:0: sorry: constant selects in always_* processes are not fully supported (the process will be sensitive to all bits in 'profile_command[511:0]').
:0: sorry: constant selects in always_* processes are not fully supported (the process will be sensitive to all bits in 'profile_command[511:0]').
:0: sorry: constant selects in always_* processes are not fully supported (the process will be sensitive to all bits in 'profile_command[511:0]').
:0: sorry: constant selects in always_* processes are not fully supported (the process will be sensitive to all bits in 'profile_command[511:0]').
:0: sorry: constant selects in always_* processes are not fully supported (the process will be sensitive to all bits in 'profile_command[511:0]').
:0: sorry: constant selects in always_* processes are not fully supported (the process will be sensitive to all bits in 'active_cmd[511:0]').
:0: sorry: constant selects in always_* processes are not fully supported (the process will be sensitive to all bits in 'active_cmd[511:0]').
rtl/axi/memory/vit_phase_e_axi_mem_adapter.sv:342: sorry: constant selects in always_* processes are not fully supported (the process will be sensitive to all bits in 'selected_base[63:0]').
rtl/axi/memory/vit_phase_e_axi_mem_adapter.sv:343: sorry: constant selects in always_* processes are not fully supported (the process will be sensitive to all bits in 'physical_address_wide[64:0]').
rtl/axi/memory/vit_phase_e_axi_mem_adapter.sv:344: sorry: constant selects in always_* processes are not fully supported (the process will be sensitive to all bits in 'physical_address_wide[64:0]').
rtl/axi/memory/vit_phase_e_axi_mem_adapter.sv:365: sorry: constant selects in always_* processes are not fully supported (the process will be sensitive to all bits in 'request_words_remaining[32:0]').
rtl/axi/memory/vit_phase_e_axi_mem_adapter.sv:370: sorry: constant selects in always_* processes are not fully supported (the process will be sensitive to all bits in 'clamped_contiguous_words[6:0]').
rtl/axi/memory/vit_phase_e_axi_mem_adapter.sv:372: sorry: constant selects in always_* processes are not fully supported (the process will be sensitive to all bits in 'physical_address_wide[64:0]').
rtl/axi/memory/vit_phase_e_axi_mem_adapter.sv:379: sorry: constant selects in always_* processes are not fully supported (the process will be sensitive to all bits in 'planned_wide_beats[4:0]').
rtl/axi/memory/vit_phase_e_axi_mem_adapter.sv:381: sorry: constant selects in always_* processes are not fully supported (the process will be sensitive to all bits in 'first_page_beats[8:0]').
rtl/axi/memory/vit_phase_e_axi_mem_adapter.sv:388: sorry: constant selects in always_* processes are not fully supported (the process will be sensitive to all bits in 'planned_second_address_wide[64:0]').
rtl/axi/memory/vit_phase_e_axi_mem_adapter.sv:396: sorry: constant selects in always_* processes are not fully supported (the process will be sensitive to all bits in 'planned_wide_beats[4:0]').
rtl/axi/memory/vit_phase_e_axi_mem_adapter.sv:400: sorry: constant selects in always_* processes are not fully supported (the process will be sensitive to all bits in 'second_page_beats[8:0]').
rtl/axi/memory/vit_phase_e_axi_mem_adapter.sv:411: sorry: constant selects in always_* processes are not fully supported (the process will be sensitive to all bits in 'planned_end_address_wide[64:0]').
rtl/axi/memory/vit_phase_e_axi_mem_adapter.sv:425: sorry: constant selects in always_* processes are not fully supported (the process will be sensitive to all bits in 'physical_address_wide[64:0]').
rtl/axi/memory/vit_phase_e_axi_mem_adapter.sv:431: sorry: constant selects in always_* processes are not fully supported (the process will be sensitive to all bits in 'line_hit_delta[31:0]').
rtl/axi/vit_phase_e_axi_wrapper.sv:424: sorry: constant selects in always_* processes are not fully supported (the process will be sensitive to all bits in 'job_config[31:0]').
rtl/axi/vit_phase_e_axi_wrapper.sv:425: sorry: constant selects in always_* processes are not fully supported (the process will be sensitive to all bits in 'job_config[31:0]').
rtl/axi/vit_phase_e_axi_wrapper.sv:426: sorry: constant selects in always_* processes are not fully supported (the process will be sensitive to all bits in 'job_config[31:0]').
rtl/axi/vit_phase_e_axi_wrapper.sv:427: sorry: constant selects in always_* processes are not fully supported (the process will be sensitive to all bits in 'job_config[31:0]').
rtl/axi/vit_phase_e_axi_wrapper.sv:428: sorry: constant selects in always_* processes are not fully supported (the process will be sensitive to all bits in 'job_config[31:0]').
rtl/axi/vit_phase_e_axi_wrapper.sv:429: sorry: constant selects in always_* processes are not fully supported (the process will be sensitive to all bits in 'job_config[31:0]').
rtl/axi/vit_phase_e_axi_wrapper.sv:430: sorry: constant selects in always_* processes are not fully supported (the process will be sensitive to all bits in 'execution_mode[31:0]').
rtl/axi/vit_phase_e_axi_wrapper.sv:431: sorry: constant selects in always_* processes are not fully supported (the process will be sensitive to all bits in 'execution_mode[31:0]').
rtl/axi/vit_phase_e_axi_wrapper.sv:433: sorry: constant selects in always_* processes are not fully supported (the process will be sensitive to all bits in 'execution_mode[31:0]').
rtl/axi/vit_phase_e_axi_wrapper.sv:433: sorry: constant selects in always_* processes are not fully supported (the process will be sensitive to all bits in 'execution_mode[31:0]').
rtl/axi/vit_phase_e_axi_wrapper.sv:440: sorry: constant selects in always_* processes are not fully supported (the process will be sensitive to all bits in 'global_params_active_flat[255:0]').
rtl/axi/vit_phase_e_axi_wrapper.sv:442: sorry: constant selects in always_* processes are not fully supported (the process will be sensitive to all bits in 'global_params_active_flat[255:0]').
rtl/axi/vit_phase_e_axi_wrapper.sv:444: sorry: constant selects in always_* processes are not fully supported (the process will be sensitive to all bits in 'global_params_active_flat[255:0]').
rtl/axi/vit_phase_e_axi_wrapper.sv:446: sorry: constant selects in always_* processes are not fully supported (the process will be sensitive to all bits in 'global_params_active_flat[255:0]').
rtl/axi/vit_phase_e_axi_wrapper.sv:448: sorry: constant selects in always_* processes are not fully supported (the process will be sensitive to all bits in 'global_params_active_flat[255:0]').
rtl/axi/vit_phase_e_axi_wrapper.sv:450: sorry: constant selects in always_* processes are not fully supported (the process will be sensitive to all bits in 'global_params_active_flat[255:0]').
rtl/axi/vit_phase_e_axi_wrapper.sv:452: sorry: constant selects in always_* processes are not fully supported (the process will be sensitive to all bits in 'global_params_active_flat[255:0]').
rtl/axi/vit_phase_e_axi_wrapper.sv:454: sorry: constant selects in always_* processes are not fully supported (the process will be sensitive to all bits in 'global_params_active_flat[255:0]').
