/home/s23520579/Vivado_project/vit_m8_db4e84bbe7b2_workspace/vivado_server_307_perf_v1_m8_nongemm_nodsp_2023_2/rtl/leaf/fp32/vit_fp32_recip_u32_serial.sv:70: sorry: constant selects in always_* processes are not fully supported (the process will be sensitive to all bits in 'quotient[63:0]').
/home/s23520579/Vivado_project/vit_m8_db4e84bbe7b2_workspace/vivado_server_307_perf_v1_m8_nongemm_nodsp_2023_2/rtl/leaf/fp32/vit_fp32_recip_u32_serial.sv:76: sorry: constant selects in always_* processes are not fully supported (the process will be sensitive to all bits in 'rounded_quotient[63:0]').
/home/s23520579/Vivado_project/vit_m8_db4e84bbe7b2_workspace/vivado_server_307_perf_v1_m8_nongemm_nodsp_2023_2/sim/m8/reference/vit_layernorm_engine_fp32_parent_v1_12.sv:227: sorry: constant selects in always_* processes are not fully supported (the process will be sensitive to all bits in 'token_mean[31:0]').
/home/s23520579/Vivado_project/vit_m8_db4e84bbe7b2_workspace/vivado_server_307_perf_v1_m8_nongemm_nodsp_2023_2/sim/m8/reference/vit_layernorm_engine_fp32_parent_v1_12.sv:228: sorry: constant selects in always_* processes are not fully supported (the process will be sensitive to all bits in 'token_mean[31:0]').
/home/s23520579/Vivado_project/vit_m8_db4e84bbe7b2_workspace/vivado_server_307_perf_v1_m8_nongemm_nodsp_2023_2/sim/m8/reference/vit_layernorm_engine_fp32_parent_v1_12.sv:227: sorry: constant selects in always_* processes are not fully supported (the process will be sensitive to all bits in 'token_mean[31:0]').
/home/s23520579/Vivado_project/vit_m8_db4e84bbe7b2_workspace/vivado_server_307_perf_v1_m8_nongemm_nodsp_2023_2/sim/m8/reference/vit_layernorm_engine_fp32_parent_v1_12.sv:228: sorry: constant selects in always_* processes are not fully supported (the process will be sensitive to all bits in 'token_mean[31:0]').
/home/s23520579/Vivado_project/vit_m8_db4e84bbe7b2_workspace/vivado_server_307_perf_v1_m8_nongemm_nodsp_2023_2/sim/m8/reference/vit_layernorm_engine_fp32_parent_v1_12.sv:270: sorry: constant selects in always_* processes are not fully supported (the process will be sensitive to all bits in 'rsqrt_scaled_product[31:0]').
/home/s23520579/Vivado_project/vit_m8_db4e84bbe7b2_workspace/vivado_server_307_perf_v1_m8_nongemm_nodsp_2023_2/sim/m8/reference/vit_layernorm_engine_fp32_parent_v1_12.sv:271: sorry: constant selects in always_* processes are not fully supported (the process will be sensitive to all bits in 'rsqrt_scaled_product[31:0]').
/home/s23520579/Vivado_project/vit_m8_db4e84bbe7b2_workspace/vivado_server_307_perf_v1_m8_nongemm_nodsp_2023_2/sim/layernorm/tb_vit_layernorm_engine_fp32_m8_ab.sv:403: warning: System task ($fatal) cannot be synthesized in an always_ff process.
/home/s23520579/Vivado_project/vit_m8_db4e84bbe7b2_workspace/vivado_server_307_perf_v1_m8_nongemm_nodsp_2023_2/sim/layernorm/tb_vit_layernorm_engine_fp32_m8_ab.sv:435: warning: System task ($fatal) cannot be synthesized in an always_ff process.
/home/s23520579/Vivado_project/vit_m8_db4e84bbe7b2_workspace/vivado_server_307_perf_v1_m8_nongemm_nodsp_2023_2/sim/layernorm/tb_vit_layernorm_engine_fp32_m8_ab.sv:447: warning: System task ($fatal) cannot be synthesized in an always_ff process.
/home/s23520579/Vivado_project/vit_m8_db4e84bbe7b2_workspace/vivado_server_307_perf_v1_m8_nongemm_nodsp_2023_2/sim/layernorm/tb_vit_layernorm_engine_fp32_m8_ab.sv:463: warning: System task ($fatal) cannot be synthesized in an always_ff process.
/home/s23520579/Vivado_project/vit_m8_db4e84bbe7b2_workspace/vivado_server_307_perf_v1_m8_nongemm_nodsp_2023_2/sim/layernorm/tb_vit_layernorm_engine_fp32_m8_ab.sv:466: warning: System task ($fwrite) cannot be synthesized in an always_ff process.
/home/s23520579/Vivado_project/vit_m8_db4e84bbe7b2_workspace/vivado_server_307_perf_v1_m8_nongemm_nodsp_2023_2/rtl/leaf/fp32/vit_fp32_recip_u32_serial.sv:70: sorry: constant selects in always_* processes are not fully supported (the process will be sensitive to all bits in 'quotient[63:0]').
/home/s23520579/Vivado_project/vit_m8_db4e84bbe7b2_workspace/vivado_server_307_perf_v1_m8_nongemm_nodsp_2023_2/rtl/leaf/fp32/vit_fp32_recip_u32_serial.sv:76: sorry: constant selects in always_* processes are not fully supported (the process will be sensitive to all bits in 'rounded_quotient[63:0]').
/home/s23520579/Vivado_project/vit_m8_db4e84bbe7b2_workspace/vivado_server_307_perf_v1_m8_nongemm_nodsp_2023_2/rtl/blocks/layernorm/vit_layernorm_engine_fp32.sv:332: sorry: constant selects in always_* processes are not fully supported (the process will be sensitive to all bits in 'token_mean[31:0]').
/home/s23520579/Vivado_project/vit_m8_db4e84bbe7b2_workspace/vivado_server_307_perf_v1_m8_nongemm_nodsp_2023_2/rtl/blocks/layernorm/vit_layernorm_engine_fp32.sv:333: sorry: constant selects in always_* processes are not fully supported (the process will be sensitive to all bits in 'token_mean[31:0]').
/home/s23520579/Vivado_project/vit_m8_db4e84bbe7b2_workspace/vivado_server_307_perf_v1_m8_nongemm_nodsp_2023_2/rtl/blocks/layernorm/vit_layernorm_engine_fp32.sv:332: sorry: constant selects in always_* processes are not fully supported (the process will be sensitive to all bits in 'token_mean[31:0]').
/home/s23520579/Vivado_project/vit_m8_db4e84bbe7b2_workspace/vivado_server_307_perf_v1_m8_nongemm_nodsp_2023_2/rtl/blocks/layernorm/vit_layernorm_engine_fp32.sv:333: sorry: constant selects in always_* processes are not fully supported (the process will be sensitive to all bits in 'token_mean[31:0]').
/home/s23520579/Vivado_project/vit_m8_db4e84bbe7b2_workspace/vivado_server_307_perf_v1_m8_nongemm_nodsp_2023_2/rtl/blocks/layernorm/vit_layernorm_engine_fp32.sv:375: sorry: constant selects in always_* processes are not fully supported (the process will be sensitive to all bits in 'rsqrt_scaled_product[31:0]').
/home/s23520579/Vivado_project/vit_m8_db4e84bbe7b2_workspace/vivado_server_307_perf_v1_m8_nongemm_nodsp_2023_2/rtl/blocks/layernorm/vit_layernorm_engine_fp32.sv:376: sorry: constant selects in always_* processes are not fully supported (the process will be sensitive to all bits in 'rsqrt_scaled_product[31:0]').
/home/s23520579/Vivado_project/vit_m8_db4e84bbe7b2_workspace/vivado_server_307_perf_v1_m8_nongemm_nodsp_2023_2/sim/layernorm/tb_vit_layernorm_engine_fp32_m8_ab.sv:403: warning: System task ($fatal) cannot be synthesized in an always_ff process.
/home/s23520579/Vivado_project/vit_m8_db4e84bbe7b2_workspace/vivado_server_307_perf_v1_m8_nongemm_nodsp_2023_2/sim/layernorm/tb_vit_layernorm_engine_fp32_m8_ab.sv:435: warning: System task ($fatal) cannot be synthesized in an always_ff process.
/home/s23520579/Vivado_project/vit_m8_db4e84bbe7b2_workspace/vivado_server_307_perf_v1_m8_nongemm_nodsp_2023_2/sim/layernorm/tb_vit_layernorm_engine_fp32_m8_ab.sv:447: warning: System task ($fatal) cannot be synthesized in an always_ff process.
/home/s23520579/Vivado_project/vit_m8_db4e84bbe7b2_workspace/vivado_server_307_perf_v1_m8_nongemm_nodsp_2023_2/sim/layernorm/tb_vit_layernorm_engine_fp32_m8_ab.sv:463: warning: System task ($fatal) cannot be synthesized in an always_ff process.
/home/s23520579/Vivado_project/vit_m8_db4e84bbe7b2_workspace/vivado_server_307_perf_v1_m8_nongemm_nodsp_2023_2/sim/layernorm/tb_vit_layernorm_engine_fp32_m8_ab.sv:466: warning: System task ($fwrite) cannot be synthesized in an always_ff process.
M8_LN_RESET_ABORT_PASS implementation=M7_PARENT_V1_12
M8_LN_CASE_PASS implementation=M7_PARENT_V1_12 name=h1_t2 tokens=2 hidden=1 cycles=169 packets=2/2/2 word_reads=10 in_place=0 backpressure=0
M8_LN_CASE_PASS implementation=M7_PARENT_V1_12 name=h16_t2_special tokens=2 hidden=16 cycles=1189 packets=32/32/32 word_reads=160 in_place=0 backpressure=1
M8_LN_CASE_PASS implementation=M7_PARENT_V1_12 name=h16_t2_in_place_alias tokens=2 hidden=16 cycles=1206 packets=32/32/32 word_reads=160 in_place=1 backpressure=1
M8_LN_CASE_PASS implementation=M7_PARENT_V1_12 name=h768_t2 tokens=2 hidden=768 cycles=53098 packets=1536/1536/1536 word_reads=7680 in_place=0 backpressure=1
M8_LN_CASE_PASS implementation=M7_PARENT_V1_12 name=h1024_t2_boundary tokens=2 hidden=1024 cycles=70764 packets=2048/2048/2048 word_reads=10240 in_place=0 backpressure=1
M8_LN_CASE_PASS implementation=M7_PARENT_V1_12 name=h1025_t2_fallback tokens=2 hidden=1025 cycles=70830 packets=2050/2050/2050 word_reads=10250 in_place=0 backpressure=1
M8_LN_CASE_PASS implementation=M7_PARENT_V1_12 name=h3072_t1_fallback tokens=1 hidden=3072 cycles=106080 packets=3072/3072/3072 word_reads=15360 in_place=0 backpressure=1
M8_LN_CASE_PASS implementation=M7_PARENT_V1_12 name=production_h768_t197 tokens=197 hidden=768 cycles=5222548 packets=151296/151296/151296 word_reads=756480 in_place=0 backpressure=1
M8_LAYERNORM_AB_SIM_PASS implementation=M7_PARENT_V1_12
/home/s23520579/Vivado_project/vit_m8_db4e84bbe7b2_workspace/vivado_server_307_perf_v1_m8_nongemm_nodsp_2023_2/sim/layernorm/tb_vit_layernorm_engine_fp32_m8_ab.sv:517: $finish called at 55260630000 (1ps)
M8_LN_RESET_ABORT_PASS implementation=M8_LN_BUFFERED
M8_LN_CASE_PASS implementation=M8_LN_BUFFERED name=h1_t2 tokens=2 hidden=1 cycles=152 packets=2/0/1 word_reads=5 in_place=0 backpressure=0
M8_LN_CASE_PASS implementation=M8_LN_BUFFERED name=h16_t2_special tokens=2 hidden=16 cycles=888 packets=32/0/16 word_reads=80 in_place=0 backpressure=1
M8_LN_CASE_PASS implementation=M8_LN_BUFFERED name=h16_t2_in_place_alias tokens=2 hidden=16 cycles=903 packets=32/0/16 word_reads=80 in_place=1 backpressure=1
M8_LN_CASE_PASS implementation=M8_LN_BUFFERED name=h768_t2 tokens=2 hidden=768 cycles=38383 packets=1536/0/768 word_reads=3840 in_place=0 backpressure=1
M8_LN_CASE_PASS implementation=M8_LN_BUFFERED name=h1024_t2_boundary tokens=2 hidden=1024 cycles=51140 packets=2048/0/1024 word_reads=5120 in_place=0 backpressure=1
M8_LN_CASE_PASS implementation=M8_LN_BUFFERED name=h1025_t2_fallback tokens=2 hidden=1025 cycles=70830 packets=2050/2050/2050 word_reads=10250 in_place=0 backpressure=1
M8_LN_CASE_PASS implementation=M8_LN_BUFFERED name=h3072_t1_fallback tokens=1 hidden=3072 cycles=106080 packets=3072/3072/3072 word_reads=15360 in_place=0 backpressure=1
M8_LN_CASE_PASS implementation=M8_LN_BUFFERED name=production_h768_t197 tokens=197 hidden=768 cycles=3087143 packets=151296/0/768 word_reads=153600 in_place=0 backpressure=1
M8_LAYERNORM_AB_SIM_PASS implementation=M8_LN_BUFFERED
/home/s23520579/Vivado_project/vit_m8_db4e84bbe7b2_workspace/vivado_server_307_perf_v1_m8_nongemm_nodsp_2023_2/sim/layernorm/tb_vit_layernorm_engine_fp32_m8_ab.sv:517: $finish called at 33556980000 (1ps)
M8_LAYERNORM_EXACT_PARENT_AB_PASS trace_sha256=c5dd3e8a10adf71eefe7048ccc943d32228360727d2650728a20ad8338ad0c30 trace_lines=160068 parent_cycles=5222548 candidate_cycles=3087143 parent_word_reads=756480 candidate_word_reads=153600 output_dir=/home/s23520579/Vivado_project/vit_m8_db4e84bbe7b2_workspace/vivado_server_307_perf_v1_m8_nongemm_nodsp_2023_2/reports/m8/server_runs/20260808T170200Z-m8-sim-observation-selfcontained/layernorm_ab_artifacts
