make: Entering directory '/tmp/vit_m8_softmax_exact_ab.A5jJ2O/M7_PARENT_V1_12'
g++ -Os  -I.  -MMD -I/usr/share/verilator/include -I/usr/share/verilator/include/vltstd -DVM_COVERAGE=0 -DVM_SC=0 -DVM_TRACE=0 -DVM_TRACE_FST=0 -DVM_TRACE_VCD=0 -faligned-new -fcf-protection=none -Wno-bool-operation -Wno-overloaded-virtual -Wno-shadow -Wno-sign-compare -Wno-uninitialized -Wno-unused-but-set-parameter -Wno-unused-but-set-variable -Wno-unused-parameter -Wno-unused-variable     -DVL_TIME_CONTEXT   -fcoroutines -c -o verilated.o /usr/share/verilator/include/verilated.cpp
g++ -Os  -I.  -MMD -I/usr/share/verilator/include -I/usr/share/verilator/include/vltstd -DVM_COVERAGE=0 -DVM_SC=0 -DVM_TRACE=0 -DVM_TRACE_FST=0 -DVM_TRACE_VCD=0 -faligned-new -fcf-protection=none -Wno-bool-operation -Wno-overloaded-virtual -Wno-shadow -Wno-sign-compare -Wno-uninitialized -Wno-unused-but-set-parameter -Wno-unused-but-set-variable -Wno-unused-parameter -Wno-unused-variable     -DVL_TIME_CONTEXT   -fcoroutines -c -o verilated_timing.o /usr/share/verilator/include/verilated_timing.cpp
g++ -Os  -I.  -MMD -I/usr/share/verilator/include -I/usr/share/verilator/include/vltstd -DVM_COVERAGE=0 -DVM_SC=0 -DVM_TRACE=0 -DVM_TRACE_FST=0 -DVM_TRACE_VCD=0 -faligned-new -fcf-protection=none -Wno-bool-operation -Wno-overloaded-virtual -Wno-shadow -Wno-sign-compare -Wno-uninitialized -Wno-unused-but-set-parameter -Wno-unused-but-set-variable -Wno-unused-parameter -Wno-unused-variable     -DVL_TIME_CONTEXT   -fcoroutines -c -o verilated_threads.o /usr/share/verilator/include/verilated_threads.cpp
/usr/bin/python3 /usr/share/verilator/bin/verilator_includer -DVL_INCLUDE_OPT=include Vtb_vit_softmax_engine_fp32_exact_parent.cpp Vtb_vit_softmax_engine_fp32_exact_parent___024root__DepSet_h5ecb9679__0.cpp Vtb_vit_softmax_engine_fp32_exact_parent___024root__DepSet_hf2c8adc2__0.cpp Vtb_vit_softmax_engine_fp32_exact_parent__main.cpp Vtb_vit_softmax_engine_fp32_exact_parent__ConstPool_0.cpp Vtb_vit_softmax_engine_fp32_exact_parent___024root__Slow.cpp Vtb_vit_softmax_engine_fp32_exact_parent___024root__DepSet_h5ecb9679__0__Slow.cpp Vtb_vit_softmax_engine_fp32_exact_parent___024root__DepSet_hf2c8adc2__0__Slow.cpp Vtb_vit_softmax_engine_fp32_exact_parent__Syms.cpp > Vtb_vit_softmax_engine_fp32_exact_parent__ALL.cpp
g++ -Os  -I.  -MMD -I/usr/share/verilator/include -I/usr/share/verilator/include/vltstd -DVM_COVERAGE=0 -DVM_SC=0 -DVM_TRACE=0 -DVM_TRACE_FST=0 -DVM_TRACE_VCD=0 -faligned-new -fcf-protection=none -Wno-bool-operation -Wno-overloaded-virtual -Wno-shadow -Wno-sign-compare -Wno-uninitialized -Wno-unused-but-set-parameter -Wno-unused-but-set-variable -Wno-unused-parameter -Wno-unused-variable     -DVL_TIME_CONTEXT   -fcoroutines -c -o Vtb_vit_softmax_engine_fp32_exact_parent__ALL.o Vtb_vit_softmax_engine_fp32_exact_parent__ALL.cpp
echo "" > Vtb_vit_softmax_engine_fp32_exact_parent__ALL.verilator_deplist.tmp
Archive ar -rcs Vtb_vit_softmax_engine_fp32_exact_parent__ALL.a Vtb_vit_softmax_engine_fp32_exact_parent__ALL.o
g++     verilated.o verilated_timing.o verilated_threads.o Vtb_vit_softmax_engine_fp32_exact_parent__ALL.a    -pthread -lpthread -latomic   -o Vtb_vit_softmax_engine_fp32_exact_parent
rm Vtb_vit_softmax_engine_fp32_exact_parent__ALL.verilator_deplist.tmp
make: Leaving directory '/tmp/vit_m8_softmax_exact_ab.A5jJ2O/M7_PARENT_V1_12'
SOFTMAX_EXACT_AB_CASE_PASS implementation=M7_PARENT_V1_12 name=length_1 rows=3 length=1 cycles=109 reads=9 reset=0 input_stalls=1 output_stalls=1
SOFTMAX_EXACT_AB_CASE_PASS implementation=M7_PARENT_V1_12 name=attention_197 rows=2 length=197 cycles=20880 reads=1182 reset=0 input_stalls=1 output_stalls=1
SOFTMAX_EXACT_AB_CASE_PASS implementation=M7_PARENT_V1_12 name=classifier_1000 rows=1 length=1000 cycles=52681 reads=3000 reset=0 input_stalls=1 output_stalls=0
SOFTMAX_EXACT_AB_CASE_PASS implementation=M7_PARENT_V1_12 name=boundary_1024 rows=1 length=1024 cycles=53139 reads=3072 reset=0 input_stalls=0 output_stalls=1
SOFTMAX_EXACT_AB_CASE_PASS implementation=M7_PARENT_V1_12 name=fallback_1025 rows=1 length=1025 cycles=54346 reads=3075 reset=0 input_stalls=1 output_stalls=1
SOFTMAX_EXACT_AB_CASE_PASS implementation=M7_PARENT_V1_12 name=fallback_1537 rows=1 length=1537 cycles=80932 reads=4611 reset=0 input_stalls=1 output_stalls=0
SOFTMAX_EXACT_AB_CASE_PASS implementation=M7_PARENT_V1_12 name=special_fp rows=4 length=8 cycles=1123 reads=96 reset=0 input_stalls=1 output_stalls=1
SOFTMAX_EXACT_AB_CASE_PASS implementation=M7_PARENT_V1_12 name=reset_restart_197 rows=1 length=197 cycles=10504 reads=591 reset=1 input_stalls=1 output_stalls=1
SOFTMAX_EXACT_AB_INVALID_CONFIG_PASS
SOFTMAX_EXACT_PARENT_HARNESS_PASS implementation=M7_PARENT_V1_12
- sim/softmax/tb_vit_softmax_engine_fp32_exact_parent.sv:480: Verilog $finish
make: Entering directory '/tmp/vit_m8_softmax_exact_ab.A5jJ2O/M8_CANDIDATE'
g++ -Os  -I.  -MMD -I/usr/share/verilator/include -I/usr/share/verilator/include/vltstd -DVM_COVERAGE=0 -DVM_SC=0 -DVM_TRACE=0 -DVM_TRACE_FST=0 -DVM_TRACE_VCD=0 -faligned-new -fcf-protection=none -Wno-bool-operation -Wno-overloaded-virtual -Wno-shadow -Wno-sign-compare -Wno-uninitialized -Wno-unused-but-set-parameter -Wno-unused-but-set-variable -Wno-unused-parameter -Wno-unused-variable     -DVL_TIME_CONTEXT   -fcoroutines -c -o verilated.o /usr/share/verilator/include/verilated.cpp
g++ -Os  -I.  -MMD -I/usr/share/verilator/include -I/usr/share/verilator/include/vltstd -DVM_COVERAGE=0 -DVM_SC=0 -DVM_TRACE=0 -DVM_TRACE_FST=0 -DVM_TRACE_VCD=0 -faligned-new -fcf-protection=none -Wno-bool-operation -Wno-overloaded-virtual -Wno-shadow -Wno-sign-compare -Wno-uninitialized -Wno-unused-but-set-parameter -Wno-unused-but-set-variable -Wno-unused-parameter -Wno-unused-variable     -DVL_TIME_CONTEXT   -fcoroutines -c -o verilated_timing.o /usr/share/verilator/include/verilated_timing.cpp
g++ -Os  -I.  -MMD -I/usr/share/verilator/include -I/usr/share/verilator/include/vltstd -DVM_COVERAGE=0 -DVM_SC=0 -DVM_TRACE=0 -DVM_TRACE_FST=0 -DVM_TRACE_VCD=0 -faligned-new -fcf-protection=none -Wno-bool-operation -Wno-overloaded-virtual -Wno-shadow -Wno-sign-compare -Wno-uninitialized -Wno-unused-but-set-parameter -Wno-unused-but-set-variable -Wno-unused-parameter -Wno-unused-variable     -DVL_TIME_CONTEXT   -fcoroutines -c -o verilated_threads.o /usr/share/verilator/include/verilated_threads.cpp
/usr/bin/python3 /usr/share/verilator/bin/verilator_includer -DVL_INCLUDE_OPT=include Vtb_vit_softmax_engine_fp32_exact_parent.cpp Vtb_vit_softmax_engine_fp32_exact_parent___024root__DepSet_h5ecb9679__0.cpp Vtb_vit_softmax_engine_fp32_exact_parent___024root__DepSet_hf2c8adc2__0.cpp Vtb_vit_softmax_engine_fp32_exact_parent__main.cpp Vtb_vit_softmax_engine_fp32_exact_parent__ConstPool_0.cpp Vtb_vit_softmax_engine_fp32_exact_parent___024root__Slow.cpp Vtb_vit_softmax_engine_fp32_exact_parent___024root__DepSet_h5ecb9679__0__Slow.cpp Vtb_vit_softmax_engine_fp32_exact_parent___024root__DepSet_hf2c8adc2__0__Slow.cpp Vtb_vit_softmax_engine_fp32_exact_parent__Syms.cpp > Vtb_vit_softmax_engine_fp32_exact_parent__ALL.cpp
g++ -Os  -I.  -MMD -I/usr/share/verilator/include -I/usr/share/verilator/include/vltstd -DVM_COVERAGE=0 -DVM_SC=0 -DVM_TRACE=0 -DVM_TRACE_FST=0 -DVM_TRACE_VCD=0 -faligned-new -fcf-protection=none -Wno-bool-operation -Wno-overloaded-virtual -Wno-shadow -Wno-sign-compare -Wno-uninitialized -Wno-unused-but-set-parameter -Wno-unused-but-set-variable -Wno-unused-parameter -Wno-unused-variable     -DVL_TIME_CONTEXT   -fcoroutines -c -o Vtb_vit_softmax_engine_fp32_exact_parent__ALL.o Vtb_vit_softmax_engine_fp32_exact_parent__ALL.cpp
echo "" > Vtb_vit_softmax_engine_fp32_exact_parent__ALL.verilator_deplist.tmp
Archive ar -rcs Vtb_vit_softmax_engine_fp32_exact_parent__ALL.a Vtb_vit_softmax_engine_fp32_exact_parent__ALL.o
g++     verilated.o verilated_timing.o verilated_threads.o Vtb_vit_softmax_engine_fp32_exact_parent__ALL.a    -pthread -lpthread -latomic   -o Vtb_vit_softmax_engine_fp32_exact_parent
rm Vtb_vit_softmax_engine_fp32_exact_parent__ALL.verilator_deplist.tmp
make: Leaving directory '/tmp/vit_m8_softmax_exact_ab.A5jJ2O/M8_CANDIDATE'
SOFTMAX_EXACT_AB_CASE_PASS implementation=M8_CANDIDATE name=length_1 rows=3 length=1 cycles=101 reads=3 reset=0 input_stalls=1 output_stalls=1
SOFTMAX_EXACT_AB_CASE_PASS implementation=M8_CANDIDATE name=attention_197 rows=2 length=197 cycles=11568 reads=394 reset=0 input_stalls=1 output_stalls=1
SOFTMAX_EXACT_AB_CASE_PASS implementation=M8_CANDIDATE name=classifier_1000 rows=1 length=1000 cycles=29114 reads=1000 reset=0 input_stalls=1 output_stalls=0
SOFTMAX_EXACT_AB_CASE_PASS implementation=M8_CANDIDATE name=boundary_1024 rows=1 length=1024 cycles=29763 reads=1024 reset=0 input_stalls=0 output_stalls=1
SOFTMAX_EXACT_AB_CASE_PASS implementation=M8_CANDIDATE name=fallback_1025 rows=1 length=1025 cycles=54346 reads=3075 reset=0 input_stalls=1 output_stalls=1
SOFTMAX_EXACT_AB_CASE_PASS implementation=M8_CANDIDATE name=fallback_1537 rows=1 length=1537 cycles=80932 reads=4611 reset=0 input_stalls=1 output_stalls=0
SOFTMAX_EXACT_AB_CASE_PASS implementation=M8_CANDIDATE name=special_fp rows=4 length=8 cycles=699 reads=32 reset=0 input_stalls=1 output_stalls=1
SOFTMAX_EXACT_AB_CASE_PASS implementation=M8_CANDIDATE name=reset_restart_197 rows=1 length=197 cycles=5824 reads=197 reset=1 input_stalls=1 output_stalls=1
SOFTMAX_EXACT_AB_INVALID_CONFIG_PASS
SOFTMAX_EXACT_PARENT_HARNESS_PASS implementation=M8_CANDIDATE
- sim/softmax/tb_vit_softmax_engine_fp32_exact_parent.sv:480: Verilog $finish
SOFTMAX_EXACT_PARENT_AB_PASS parent_sha=4613263dd791c1d1a2e00a9ce6001b5c7ebc5ce36882c33bbd6aef06de5593da candidate_sha=9ddbb13b65f53be82a3bde83f572e1124fe9333b557582b7f60d2d8b8d7b1ec9 signature_sha=88834b7b564fe96680c35af1b8a880acc1844f06257168a8dee15d02d62229c9 signature_rows=5212
