Vivado Simulator v2023.2
Copyright 1986-2022 Xilinx, Inc. All Rights Reserved.
Copyright 2022-2023 Advanced Micro Devices, Inc. All Rights Reserved.
Running: /data/tools/Xilinx/Vivado/2023.2/bin/unwrapped/lnx64.o/xelab --debug off --mt 2 --generic_top DUT_EXECUTION_MODE=0 tb_vit_phase_e_axi_e05_compact_rtl -s tb_vit_phase_e_axi_e05_compact_rtl_mode0_snapshot 
Using 2 slave threads.
Starting static elaboration
Pass Through NonSizing Optimizer
Completed static elaboration
Starting simulation data flow analysis
Completed simulation data flow analysis
Time Resolution for simulation is 1ps
Compiling package work.vit_phase_e_pkg
Compiling module work.vit_phase_e_perf_counters
Compiling module work.vit_phase_e_profile_counters_def...
Compiling module work.vit_phase_e_m5_axi_counters
Compiling module work.vit_phase_e_m7_overlap_counters(...
Compiling module work.vit_axi_lite_control_regs
Compiling module work.vit_layer_param_table
Compiling module work.vit_layer_param_loader
Compiling module work.vit_phase_e_sequencer(E04_TOKEN_...
Compiling module work.vit_fp32_mul_comb_nodsp
Compiling module work.vit_fp32_add_comb
Compiling module work.vit_phase_e_command_controller
Compiling module work.vit_phase_e_engine_dispatch(ARRA...
Compiling module work.vit_gemm_activation_panel_cache(...
Compiling module work.vit_gemm_bias_cache_default
Compiling module work.vit_gemm_memory_address_context(...
Compiling module work.vit_phase_e_read_address_router(...
Compiling module work.vit_phase_e_write_address_router...
Compiling module work.vit_phase_e_memory_frontend(ARRA...
Compiling module work.vit_gemm_result_fifo_default
Compiling module work.vit_gemm_operand_router(ARRAY_RO...
Compiling module work.vit_fp32_to_fp16_rne_gradual
Compiling module work.vit_fp16_mul_to_fp32_comb_nodsp
Compiling module work.vit_fp32_product_to_fixed_exact(...
Compiling module work.vit_fixed_analyze(INDEX_WIDTH=7)
Compiling module work.vit_fixed_normalized_to_fp32_rne...
Compiling module work.vit_fp16_dot_stream_csa_nodsp_de...
Compiling module work.vit_gemm_fp16_stream_array(STREA...
Compiling module work.vit_gemm_fp16_parallel_scheduler...
Compiling module work.vit_gemm_dual_mode_array(USE_EXT...
Compiling module work.vit_lane_mask
Compiling module work.vit_vector_engine_fp32(USE_EXTER...
Compiling module work.vit_u32_mul_iterative_nodsp
Compiling module work.vit_layout_descriptor_validator
Compiling module work.vit_layout_address_generator
Compiling module work.vit_layout_engine
Compiling module work.vit_fp32_recip_u32_serial
Compiling module work.vit_layernorm_engine_fp32(USE_EX...
Compiling module work.vit_fp32_compare
Compiling module work.vit_fp32_to_u32_floor_comb
Compiling module work.vit_fp32_from_u32_comb
Compiling module work.vit_fp32_scale_pow2_down_comb
Compiling module work.vit_softmax_engine_fp32(USE_EXTE...
Compiling module work.vit_fp32_gelu_serial(USE_EXTERNA...
Compiling module work.vit_gelu_engine_fp32(USE_EXTERNA...
Compiling module work.vit_argmax_engine_fp32
Compiling module work.vit_phase_e_engine_top(ARRAY_ROW...
Compiling module work.vit_phase_e_npu(ARRAY_ROWS=8,E05...
Compiling module work.vit_phase_e_axi_mem_adapter_defa...
Compiling module work.vit_phase_e_axi_wrapper(ARRAY_RO...
Compiling module work.vit_phase_e_axi_bd_wrapper(E05_P...
Compiling module work.vit_axi_ddr_model_128(SCRATCH_WO...
Compiling module work.tb_vit_phase_e_axi_e05_compact_r...
Built simulation snapshot tb_vit_phase_e_axi_e05_compact_rtl_mode0_snapshot

****** xsim v2023.2 (64-bit)
  **** SW Build 4029153 on Fri Oct 13 20:13:54 MDT 2023
  **** IP Build 4028589 on Sat Oct 14 00:45:43 MDT 2023
  **** SharedData Build 4025554 on Tue Oct 10 17:18:54 MDT 2023
    ** Copyright 1986-2022 Xilinx, Inc. All Rights Reserved.
    ** Copyright 2022-2023 Advanced Micro Devices, Inc. All Rights Reserved.

source xsim.dir/tb_vit_phase_e_axi_e05_compact_rtl_mode0_snapshot/xsim_script.tcl
# xsim {tb_vit_phase_e_axi_e05_compact_rtl_mode0_snapshot} -autoloadwcfg -tclbatch {/tmp/vit_server_xsim.gY0E4B/run_all.tcl}
Time resolution is 1 ps
source /tmp/vit_server_xsim.gY0E4B/run_all.tcl
## run all
VIT_PHASE_E_AXI_E05_COMPACT_RTL_MODE_REJECT_PASS mode=0 checks=36 error=80000003 info=00000000
$finish called at time : 206 ns : File "/home/s23520579/Vivado_project/vit_m8_board_candidate_67c18532_workspace_20260809/vivado_server_307_perf_v1_m8_nongemm_nodsp_2023_2/sim/end_to_end/tb_vit_phase_e_axi_e05_compact_rtl.sv" Line 1182
## quit
INFO: [Common 17-206] Exiting xsim at Sun Aug  9 03:23:33 2026...
