#-----------------------------------------------------------
# Vivado v2023.2 (64-bit)
# SW Build 4029153 on Fri Oct 13 20:13:54 MDT 2023
# IP Build 4028589 on Sat Oct 14 00:45:43 MDT 2023
# SharedData Build 4025554 on Tue Oct 10 17:18:54 MDT 2023
# Start of session at: Thu Aug 27 10:27:53 2026
# Process ID: 1435053
# Current directory: /home/s23520579/Vivado_project/m8_memory_frontend_poc
# Command line: vivado -mode batch -source scripts/run_m7_4b_optimized_regression.tcl -log results/optimized/m7/M7_4B_FULL_REGRESSION/vivado_regression.log -journal results/optimized/m7/M7_4B_FULL_REGRESSION/vivado_regression.jou
# Log file: /home/s23520579/Vivado_project/m8_memory_frontend_poc/results/optimized/m7/M7_4B_FULL_REGRESSION/vivado_regression.log
# Journal file: /home/s23520579/Vivado_project/m8_memory_frontend_poc/results/optimized/m7/M7_4B_FULL_REGRESSION/vivado_regression.jou
# Running On: ubuntu, OS: Linux, CPU Frequency: 2095.077 MHz, CPU Physical cores: 16, Host memory: 270260 MB
#-----------------------------------------------------------
source scripts/run_m7_4b_optimized_regression.tcl
# set ROOT [file normalize \
# "/home/s23520579/Vivado_project/m8_memory_frontend_poc"]
# set XPR "$ROOT/m8_memory_frontend_poc.xpr"
# set RESULT_DIR \
# "$ROOT/results/optimized/m7/M7_4B_FULL_REGRESSION"
# set TB_DIR \
# "$ROOT/tb/optimized_regression"
# set SIMSET sim_1
# set SIM_DIR \
# "$ROOT/m8_memory_frontend_poc.sim/sim_1/behav/xsim"
# set XSIM_BIN \
# [file join [file dirname [info nameofexecutable]] xsim]
# file mkdir $RESULT_DIR
# set tests {
# 
#     {
#         01_layout_read
#         tb_opt_01_layout_read
#         tb_opt_01_layout_read.sv
#         {BASELINE TEST PASS}
#     }
# 
#     {
#         02_layout_write
#         tb_opt_02_layout_write
#         tb_opt_02_layout_write.sv
#         {BASELINE WRITE TEST PASS}
#     }
# 
#     {
#         03_vector_linefill
#         tb_opt_03_vector_linefill
#         tb_opt_03_vector_linefill.sv
#         {VECTOR LINEFILL TEST PASS}
#     }
# 
#     {
#         04_gemm_outstanding2
#         tb_opt_04_gemm_outstanding2
#         tb_opt_04_gemm_outstanding2.sv
#         {GEMM OUTSTANDING=2 TEST PASS}
#     }
# 
#     {
#         05_gemm_packed_cold
#         tb_opt_05_gemm_packed_cold
#         tb_opt_05_gemm_packed_cold.sv
#         {GEMM PACKED COLD PANEL TEST PASS}
#     }
# 
#     {
#         06_gemm_a_cache_reuse
#         tb_opt_06_gemm_a_cache_reuse
#         tb_opt_06_gemm_a_cache_reuse.sv
#         {GEMM PACKED A-CACHE REUSE TEST PASS}
#     }
# 
#     {
#         07_gemm_bias_cache_reuse
#         tb_opt_07_gemm_bias_cache_reuse
#         tb_opt_07_gemm_bias_cache_reuse.sv
#         {GEMM BIAS CACHE COMMIT/REUSE TEST PASS}
#     }
# }
# proc read_file {path} {
#     set fp [open $path r]
#     set txt [read $fp]
#     close $fp
#     return $txt
# }
# proc metric {txt patterns} {
#     foreach p $patterns {
#         if {[regexp -nocase $p $txt -> v]} {
#             return $v
#         }
#     }
#     return ""
# }
# open_project $XPR
INFO: [filemgmt 56-3] Default IP Output Path : Could not find the directory '/home/s23520579/Vivado_project/m8_memory_frontend_poc/m8_memory_frontend_poc.gen/sources_1'.
Scanning sources...
Finished scanning sources
open_project: Time (s): cpu = 00:00:09 ; elapsed = 00:00:09 . Memory (MB): peak = 1330.535 ; gain = 0.027 ; free physical = 208251 ; free virtual = 244052
# foreach test $tests {
# 
#     lassign $test label top_name tb_file pass_marker
# 
#     set path "$TB_DIR/$tb_file"
# 
#     if {![file exists $path]} {
#         puts "ERROR: missing generated TB:"
#         puts $path
#         close_project
#         exit 2
#     }
# 
#     if {[llength [get_files -quiet $path]] == 0} {
#         add_files -fileset $SIMSET -norecurse $path
#     }
# 
#     set_property file_type SystemVerilog \
#         [get_files $path]
# }
# update_compile_order -fileset $SIMSET
# set summary \
# "$RESULT_DIR/optimized_summary.csv"
# set manifest \
# "$RESULT_DIR/optimized_manifest.txt"
# set sf [open $summary w]
# set mf [open $manifest w]
# puts $sf \
# "test,status,xsim_rc,logical_reads,logical_writes,AR,R_beats,AW,W,B_resp,linefill_start,linefill_hits,narrow_R,full_R,max_outstanding,cycles"
# puts $mf "M8 MEMORY FRONTEND POC"
# puts $mf "M7.4B OPTIMIZED REGRESSION"
# puts $mf ""
# puts $mf "Generated: [clock format [clock seconds]]"
# puts $mf "XSim: $XSIM_BIN"
# puts $mf ""
# set pass_count 0
# set fail_count 0
# set total_count [llength $tests]
# puts ""

# puts "============================================================"
============================================================
# puts " M7.4B OPTIMIZED 7-TEST REGRESSION"
 M7.4B OPTIMIZED 7-TEST REGRESSION
# puts "============================================================"
============================================================
# puts "TOTAL = $total_count"
TOTAL = 7
# puts "============================================================"
============================================================
# foreach test $tests {
# 
#     lassign $test label top_name tb_file pass_marker
# 
#     puts ""
#     puts "============================================================"
#     puts "RUNNING : $label"
#     puts "TOP     : $top_name"
#     puts "EXPECT  : $pass_marker"
#     puts "============================================================"
# 
#     catch {close_sim}
# 
#     set_property top $top_name \
#         [get_filesets $SIMSET]
# 
#     update_compile_order -fileset $SIMSET
# 
#     # ------------------------------------------------------------
#     # BUILD / ELABORATE
#     # ------------------------------------------------------------
# 
#     set launch_rc [catch {
# 
#         launch_simulation \
#             -simset $SIMSET \
#             -mode behavioral
# 
#     } launch_msg]
# 
#     if {$launch_rc != 0} {
# 
#         puts "RESULT : FAIL_LAUNCH"
#         puts $launch_msg
# 
#         incr fail_count
# 
#         set lf [open "$RESULT_DIR/${label}.log" w]
#         puts $lf "FAIL_LAUNCH"
#         puts $lf $launch_msg
#         close $lf
# 
#         puts $sf \
# "$label,FAIL_LAUNCH,,,,,,,,,,,,,,"
# 
#         puts $mf "$label = FAIL_LAUNCH"
# 
#         flush $sf
#         flush $mf
# 
#         catch {close_sim}
#         continue
#     }
# 
#     # ------------------------------------------------------------
#     # FIND SNAPSHOT
#     # ------------------------------------------------------------
# 
#     set snapshot "${top_name}_behav"
# 
#     set snapshot_dir \
# "$SIM_DIR/xsim.dir/$snapshot"
# 
#     if {![file exists $snapshot_dir]} {
# 
#         puts "RESULT : FAIL_NO_SNAPSHOT"
# 
#         incr fail_count
# 
#         puts $sf \
# "$label,FAIL_NO_SNAPSHOT,,,,,,,,,,,,,,"
# 
#         puts $mf "$label = FAIL_NO_SNAPSHOT"
# 
#         flush $sf
#         flush $mf
# 
#         catch {close_sim}
#         continue
#     }
# 
#     catch {close_sim}
# 
#     # ------------------------------------------------------------
#     # EXTERNAL XSIM FROM T=0 UNTIL TB $finish/$fatal
#     # ------------------------------------------------------------
# 
#     set test_log \
# "$RESULT_DIR/${label}.log"
# 
#     set shell_cmd \
# "cd '$SIM_DIR' && '$XSIM_BIN' '$snapshot' -runall > '$test_log' 2>&1"
# 
#     puts "EXTERNAL XSIM..."
# 
#     set xsim_rc [catch {
#         exec bash -lc $shell_cmd
#     } xsim_msg]
# 
#     if {![file exists $test_log]} {
# 
#         puts "RESULT : FAIL_NO_LOG"
# 
#         incr fail_count
# 
#         puts $sf \
# "$label,FAIL_NO_LOG,$xsim_rc,,,,,,,,,,,,,"
# 
#         puts $mf "$label = FAIL_NO_LOG"
# 
#         flush $sf
#         flush $mf
#         continue
#     }
# 
#     set txt [read_file $test_log]
# 
#     # ------------------------------------------------------------
#     # PASS MARKER
#     # ------------------------------------------------------------
# 
#     if {[string first $pass_marker $txt] >= 0} {
# 
#         set status PASS
#         incr pass_count
# 
#     } else {
# 
#         set status FAIL
#         incr fail_count
#     }
# 
#     puts "RESULT  : $status"
#     puts "XSIM RC : $xsim_rc"
# 
#     # ------------------------------------------------------------
#     # KPI EXTRACTION
#     # ------------------------------------------------------------
# 
#     set logical_reads [metric $txt {
#         {logical reads\s*=\s*([0-9]+)}
#         {logical read words\s*=\s*([0-9]+)}
#     }]
# 
#     set logical_writes [metric $txt {
#         {logical writes\s*=\s*([0-9]+)}
#         {logical write words\s*=\s*([0-9]+)}
#     }]
# 
#     set ar [metric $txt {
#         {AR handshakes\s*=\s*([0-9]+)}
#     }]
# 
#     set rbeats [metric $txt {
#         {R beat handshakes\s*=\s*([0-9]+)}
#     }]
# 
#     set aw [metric $txt {
#         {AW handshakes\s*=\s*([0-9]+)}
#     }]
# 
#     set w [metric $txt {
#         {W handshakes\s*=\s*([0-9]+)}
#     }]
# 
#     set b [metric $txt {
#         {B (?:resp|response|handshakes)\s*=\s*([0-9]+)}
#     }]
# 
#     set lf_start [metric $txt {
#         {linefill_start\s*=\s*([0-9]+)}
#         {linefill starts\s*=\s*([0-9]+)}
#     }]
# 
#     set lf_hit [metric $txt {
#         {linefill_hits\s*=\s*([0-9]+)}
#         {linefill hits\s*=\s*([0-9]+)}
#     }]
# 
#     set narrow [metric $txt {
#         {narrow R beats\s*=\s*([0-9]+)}
#     }]
# 
#     set full [metric $txt {
#         {full R beats\s*=\s*([0-9]+)}
#     }]
# 
#     set maxout [metric $txt {
#         {max outstanding\s*=\s*([0-9]+)}
#     }]
# 
#     set cycles [metric $txt {
#         {request->data cycles\s*=\s*([0-9]+)}
#         {cycles\s*=\s*([0-9]+)}
#     }]
# 
#     puts $sf \
# "$label,$status,$xsim_rc,$logical_reads,$logical_writes,$ar,$rbeats,$aw,$w,$b,$lf_start,$lf_hit,$narrow,$full,$maxout,$cycles"
# 
#     puts $mf "$label = $status"
# 
#     flush $sf
#     flush $mf
# }

============================================================
RUNNING : 01_layout_read
TOP     : tb_opt_01_layout_read
EXPECT  : BASELINE TEST PASS
============================================================
Command: launch_simulation  -simset sim_1 -mode behavioral
INFO: [Vivado 12-12493] Simulation top is 'tb_opt_01_layout_read'
INFO: [Vivado 12-5682] Launching behavioral simulation in '/home/s23520579/Vivado_project/m8_memory_frontend_poc/m8_memory_frontend_poc.sim/sim_1/behav/xsim'
INFO: [SIM-utils-51] Simulation object is 'sim_1'
INFO: [SIM-utils-72] Using boost library from '/tools/Xilinx/Vivado/2023.2/tps/boost_1_72_0'
INFO: [SIM-utils-54] Inspecting design source files for 'tb_opt_01_layout_read' in fileset 'sim_1'...
INFO: [USF-XSim-97] Finding global include files...
INFO: [USF-XSim-98] Fetching design files from 'sim_1'...
INFO: [USF-XSim-2] XSim::Compile design
INFO: [USF-XSim-61] Executing 'COMPILE and ANALYZE' step in '/home/s23520579/Vivado_project/m8_memory_frontend_poc/m8_memory_frontend_poc.sim/sim_1/behav/xsim'
xvlog --incr --relax -L uvm -prj tb_opt_01_layout_read_vlog.prj
INFO: [VRFC 10-2263] Analyzing SystemVerilog file "/home/s23520579/Vivado_project/m8_memory_frontend_poc/tb/axi_ddr_model.sv" into library xil_defaultlib
INFO: [VRFC 10-311] analyzing module axi_ddr_model
INFO: [VRFC 10-2263] Analyzing SystemVerilog file "/home/s23520579/Vivado_project/m8_memory_frontend_poc/rtl/common/vit_phase_e_pkg.sv" into library xil_defaultlib
INFO: [VRFC 10-2263] Analyzing SystemVerilog file "/home/s23520579/Vivado_project/m8_memory_frontend_poc/rtl/common/vit_gemm_activation_panel_cache.sv" into library xil_defaultlib
INFO: [VRFC 10-311] analyzing module vit_gemm_activation_panel_cache
INFO: [VRFC 10-2263] Analyzing SystemVerilog file "/home/s23520579/Vivado_project/m8_memory_frontend_poc/rtl/common/vit_gemm_bias_cache.sv" into library xil_defaultlib
INFO: [VRFC 10-311] analyzing module vit_gemm_bias_cache
INFO: [VRFC 10-2263] Analyzing SystemVerilog file "/home/s23520579/Vivado_project/m8_memory_frontend_poc/rtl/common/vit_gemm_memory_address_context.sv" into library xil_defaultlib
INFO: [VRFC 10-311] analyzing module vit_gemm_memory_address_context
INFO: [VRFC 10-2263] Analyzing SystemVerilog file "/home/s23520579/Vivado_project/m8_memory_frontend_poc/rtl/optimized/vit_m8_memory_subsystem_optimized.sv" into library xil_defaultlib
INFO: [VRFC 10-311] analyzing module vit_m8_memory_subsystem_optimized
INFO: [VRFC 10-2263] Analyzing SystemVerilog file "/home/s23520579/Vivado_project/m8_memory_frontend_poc/rtl/optimized/vit_phase_e_axi_mem_adapter_optimized.sv" into library xil_defaultlib
INFO: [VRFC 10-311] analyzing module vit_phase_e_axi_mem_adapter_optimized
INFO: [VRFC 10-2263] Analyzing SystemVerilog file "/home/s23520579/Vivado_project/m8_memory_frontend_poc/rtl/optimized/vit_phase_e_memory_frontend_optimized.sv" into library xil_defaultlib
INFO: [VRFC 10-311] analyzing module vit_phase_e_memory_frontend_optimized
INFO: [VRFC 10-2263] Analyzing SystemVerilog file "/home/s23520579/Vivado_project/m8_memory_frontend_poc/rtl/optimized/vit_phase_e_read_address_router_optimized.sv" into library xil_defaultlib
INFO: [VRFC 10-311] analyzing module vit_phase_e_read_address_router_optimized
INFO: [VRFC 10-2263] Analyzing SystemVerilog file "/home/s23520579/Vivado_project/m8_memory_frontend_poc/rtl/common/vit_phase_e_write_address_router.sv" into library xil_defaultlib
INFO: [VRFC 10-311] analyzing module vit_phase_e_write_address_router
INFO: [VRFC 10-2263] Analyzing SystemVerilog file "/home/s23520579/Vivado_project/m8_memory_frontend_poc/tb/optimized_regression/tb_opt_01_layout_read.sv" into library xil_defaultlib
INFO: [VRFC 10-311] analyzing module tb_opt_01_layout_read
INFO: [VRFC 10-2263] Analyzing Verilog file "/home/s23520579/Vivado_project/m8_memory_frontend_poc/m8_memory_frontend_poc.sim/sim_1/behav/xsim/glbl.v" into library xil_defaultlib
INFO: [VRFC 10-311] analyzing module glbl
Waiting for jobs to finish...
No pending jobs, compilation finished.
INFO: [USF-XSim-69] 'compile' step finished in '2' seconds
INFO: [USF-XSim-3] XSim::Elaborate design
INFO: [USF-XSim-61] Executing 'ELABORATE' step in '/home/s23520579/Vivado_project/m8_memory_frontend_poc/m8_memory_frontend_poc.sim/sim_1/behav/xsim'
xelab --incr --debug typical --relax --mt 8 -L xil_defaultlib -L uvm -L unisims_ver -L unimacro_ver -L secureip --snapshot tb_opt_01_layout_read_behav xil_defaultlib.tb_opt_01_layout_read xil_defaultlib.glbl -log elaborate.log
Vivado Simulator v2023.2
Copyright 1986-2022 Xilinx, Inc. All Rights Reserved.
Copyright 2022-2023 Advanced Micro Devices, Inc. All Rights Reserved.
Running: /tools/Xilinx/Vivado/2023.2/bin/unwrapped/lnx64.o/xelab --incr --debug typical --relax --mt 8 -L xil_defaultlib -L uvm -L unisims_ver -L unimacro_ver -L secureip --snapshot tb_opt_01_layout_read_behav xil_defaultlib.tb_opt_01_layout_read xil_defaultlib.glbl -log elaborate.log 
Using 8 slave threads.
Starting static elaboration
Pass Through NonSizing Optimizer
Completed static elaboration
Starting simulation data flow analysis
Completed simulation data flow analysis
Time Resolution for simulation is 1ps
Compiling package xil_defaultlib.vit_phase_e_pkg
Compiling module xil_defaultlib.vit_gemm_activation_panel_cache(...
Compiling module xil_defaultlib.vit_gemm_bias_cache_default
Compiling module xil_defaultlib.vit_gemm_memory_address_context(...
Compiling module xil_defaultlib.vit_phase_e_read_address_router_...
Compiling module xil_defaultlib.vit_phase_e_write_address_router...
Compiling module xil_defaultlib.vit_phase_e_memory_frontend_opti...
Compiling module xil_defaultlib.vit_phase_e_axi_mem_adapter_opti...
Compiling module xil_defaultlib.vit_m8_memory_subsystem_optimize...
Compiling module xil_defaultlib.axi_ddr_model
Compiling module xil_defaultlib.tb_opt_01_layout_read
Compiling module xil_defaultlib.glbl
Built simulation snapshot tb_opt_01_layout_read_behav
INFO: [USF-XSim-69] 'elaborate' step finished in '4' seconds
INFO: [USF-XSim-4] XSim::Simulate design
INFO: [USF-XSim-61] Executing 'SIMULATE' step in '/home/s23520579/Vivado_project/m8_memory_frontend_poc/m8_memory_frontend_poc.sim/sim_1/behav/xsim'
INFO: [USF-XSim-98] *** Running xsim
   with args "tb_opt_01_layout_read_behav -key {Behavioral:sim_1:Functional:tb_opt_01_layout_read} -tclbatch {tb_opt_01_layout_read.tcl} -log {simulate.log}"
INFO: [USF-XSim-8] Loading simulator feature
Time resolution is 1 ps
source tb_opt_01_layout_read.tcl
## current_wave_config

==============================================
M8 MEMORY SUBSYSTEM BASELINE TEST
TEST: LAYOUT SINGLE-WORD READ
logical addr = 5
physical addr = 0x40014
expected = 0x3f800000
==============================================
PASS: layout_source_data = 0x3f800000

------------ BASELINE COUNTERS ------------
cycles              = 28
logical read words  = 1
AR handshakes       = 1
R beat handshakes   = 1
narrow R beats      = 1
linefill_start       = 0
read_outstanding     = 0
-------------------------------------------

==============================================
BASELINE TEST PASS
==============================================
$finish called at time : 730 ns : File "/home/s23520579/Vivado_project/m8_memory_frontend_poc/tb/optimized_regression/tb_opt_01_layout_read.sv" Line 558
INFO: [USF-XSim-96] XSim completed. Design snapshot 'tb_opt_01_layout_read_behav' loaded.
INFO: [USF-XSim-97] XSim simulation ran for 1000ns
launch_simulation: Time (s): cpu = 00:00:09 ; elapsed = 00:00:11 . Memory (MB): peak = 1391.832 ; gain = 55.809 ; free physical = 208113 ; free virtual = 243917
INFO: [Simtcl 6-16] Simulation closed
EXTERNAL XSIM...
RESULT  : PASS
XSIM RC : 0

============================================================
RUNNING : 02_layout_write
TOP     : tb_opt_02_layout_write
EXPECT  : BASELINE WRITE TEST PASS
============================================================
Command: launch_simulation  -simset sim_1 -mode behavioral
INFO: [Vivado 12-12493] Simulation top is 'tb_opt_02_layout_write'
INFO: [Vivado 12-5682] Launching behavioral simulation in '/home/s23520579/Vivado_project/m8_memory_frontend_poc/m8_memory_frontend_poc.sim/sim_1/behav/xsim'
INFO: [SIM-utils-51] Simulation object is 'sim_1'
INFO: [SIM-utils-72] Using boost library from '/tools/Xilinx/Vivado/2023.2/tps/boost_1_72_0'
INFO: [SIM-utils-54] Inspecting design source files for 'tb_opt_02_layout_write' in fileset 'sim_1'...
INFO: [USF-XSim-97] Finding global include files...
INFO: [USF-XSim-98] Fetching design files from 'sim_1'...
INFO: [USF-XSim-2] XSim::Compile design
INFO: [USF-XSim-61] Executing 'COMPILE and ANALYZE' step in '/home/s23520579/Vivado_project/m8_memory_frontend_poc/m8_memory_frontend_poc.sim/sim_1/behav/xsim'
xvlog --incr --relax -L uvm -prj tb_opt_02_layout_write_vlog.prj
INFO: [VRFC 10-2263] Analyzing SystemVerilog file "/home/s23520579/Vivado_project/m8_memory_frontend_poc/tb/optimized_regression/tb_opt_02_layout_write.sv" into library xil_defaultlib
INFO: [VRFC 10-311] analyzing module tb_opt_02_layout_write
Waiting for jobs to finish...
No pending jobs, compilation finished.
INFO: [USF-XSim-69] 'compile' step finished in '2' seconds
INFO: [USF-XSim-3] XSim::Elaborate design
INFO: [USF-XSim-61] Executing 'ELABORATE' step in '/home/s23520579/Vivado_project/m8_memory_frontend_poc/m8_memory_frontend_poc.sim/sim_1/behav/xsim'
xelab --incr --debug typical --relax --mt 8 -L xil_defaultlib -L uvm -L unisims_ver -L unimacro_ver -L secureip --snapshot tb_opt_02_layout_write_behav xil_defaultlib.tb_opt_02_layout_write xil_defaultlib.glbl -log elaborate.log
Vivado Simulator v2023.2
Copyright 1986-2022 Xilinx, Inc. All Rights Reserved.
Copyright 2022-2023 Advanced Micro Devices, Inc. All Rights Reserved.
Running: /tools/Xilinx/Vivado/2023.2/bin/unwrapped/lnx64.o/xelab --incr --debug typical --relax --mt 8 -L xil_defaultlib -L uvm -L unisims_ver -L unimacro_ver -L secureip --snapshot tb_opt_02_layout_write_behav xil_defaultlib.tb_opt_02_layout_write xil_defaultlib.glbl -log elaborate.log 
Using 8 slave threads.
Starting static elaboration
Pass Through NonSizing Optimizer
Completed static elaboration
Starting simulation data flow analysis
Completed simulation data flow analysis
Time Resolution for simulation is 1ps
Compiling package xil_defaultlib.vit_phase_e_pkg
Compiling module xil_defaultlib.vit_gemm_activation_panel_cache(...
Compiling module xil_defaultlib.vit_gemm_bias_cache_default
Compiling module xil_defaultlib.vit_gemm_memory_address_context(...
Compiling module xil_defaultlib.vit_phase_e_read_address_router_...
Compiling module xil_defaultlib.vit_phase_e_write_address_router...
Compiling module xil_defaultlib.vit_phase_e_memory_frontend_opti...
Compiling module xil_defaultlib.vit_phase_e_axi_mem_adapter_opti...
Compiling module xil_defaultlib.vit_m8_memory_subsystem_optimize...
Compiling module xil_defaultlib.axi_ddr_model
Compiling module xil_defaultlib.tb_opt_02_layout_write
Compiling module xil_defaultlib.glbl
Built simulation snapshot tb_opt_02_layout_write_behav
INFO: [USF-XSim-69] 'elaborate' step finished in '4' seconds
INFO: [USF-XSim-4] XSim::Simulate design
INFO: [USF-XSim-61] Executing 'SIMULATE' step in '/home/s23520579/Vivado_project/m8_memory_frontend_poc/m8_memory_frontend_poc.sim/sim_1/behav/xsim'
INFO: [USF-XSim-98] *** Running xsim
   with args "tb_opt_02_layout_write_behav -key {Behavioral:sim_1:Functional:tb_opt_02_layout_write} -tclbatch {tb_opt_02_layout_write.tcl} -log {simulate.log}"
INFO: [USF-XSim-8] Loading simulator feature
Time resolution is 1 ps
source tb_opt_02_layout_write.tcl
## current_wave_config

==============================================
M8 MEMORY SUBSYSTEM BASELINE TEST
TEST: LAYOUT SINGLE-WORD WRITE
logical addr  = 6
physical addr = 0x40018
write value   = 0xdeadbeef
==============================================
layout_result_ready asserted
PASS: DDR data = 0xdeadbeef

------------ WRITE COUNTERS -------------
logical writes = 1
AW handshakes  = 1
W handshakes   = 1
B handshakes   = 1
-----------------------------------------

==============================================
BASELINE WRITE TEST PASS
==============================================
$finish called at time : 570 ns : File "/home/s23520579/Vivado_project/m8_memory_frontend_poc/tb/optimized_regression/tb_opt_02_layout_write.sv" Line 642
INFO: [USF-XSim-96] XSim completed. Design snapshot 'tb_opt_02_layout_write_behav' loaded.
INFO: [USF-XSim-97] XSim simulation ran for 1000ns
launch_simulation: Time (s): cpu = 00:00:08 ; elapsed = 00:00:09 . Memory (MB): peak = 1395.801 ; gain = 3.969 ; free physical = 208183 ; free virtual = 243990
INFO: [Simtcl 6-16] Simulation closed
EXTERNAL XSIM...
RESULT  : PASS
XSIM RC : 0

============================================================
RUNNING : 03_vector_linefill
TOP     : tb_opt_03_vector_linefill
EXPECT  : VECTOR LINEFILL TEST PASS
============================================================
Command: launch_simulation  -simset sim_1 -mode behavioral
INFO: [Vivado 12-12493] Simulation top is 'tb_opt_03_vector_linefill'
INFO: [Vivado 12-5682] Launching behavioral simulation in '/home/s23520579/Vivado_project/m8_memory_frontend_poc/m8_memory_frontend_poc.sim/sim_1/behav/xsim'
INFO: [SIM-utils-51] Simulation object is 'sim_1'
INFO: [SIM-utils-72] Using boost library from '/tools/Xilinx/Vivado/2023.2/tps/boost_1_72_0'
INFO: [SIM-utils-54] Inspecting design source files for 'tb_opt_03_vector_linefill' in fileset 'sim_1'...
INFO: [USF-XSim-97] Finding global include files...
INFO: [USF-XSim-98] Fetching design files from 'sim_1'...
INFO: [USF-XSim-2] XSim::Compile design
INFO: [USF-XSim-61] Executing 'COMPILE and ANALYZE' step in '/home/s23520579/Vivado_project/m8_memory_frontend_poc/m8_memory_frontend_poc.sim/sim_1/behav/xsim'
xvlog --incr --relax -L uvm -prj tb_opt_03_vector_linefill_vlog.prj
INFO: [VRFC 10-2263] Analyzing SystemVerilog file "/home/s23520579/Vivado_project/m8_memory_frontend_poc/tb/optimized_regression/tb_opt_03_vector_linefill.sv" into library xil_defaultlib
INFO: [VRFC 10-311] analyzing module tb_opt_03_vector_linefill
Waiting for jobs to finish...
No pending jobs, compilation finished.
INFO: [USF-XSim-69] 'compile' step finished in '2' seconds
INFO: [USF-XSim-3] XSim::Elaborate design
INFO: [USF-XSim-61] Executing 'ELABORATE' step in '/home/s23520579/Vivado_project/m8_memory_frontend_poc/m8_memory_frontend_poc.sim/sim_1/behav/xsim'
xelab --incr --debug typical --relax --mt 8 -L xil_defaultlib -L uvm -L unisims_ver -L unimacro_ver -L secureip --snapshot tb_opt_03_vector_linefill_behav xil_defaultlib.tb_opt_03_vector_linefill xil_defaultlib.glbl -log elaborate.log
Vivado Simulator v2023.2
Copyright 1986-2022 Xilinx, Inc. All Rights Reserved.
Copyright 2022-2023 Advanced Micro Devices, Inc. All Rights Reserved.
Running: /tools/Xilinx/Vivado/2023.2/bin/unwrapped/lnx64.o/xelab --incr --debug typical --relax --mt 8 -L xil_defaultlib -L uvm -L unisims_ver -L unimacro_ver -L secureip --snapshot tb_opt_03_vector_linefill_behav xil_defaultlib.tb_opt_03_vector_linefill xil_defaultlib.glbl -log elaborate.log 
Using 8 slave threads.
Starting static elaboration
Pass Through NonSizing Optimizer
Completed static elaboration
Starting simulation data flow analysis
Completed simulation data flow analysis
Time Resolution for simulation is 1ps
Compiling package xil_defaultlib.vit_phase_e_pkg
Compiling module xil_defaultlib.vit_gemm_activation_panel_cache(...
Compiling module xil_defaultlib.vit_gemm_bias_cache_default
Compiling module xil_defaultlib.vit_gemm_memory_address_context(...
Compiling module xil_defaultlib.vit_phase_e_read_address_router_...
Compiling module xil_defaultlib.vit_phase_e_write_address_router...
Compiling module xil_defaultlib.vit_phase_e_memory_frontend_opti...
Compiling module xil_defaultlib.vit_phase_e_axi_mem_adapter_opti...
Compiling module xil_defaultlib.vit_m8_memory_subsystem_optimize...
Compiling module xil_defaultlib.axi_ddr_model
Compiling module xil_defaultlib.tb_opt_03_vector_linefill
Compiling module xil_defaultlib.glbl
Built simulation snapshot tb_opt_03_vector_linefill_behav
INFO: [USF-XSim-69] 'elaborate' step finished in '4' seconds
INFO: [USF-XSim-4] XSim::Simulate design
INFO: [USF-XSim-61] Executing 'SIMULATE' step in '/home/s23520579/Vivado_project/m8_memory_frontend_poc/m8_memory_frontend_poc.sim/sim_1/behav/xsim'
INFO: [USF-XSim-98] *** Running xsim
   with args "tb_opt_03_vector_linefill_behav -key {Behavioral:sim_1:Functional:tb_opt_03_vector_linefill} -tclbatch {tb_opt_03_vector_linefill.tcl} -log {simulate.log}"
INFO: [USF-XSim-8] Loading simulator feature
Time resolution is 1 ps
source tb_opt_03_vector_linefill.tcl
## current_wave_config

==============================================
TEST: VECTOR 16-WORD LINEFILL READ
first logical = 16
first physical = 0x40040
==============================================
INFO: [USF-XSim-96] XSim completed. Design snapshot 'tb_opt_03_vector_linefill_behav' loaded.
INFO: [USF-XSim-97] XSim simulation ran for 1000ns
launch_simulation: Time (s): cpu = 00:00:08 ; elapsed = 00:00:09 . Memory (MB): peak = 1395.801 ; gain = 0.000 ; free physical = 208150 ; free virtual = 243960
INFO: [Simtcl 6-16] Simulation closed
EXTERNAL XSIM...
RESULT  : PASS
XSIM RC : 0

============================================================
RUNNING : 04_gemm_outstanding2
TOP     : tb_opt_04_gemm_outstanding2
EXPECT  : GEMM OUTSTANDING=2 TEST PASS
============================================================
Command: launch_simulation  -simset sim_1 -mode behavioral
INFO: [Vivado 12-12493] Simulation top is 'tb_opt_04_gemm_outstanding2'
INFO: [Vivado 12-5682] Launching behavioral simulation in '/home/s23520579/Vivado_project/m8_memory_frontend_poc/m8_memory_frontend_poc.sim/sim_1/behav/xsim'
INFO: [SIM-utils-51] Simulation object is 'sim_1'
INFO: [SIM-utils-72] Using boost library from '/tools/Xilinx/Vivado/2023.2/tps/boost_1_72_0'
INFO: [SIM-utils-54] Inspecting design source files for 'tb_opt_04_gemm_outstanding2' in fileset 'sim_1'...
INFO: [USF-XSim-97] Finding global include files...
INFO: [USF-XSim-98] Fetching design files from 'sim_1'...
INFO: [USF-XSim-2] XSim::Compile design
INFO: [USF-XSim-61] Executing 'COMPILE and ANALYZE' step in '/home/s23520579/Vivado_project/m8_memory_frontend_poc/m8_memory_frontend_poc.sim/sim_1/behav/xsim'
xvlog --incr --relax -L uvm -prj tb_opt_04_gemm_outstanding2_vlog.prj
INFO: [VRFC 10-2263] Analyzing SystemVerilog file "/home/s23520579/Vivado_project/m8_memory_frontend_poc/tb/optimized_regression/tb_opt_04_gemm_outstanding2.sv" into library xil_defaultlib
INFO: [VRFC 10-311] analyzing module tb_opt_04_gemm_outstanding2
Waiting for jobs to finish...
No pending jobs, compilation finished.
INFO: [USF-XSim-69] 'compile' step finished in '2' seconds
INFO: [USF-XSim-3] XSim::Elaborate design
INFO: [USF-XSim-61] Executing 'ELABORATE' step in '/home/s23520579/Vivado_project/m8_memory_frontend_poc/m8_memory_frontend_poc.sim/sim_1/behav/xsim'
xelab --incr --debug typical --relax --mt 8 -L xil_defaultlib -L uvm -L unisims_ver -L unimacro_ver -L secureip --snapshot tb_opt_04_gemm_outstanding2_behav xil_defaultlib.tb_opt_04_gemm_outstanding2 xil_defaultlib.glbl -log elaborate.log
Vivado Simulator v2023.2
Copyright 1986-2022 Xilinx, Inc. All Rights Reserved.
Copyright 2022-2023 Advanced Micro Devices, Inc. All Rights Reserved.
Running: /tools/Xilinx/Vivado/2023.2/bin/unwrapped/lnx64.o/xelab --incr --debug typical --relax --mt 8 -L xil_defaultlib -L uvm -L unisims_ver -L unimacro_ver -L secureip --snapshot tb_opt_04_gemm_outstanding2_behav xil_defaultlib.tb_opt_04_gemm_outstanding2 xil_defaultlib.glbl -log elaborate.log 
Using 8 slave threads.
Starting static elaboration
Pass Through NonSizing Optimizer
Completed static elaboration
Starting simulation data flow analysis
Completed simulation data flow analysis
Time Resolution for simulation is 1ps
Compiling package xil_defaultlib.vit_phase_e_pkg
Compiling module xil_defaultlib.vit_gemm_activation_panel_cache(...
Compiling module xil_defaultlib.vit_gemm_bias_cache_default
Compiling module xil_defaultlib.vit_gemm_memory_address_context(...
Compiling module xil_defaultlib.vit_phase_e_read_address_router_...
Compiling module xil_defaultlib.vit_phase_e_write_address_router...
Compiling module xil_defaultlib.vit_phase_e_memory_frontend_opti...
Compiling module xil_defaultlib.vit_phase_e_axi_mem_adapter_opti...
Compiling module xil_defaultlib.vit_m8_memory_subsystem_optimize...
Compiling module xil_defaultlib.axi_ddr_model
Compiling module xil_defaultlib.tb_opt_04_gemm_outstanding2
Compiling module xil_defaultlib.glbl
Built simulation snapshot tb_opt_04_gemm_outstanding2_behav
INFO: [USF-XSim-69] 'elaborate' step finished in '4' seconds
INFO: [USF-XSim-4] XSim::Simulate design
INFO: [USF-XSim-61] Executing 'SIMULATE' step in '/home/s23520579/Vivado_project/m8_memory_frontend_poc/m8_memory_frontend_poc.sim/sim_1/behav/xsim'
INFO: [USF-XSim-98] *** Running xsim
   with args "tb_opt_04_gemm_outstanding2_behav -key {Behavioral:sim_1:Functional:tb_opt_04_gemm_outstanding2} -tclbatch {tb_opt_04_gemm_outstanding2.tcl} -log {simulate.log}"
INFO: [USF-XSim-8] Loading simulator feature
Time resolution is 1 ps
source tb_opt_04_gemm_outstanding2.tcl
## current_wave_config

==============================================
TEST: GEMM NON-PACKED B / OUTSTANDING=2
B words        = 32
B logical base = 64
B physical base = 0x100
Expected AXI:
  2 AR bursts
  4 beats/burst
  8 total R beats
  max outstanding = 2
==============================================
INFO: [USF-XSim-96] XSim completed. Design snapshot 'tb_opt_04_gemm_outstanding2_behav' loaded.
INFO: [USF-XSim-97] XSim simulation ran for 1000ns
launch_simulation: Time (s): cpu = 00:00:08 ; elapsed = 00:00:09 . Memory (MB): peak = 1395.801 ; gain = 0.000 ; free physical = 208076 ; free virtual = 243890
INFO: [Simtcl 6-16] Simulation closed
EXTERNAL XSIM...
RESULT  : PASS
XSIM RC : 0

============================================================
RUNNING : 05_gemm_packed_cold
TOP     : tb_opt_05_gemm_packed_cold
EXPECT  : GEMM PACKED COLD PANEL TEST PASS
============================================================
Command: launch_simulation  -simset sim_1 -mode behavioral
INFO: [Vivado 12-12493] Simulation top is 'tb_opt_05_gemm_packed_cold'
INFO: [Vivado 12-5682] Launching behavioral simulation in '/home/s23520579/Vivado_project/m8_memory_frontend_poc/m8_memory_frontend_poc.sim/sim_1/behav/xsim'
INFO: [SIM-utils-51] Simulation object is 'sim_1'
INFO: [SIM-utils-72] Using boost library from '/tools/Xilinx/Vivado/2023.2/tps/boost_1_72_0'
INFO: [SIM-utils-54] Inspecting design source files for 'tb_opt_05_gemm_packed_cold' in fileset 'sim_1'...
INFO: [USF-XSim-97] Finding global include files...
INFO: [USF-XSim-98] Fetching design files from 'sim_1'...
INFO: [USF-XSim-2] XSim::Compile design
INFO: [USF-XSim-61] Executing 'COMPILE and ANALYZE' step in '/home/s23520579/Vivado_project/m8_memory_frontend_poc/m8_memory_frontend_poc.sim/sim_1/behav/xsim'
xvlog --incr --relax -L uvm -prj tb_opt_05_gemm_packed_cold_vlog.prj
INFO: [VRFC 10-2263] Analyzing SystemVerilog file "/home/s23520579/Vivado_project/m8_memory_frontend_poc/tb/optimized_regression/tb_opt_05_gemm_packed_cold.sv" into library xil_defaultlib
INFO: [VRFC 10-311] analyzing module tb_opt_05_gemm_packed_cold
Waiting for jobs to finish...
No pending jobs, compilation finished.
INFO: [USF-XSim-69] 'compile' step finished in '2' seconds
INFO: [USF-XSim-3] XSim::Elaborate design
INFO: [USF-XSim-61] Executing 'ELABORATE' step in '/home/s23520579/Vivado_project/m8_memory_frontend_poc/m8_memory_frontend_poc.sim/sim_1/behav/xsim'
xelab --incr --debug typical --relax --mt 8 -L xil_defaultlib -L uvm -L unisims_ver -L unimacro_ver -L secureip --snapshot tb_opt_05_gemm_packed_cold_behav xil_defaultlib.tb_opt_05_gemm_packed_cold xil_defaultlib.glbl -log elaborate.log
Vivado Simulator v2023.2
Copyright 1986-2022 Xilinx, Inc. All Rights Reserved.
Copyright 2022-2023 Advanced Micro Devices, Inc. All Rights Reserved.
Running: /tools/Xilinx/Vivado/2023.2/bin/unwrapped/lnx64.o/xelab --incr --debug typical --relax --mt 8 -L xil_defaultlib -L uvm -L unisims_ver -L unimacro_ver -L secureip --snapshot tb_opt_05_gemm_packed_cold_behav xil_defaultlib.tb_opt_05_gemm_packed_cold xil_defaultlib.glbl -log elaborate.log 
Using 8 slave threads.
Starting static elaboration
Pass Through NonSizing Optimizer
Completed static elaboration
Starting simulation data flow analysis
Completed simulation data flow analysis
Time Resolution for simulation is 1ps
Compiling package xil_defaultlib.vit_phase_e_pkg
Compiling module xil_defaultlib.vit_gemm_activation_panel_cache(...
Compiling module xil_defaultlib.vit_gemm_bias_cache_default
Compiling module xil_defaultlib.vit_gemm_memory_address_context(...
Compiling module xil_defaultlib.vit_phase_e_read_address_router_...
Compiling module xil_defaultlib.vit_phase_e_write_address_router...
Compiling module xil_defaultlib.vit_phase_e_memory_frontend_opti...
Compiling module xil_defaultlib.vit_phase_e_axi_mem_adapter_opti...
Compiling module xil_defaultlib.vit_m8_memory_subsystem_optimize...
Compiling module xil_defaultlib.axi_ddr_model
Compiling module xil_defaultlib.tb_opt_05_gemm_packed_cold
Compiling module xil_defaultlib.glbl
Built simulation snapshot tb_opt_05_gemm_packed_cold_behav
INFO: [USF-XSim-69] 'elaborate' step finished in '3' seconds
INFO: [USF-XSim-4] XSim::Simulate design
INFO: [USF-XSim-61] Executing 'SIMULATE' step in '/home/s23520579/Vivado_project/m8_memory_frontend_poc/m8_memory_frontend_poc.sim/sim_1/behav/xsim'
INFO: [USF-XSim-98] *** Running xsim
   with args "tb_opt_05_gemm_packed_cold_behav -key {Behavioral:sim_1:Functional:tb_opt_05_gemm_packed_cold} -tclbatch {tb_opt_05_gemm_packed_cold.tcl} -log {simulate.log}"
INFO: [USF-XSim-8] Loading simulator feature
Time resolution is 1 ps
source tb_opt_05_gemm_packed_cold.tcl
## current_wave_config

================================================
TEST 5A: GEMM PACKED COLD PANEL
geometry       = R8 / C2 / K16
A words        = 128
packed B words = 16
bias words     = 2
total gather   = 146
flags          = 0xf1
================================================
INFO: [USF-XSim-96] XSim completed. Design snapshot 'tb_opt_05_gemm_packed_cold_behav' loaded.
INFO: [USF-XSim-97] XSim simulation ran for 1000ns
launch_simulation: Time (s): cpu = 00:00:08 ; elapsed = 00:00:09 . Memory (MB): peak = 1395.801 ; gain = 0.000 ; free physical = 208156 ; free virtual = 243972
INFO: [Simtcl 6-16] Simulation closed
EXTERNAL XSIM...
RESULT  : PASS
XSIM RC : 0

============================================================
RUNNING : 06_gemm_a_cache_reuse
TOP     : tb_opt_06_gemm_a_cache_reuse
EXPECT  : GEMM PACKED A-CACHE REUSE TEST PASS
============================================================
Command: launch_simulation  -simset sim_1 -mode behavioral
INFO: [Vivado 12-12493] Simulation top is 'tb_opt_06_gemm_a_cache_reuse'
INFO: [Vivado 12-5682] Launching behavioral simulation in '/home/s23520579/Vivado_project/m8_memory_frontend_poc/m8_memory_frontend_poc.sim/sim_1/behav/xsim'
INFO: [SIM-utils-51] Simulation object is 'sim_1'
INFO: [SIM-utils-72] Using boost library from '/tools/Xilinx/Vivado/2023.2/tps/boost_1_72_0'
INFO: [SIM-utils-54] Inspecting design source files for 'tb_opt_06_gemm_a_cache_reuse' in fileset 'sim_1'...
INFO: [USF-XSim-97] Finding global include files...
INFO: [USF-XSim-98] Fetching design files from 'sim_1'...
INFO: [USF-XSim-2] XSim::Compile design
INFO: [USF-XSim-61] Executing 'COMPILE and ANALYZE' step in '/home/s23520579/Vivado_project/m8_memory_frontend_poc/m8_memory_frontend_poc.sim/sim_1/behav/xsim'
xvlog --incr --relax -L uvm -prj tb_opt_06_gemm_a_cache_reuse_vlog.prj
INFO: [VRFC 10-2263] Analyzing SystemVerilog file "/home/s23520579/Vivado_project/m8_memory_frontend_poc/tb/optimized_regression/tb_opt_06_gemm_a_cache_reuse.sv" into library xil_defaultlib
INFO: [VRFC 10-311] analyzing module tb_opt_06_gemm_a_cache_reuse
Waiting for jobs to finish...
No pending jobs, compilation finished.
INFO: [USF-XSim-69] 'compile' step finished in '2' seconds
INFO: [USF-XSim-3] XSim::Elaborate design
INFO: [USF-XSim-61] Executing 'ELABORATE' step in '/home/s23520579/Vivado_project/m8_memory_frontend_poc/m8_memory_frontend_poc.sim/sim_1/behav/xsim'
xelab --incr --debug typical --relax --mt 8 -L xil_defaultlib -L uvm -L unisims_ver -L unimacro_ver -L secureip --snapshot tb_opt_06_gemm_a_cache_reuse_behav xil_defaultlib.tb_opt_06_gemm_a_cache_reuse xil_defaultlib.glbl -log elaborate.log
Vivado Simulator v2023.2
Copyright 1986-2022 Xilinx, Inc. All Rights Reserved.
Copyright 2022-2023 Advanced Micro Devices, Inc. All Rights Reserved.
Running: /tools/Xilinx/Vivado/2023.2/bin/unwrapped/lnx64.o/xelab --incr --debug typical --relax --mt 8 -L xil_defaultlib -L uvm -L unisims_ver -L unimacro_ver -L secureip --snapshot tb_opt_06_gemm_a_cache_reuse_behav xil_defaultlib.tb_opt_06_gemm_a_cache_reuse xil_defaultlib.glbl -log elaborate.log 
Using 8 slave threads.
Starting static elaboration
Pass Through NonSizing Optimizer
Completed static elaboration
Starting simulation data flow analysis
Completed simulation data flow analysis
Time Resolution for simulation is 1ps
Compiling package xil_defaultlib.vit_phase_e_pkg
Compiling module xil_defaultlib.vit_gemm_activation_panel_cache(...
Compiling module xil_defaultlib.vit_gemm_bias_cache_default
Compiling module xil_defaultlib.vit_gemm_memory_address_context(...
Compiling module xil_defaultlib.vit_phase_e_read_address_router_...
Compiling module xil_defaultlib.vit_phase_e_write_address_router...
Compiling module xil_defaultlib.vit_phase_e_memory_frontend_opti...
Compiling module xil_defaultlib.vit_phase_e_axi_mem_adapter_opti...
Compiling module xil_defaultlib.vit_m8_memory_subsystem_optimize...
Compiling module xil_defaultlib.axi_ddr_model
Compiling module xil_defaultlib.tb_opt_06_gemm_a_cache_reuse
Compiling module xil_defaultlib.glbl
Built simulation snapshot tb_opt_06_gemm_a_cache_reuse_behav
INFO: [USF-XSim-69] 'elaborate' step finished in '4' seconds
INFO: [USF-XSim-4] XSim::Simulate design
INFO: [USF-XSim-61] Executing 'SIMULATE' step in '/home/s23520579/Vivado_project/m8_memory_frontend_poc/m8_memory_frontend_poc.sim/sim_1/behav/xsim'
INFO: [USF-XSim-98] *** Running xsim
   with args "tb_opt_06_gemm_a_cache_reuse_behav -key {Behavioral:sim_1:Functional:tb_opt_06_gemm_a_cache_reuse} -tclbatch {tb_opt_06_gemm_a_cache_reuse.tcl} -log {simulate.log}"
INFO: [USF-XSim-8] Loading simulator feature
Time resolution is 1 ps
source tb_opt_06_gemm_a_cache_reuse.tcl
## current_wave_config

================================================
TEST 5B-1: GEMM PACKED A-CACHE VECTOR REUSE
Panel 1 = cold fill
Panel 2 = same A tile, vector-cache replay
command_accept = ONE pulse only
================================================
INFO: [USF-XSim-96] XSim completed. Design snapshot 'tb_opt_06_gemm_a_cache_reuse_behav' loaded.
INFO: [USF-XSim-97] XSim simulation ran for 1000ns
launch_simulation: Time (s): cpu = 00:00:08 ; elapsed = 00:00:09 . Memory (MB): peak = 1395.801 ; gain = 0.000 ; free physical = 208214 ; free virtual = 244034
INFO: [Simtcl 6-16] Simulation closed
EXTERNAL XSIM...
RESULT  : PASS
XSIM RC : 0

============================================================
RUNNING : 07_gemm_bias_cache_reuse
TOP     : tb_opt_07_gemm_bias_cache_reuse
EXPECT  : GEMM BIAS CACHE COMMIT/REUSE TEST PASS
============================================================
Command: launch_simulation  -simset sim_1 -mode behavioral
INFO: [Vivado 12-12493] Simulation top is 'tb_opt_07_gemm_bias_cache_reuse'
INFO: [Vivado 12-5682] Launching behavioral simulation in '/home/s23520579/Vivado_project/m8_memory_frontend_poc/m8_memory_frontend_poc.sim/sim_1/behav/xsim'
INFO: [SIM-utils-51] Simulation object is 'sim_1'
INFO: [SIM-utils-72] Using boost library from '/tools/Xilinx/Vivado/2023.2/tps/boost_1_72_0'
INFO: [SIM-utils-54] Inspecting design source files for 'tb_opt_07_gemm_bias_cache_reuse' in fileset 'sim_1'...
INFO: [USF-XSim-97] Finding global include files...
INFO: [USF-XSim-98] Fetching design files from 'sim_1'...
INFO: [USF-XSim-2] XSim::Compile design
INFO: [USF-XSim-61] Executing 'COMPILE and ANALYZE' step in '/home/s23520579/Vivado_project/m8_memory_frontend_poc/m8_memory_frontend_poc.sim/sim_1/behav/xsim'
xvlog --incr --relax -L uvm -prj tb_opt_07_gemm_bias_cache_reuse_vlog.prj
INFO: [VRFC 10-2263] Analyzing SystemVerilog file "/home/s23520579/Vivado_project/m8_memory_frontend_poc/tb/optimized_regression/tb_opt_07_gemm_bias_cache_reuse.sv" into library xil_defaultlib
INFO: [VRFC 10-311] analyzing module tb_opt_07_gemm_bias_cache_reuse
Waiting for jobs to finish...
No pending jobs, compilation finished.
INFO: [USF-XSim-69] 'compile' step finished in '2' seconds
INFO: [USF-XSim-3] XSim::Elaborate design
INFO: [USF-XSim-61] Executing 'ELABORATE' step in '/home/s23520579/Vivado_project/m8_memory_frontend_poc/m8_memory_frontend_poc.sim/sim_1/behav/xsim'
xelab --incr --debug typical --relax --mt 8 -L xil_defaultlib -L uvm -L unisims_ver -L unimacro_ver -L secureip --snapshot tb_opt_07_gemm_bias_cache_reuse_behav xil_defaultlib.tb_opt_07_gemm_bias_cache_reuse xil_defaultlib.glbl -log elaborate.log
Vivado Simulator v2023.2
Copyright 1986-2022 Xilinx, Inc. All Rights Reserved.
Copyright 2022-2023 Advanced Micro Devices, Inc. All Rights Reserved.
Running: /tools/Xilinx/Vivado/2023.2/bin/unwrapped/lnx64.o/xelab --incr --debug typical --relax --mt 8 -L xil_defaultlib -L uvm -L unisims_ver -L unimacro_ver -L secureip --snapshot tb_opt_07_gemm_bias_cache_reuse_behav xil_defaultlib.tb_opt_07_gemm_bias_cache_reuse xil_defaultlib.glbl -log elaborate.log 
Using 8 slave threads.
Starting static elaboration
Pass Through NonSizing Optimizer
Completed static elaboration
Starting simulation data flow analysis
Completed simulation data flow analysis
Time Resolution for simulation is 1ps
Compiling package xil_defaultlib.vit_phase_e_pkg
Compiling module xil_defaultlib.vit_gemm_activation_panel_cache(...
Compiling module xil_defaultlib.vit_gemm_bias_cache_default
Compiling module xil_defaultlib.vit_gemm_memory_address_context(...
Compiling module xil_defaultlib.vit_phase_e_read_address_router_...
Compiling module xil_defaultlib.vit_phase_e_write_address_router...
Compiling module xil_defaultlib.vit_phase_e_memory_frontend_opti...
Compiling module xil_defaultlib.vit_phase_e_axi_mem_adapter_opti...
Compiling module xil_defaultlib.vit_m8_memory_subsystem_optimize...
Compiling module xil_defaultlib.axi_ddr_model
Compiling module xil_defaultlib.tb_opt_07_gemm_bias_cache_reuse
Compiling module xil_defaultlib.glbl
Built simulation snapshot tb_opt_07_gemm_bias_cache_reuse_behav
INFO: [USF-XSim-69] 'elaborate' step finished in '4' seconds
INFO: [USF-XSim-4] XSim::Simulate design
INFO: [USF-XSim-61] Executing 'SIMULATE' step in '/home/s23520579/Vivado_project/m8_memory_frontend_poc/m8_memory_frontend_poc.sim/sim_1/behav/xsim'
INFO: [USF-XSim-98] *** Running xsim
   with args "tb_opt_07_gemm_bias_cache_reuse_behav -key {Behavioral:sim_1:Functional:tb_opt_07_gemm_bias_cache_reuse} -tclbatch {tb_opt_07_gemm_bias_cache_reuse.tcl} -log {simulate.log}"
INFO: [USF-XSim-8] Loading simulator feature
Time resolution is 1 ps
source tb_opt_07_gemm_bias_cache_reuse.tcl
## current_wave_config

================================================
TEST 5B-2: GEMM BIAS CACHE COMMIT + REUSE
P1    = cold panel
STORE = 16 GEMM result words
P2    = A-cache + bias-cache reuse
================================================
INFO: [USF-XSim-96] XSim completed. Design snapshot 'tb_opt_07_gemm_bias_cache_reuse_behav' loaded.
INFO: [USF-XSim-97] XSim simulation ran for 1000ns
launch_simulation: Time (s): cpu = 00:00:08 ; elapsed = 00:00:09 . Memory (MB): peak = 1395.801 ; gain = 0.000 ; free physical = 208083 ; free virtual = 243906
INFO: [Simtcl 6-16] Simulation closed
EXTERNAL XSIM...
RESULT  : PASS
XSIM RC : 0
# puts ""

# puts "============================================================"
============================================================
# puts " M7.4B OPTIMIZED REGRESSION SUMMARY"
 M7.4B OPTIMIZED REGRESSION SUMMARY
# puts "============================================================"
============================================================
# puts "TOTAL : $total_count"
TOTAL : 7
# puts "PASS  : $pass_count"
PASS  : 7
# puts "FAIL  : $fail_count"
FAIL  : 0
# puts "============================================================"
============================================================
# puts $mf ""
# puts $mf "TOTAL = $total_count"
# puts $mf "PASS  = $pass_count"
# puts $mf "FAIL  = $fail_count"
# close $sf
# close $mf
# catch {close_sim}
# close_project
# if {$fail_count != 0} {
#     exit 1
# }
# exit 0
INFO: [Common 17-206] Exiting Vivado at Thu Aug 27 10:30:06 2026...
