Copyright 1986-2022 Xilinx, Inc. All Rights Reserved. Copyright 2022-2023 Advanced Micro Devices, Inc. All Rights Reserved.
----------------------------------------------------------------------------------------------------------------------------------------------------------------------------------------
| Tool Version : Vivado v.2023.2 (lin64) Build 4029153 Fri Oct 13 20:13:54 MDT 2023
| Date         : Sat Aug  8 16:22:48 2026
| Host         : ubuntu running 64-bit Ubuntu 24.04.4 LTS
| Command      : report_drc -file /home/s23520579/Vivado_project/vit_m8_softmax_leaf_9ddbb13b65f5/evidence/20260808T161943Z-m8-softmax-ooc-ab-holdfix/parent/reports/post_route_drc.rpt
| Design       : vit_softmax_engine_fp32
| Device       : xczu5ev-sfvc784-1-e
| Speed File   : -1
| Design State : Partially Routed
----------------------------------------------------------------------------------------------------------------------------------------------------------------------------------------

Report DRC

Table of Contents
-----------------
1. REPORT SUMMARY
2. REPORT DETAILS

1. REPORT SUMMARY
-----------------
            Netlist: vit_softmax_engine_fp32
          Floorplan: design_1
      Design limits: <entire design considered>
           Ruledeck: default
             Max violations: <unlimited>
             Violations found: 0
+------+----------+-------------+------------+
| Rule | Severity | Description | Violations |
+------+----------+-------------+------------+
+------+----------+-------------+------------+

2. REPORT DETAILS
-----------------

