
*** Running vivado
    with args -log vit_system_smartconnect_control_0.vds -m64 -product Vivado -mode batch -messageDb vivado.pb -notrace -source vit_system_smartconnect_control_0.tcl


****** Vivado v2023.2 (64-bit)
  **** SW Build 4029153 on Fri Oct 13 20:13:54 MDT 2023
  **** IP Build 4028589 on Sat Oct 14 00:45:43 MDT 2023
  **** SharedData Build 4025554 on Tue Oct 10 17:18:54 MDT 2023
    ** Copyright 1986-2022 Xilinx, Inc. All Rights Reserved.
    ** Copyright 2022-2023 Advanced Micro Devices, Inc. All Rights Reserved.

source vit_system_smartconnect_control_0.tcl -notrace
create_project: Time (s): cpu = 00:00:08 ; elapsed = 00:00:08 . Memory (MB): peak = 1330.570 ; gain = 0.027 ; free physical = 228677 ; free virtual = 245539
INFO: [IP_Flow 19-6924] IPCACHE: Running cache check for IP inst: vit_system_smartconnect_control_0
Command: synth_design -top vit_system_smartconnect_control_0 -part xczu5ev-sfvc784-1-e -incremental_mode off -mode out_of_context
Starting synth_design
Attempting to get a license for feature 'Synthesis' and/or device 'xczu5ev'
INFO: [Common 17-349] Got license for feature 'Synthesis' and/or device 'xczu5ev'
INFO: [Device 21-403] Loading part xczu5ev-sfvc784-1-e
INFO: [Synth 8-7079] Multithreading enabled for synth_design using a maximum of 4 processes.
INFO: [Synth 8-7078] Launching helper process for spawning children vivado processes
INFO: [Synth 8-7075] Helper process launched with PID 1892135
---------------------------------------------------------------------------------
Starting RTL Elaboration : Time (s): cpu = 00:00:04 ; elapsed = 00:00:05 . Memory (MB): peak = 2594.426 ; gain = 285.746 ; free physical = 227151 ; free virtual = 244014
---------------------------------------------------------------------------------
INFO: [Synth 8-6157] synthesizing module 'vit_system_smartconnect_control_0' [/home/s23520579/Vivado_project/vit_m8_board_candidate_67c18532_workspace_20260809/vivado_server_307_perf_v1_m8_nongemm_nodsp_2023_2/VIT_googlebase_rtl/ViT_googlebase/ViT_googlebase.gen/sources_1/bd/vit_system/ip/vit_system_smartconnect_control_0/synth/vit_system_smartconnect_control_0.v:53]
INFO: [Synth 8-6157] synthesizing module 'bd_875e' [/home/s23520579/Vivado_project/vit_m8_board_candidate_67c18532_workspace_20260809/vivado_server_307_perf_v1_m8_nongemm_nodsp_2023_2/VIT_googlebase_rtl/ViT_googlebase/ViT_googlebase.gen/sources_1/bd/vit_system/ip/vit_system_smartconnect_control_0/bd_0/synth/bd_875e.v:10]
INFO: [Synth 8-6157] synthesizing module 'clk_map_imp_18MZM80' [/home/s23520579/Vivado_project/vit_m8_board_candidate_67c18532_workspace_20260809/vivado_server_307_perf_v1_m8_nongemm_nodsp_2023_2/VIT_googlebase_rtl/ViT_googlebase/ViT_googlebase.gen/sources_1/bd/vit_system/ip/vit_system_smartconnect_control_0/bd_0/synth/bd_875e.v:724]
INFO: [Synth 8-6157] synthesizing module 'bd_875e_one_0' [/home/s23520579/Vivado_project/vit_m8_board_candidate_67c18532_workspace_20260809/vivado_server_307_perf_v1_m8_nongemm_nodsp_2023_2/VIT_googlebase_rtl/ViT_googlebase/ViT_googlebase.gen/sources_1/bd/vit_system/ip/vit_system_smartconnect_control_0/bd_0/ip/ip_0/synth/bd_875e_one_0.v:53]
INFO: [Synth 8-6157] synthesizing module 'xlconstant_v1_1_8_xlconstant' [/home/s23520579/Vivado_project/vit_m8_board_candidate_67c18532_workspace_20260809/vivado_server_307_perf_v1_m8_nongemm_nodsp_2023_2/VIT_googlebase_rtl/ViT_googlebase/ViT_googlebase.gen/sources_1/bd/vit_system/ipshared/d390/hdl/xlconstant_v1_1_vl_rfs.v:68]
INFO: [Synth 8-6155] done synthesizing module 'xlconstant_v1_1_8_xlconstant' (0#1) [/home/s23520579/Vivado_project/vit_m8_board_candidate_67c18532_workspace_20260809/vivado_server_307_perf_v1_m8_nongemm_nodsp_2023_2/VIT_googlebase_rtl/ViT_googlebase/ViT_googlebase.gen/sources_1/bd/vit_system/ipshared/d390/hdl/xlconstant_v1_1_vl_rfs.v:68]
INFO: [Synth 8-6155] done synthesizing module 'bd_875e_one_0' (0#1) [/home/s23520579/Vivado_project/vit_m8_board_candidate_67c18532_workspace_20260809/vivado_server_307_perf_v1_m8_nongemm_nodsp_2023_2/VIT_googlebase_rtl/ViT_googlebase/ViT_googlebase.gen/sources_1/bd/vit_system/ip/vit_system_smartconnect_control_0/bd_0/ip/ip_0/synth/bd_875e_one_0.v:53]
INFO: [Synth 8-638] synthesizing module 'bd_875e_psr_aclk_0' [/home/s23520579/Vivado_project/vit_m8_board_candidate_67c18532_workspace_20260809/vivado_server_307_perf_v1_m8_nongemm_nodsp_2023_2/VIT_googlebase_rtl/ViT_googlebase/ViT_googlebase.gen/sources_1/bd/vit_system/ip/vit_system_smartconnect_control_0/bd_0/ip/ip_1/synth/bd_875e_psr_aclk_0.vhd:74]
	Parameter C_FAMILY bound to: zynquplus - type: string 
	Parameter C_EXT_RST_WIDTH bound to: 4 - type: integer 
	Parameter C_AUX_RST_WIDTH bound to: 1 - type: integer 
	Parameter C_EXT_RESET_HIGH bound to: 1'b0 
	Parameter C_AUX_RESET_HIGH bound to: 1'b0 
	Parameter C_NUM_BUS_RST bound to: 1 - type: integer 
	Parameter C_NUM_PERP_RST bound to: 1 - type: integer 
	Parameter C_NUM_INTERCONNECT_ARESETN bound to: 1 - type: integer 
	Parameter C_NUM_PERP_ARESETN bound to: 1 - type: integer 
INFO: [Synth 8-3491] module 'proc_sys_reset' declared at '/home/s23520579/Vivado_project/vit_m8_board_candidate_67c18532_workspace_20260809/vivado_server_307_perf_v1_m8_nongemm_nodsp_2023_2/VIT_googlebase_rtl/ViT_googlebase/ViT_googlebase.gen/sources_1/bd/vit_system/ipshared/408c/hdl/proc_sys_reset_v5_0_vh_rfs.vhd:1271' bound to instance 'U0' of component 'proc_sys_reset' [/home/s23520579/Vivado_project/vit_m8_board_candidate_67c18532_workspace_20260809/vivado_server_307_perf_v1_m8_nongemm_nodsp_2023_2/VIT_googlebase_rtl/ViT_googlebase/ViT_googlebase.gen/sources_1/bd/vit_system/ip/vit_system_smartconnect_control_0/bd_0/ip/ip_1/synth/bd_875e_psr_aclk_0.vhd:129]
INFO: [Synth 8-638] synthesizing module 'proc_sys_reset' [/home/s23520579/Vivado_project/vit_m8_board_candidate_67c18532_workspace_20260809/vivado_server_307_perf_v1_m8_nongemm_nodsp_2023_2/VIT_googlebase_rtl/ViT_googlebase/ViT_googlebase.gen/sources_1/bd/vit_system/ipshared/408c/hdl/proc_sys_reset_v5_0_vh_rfs.vhd:1330]
	Parameter INIT bound to: 1'b1 
INFO: [Synth 8-113] binding component instance 'FDRE_inst' to cell 'FDRE' [/home/s23520579/Vivado_project/vit_m8_board_candidate_67c18532_workspace_20260809/vivado_server_307_perf_v1_m8_nongemm_nodsp_2023_2/VIT_googlebase_rtl/ViT_googlebase/ViT_googlebase.gen/sources_1/bd/vit_system/ipshared/408c/hdl/proc_sys_reset_v5_0_vh_rfs.vhd:1399]
	Parameter INIT bound to: 1'b1 
INFO: [Synth 8-113] binding component instance 'FDRE_BSR' to cell 'FDRE' [/home/s23520579/Vivado_project/vit_m8_board_candidate_67c18532_workspace_20260809/vivado_server_307_perf_v1_m8_nongemm_nodsp_2023_2/VIT_googlebase_rtl/ViT_googlebase/ViT_googlebase.gen/sources_1/bd/vit_system/ipshared/408c/hdl/proc_sys_reset_v5_0_vh_rfs.vhd:1415]
	Parameter INIT bound to: 1'b0 
INFO: [Synth 8-113] binding component instance 'FDRE_BSR_N' to cell 'FDRE' [/home/s23520579/Vivado_project/vit_m8_board_candidate_67c18532_workspace_20260809/vivado_server_307_perf_v1_m8_nongemm_nodsp_2023_2/VIT_googlebase_rtl/ViT_googlebase/ViT_googlebase.gen/sources_1/bd/vit_system/ipshared/408c/hdl/proc_sys_reset_v5_0_vh_rfs.vhd:1441]
	Parameter INIT bound to: 1'b1 
INFO: [Synth 8-113] binding component instance 'FDRE_PER' to cell 'FDRE' [/home/s23520579/Vivado_project/vit_m8_board_candidate_67c18532_workspace_20260809/vivado_server_307_perf_v1_m8_nongemm_nodsp_2023_2/VIT_googlebase_rtl/ViT_googlebase/ViT_googlebase.gen/sources_1/bd/vit_system/ipshared/408c/hdl/proc_sys_reset_v5_0_vh_rfs.vhd:1464]
	Parameter INIT bound to: 1'b0 
INFO: [Synth 8-113] binding component instance 'FDRE_PER_N' to cell 'FDRE' [/home/s23520579/Vivado_project/vit_m8_board_candidate_67c18532_workspace_20260809/vivado_server_307_perf_v1_m8_nongemm_nodsp_2023_2/VIT_googlebase_rtl/ViT_googlebase/ViT_googlebase.gen/sources_1/bd/vit_system/ipshared/408c/hdl/proc_sys_reset_v5_0_vh_rfs.vhd:1488]
INFO: [Synth 8-638] synthesizing module 'lpf' [/home/s23520579/Vivado_project/vit_m8_board_candidate_67c18532_workspace_20260809/vivado_server_307_perf_v1_m8_nongemm_nodsp_2023_2/VIT_googlebase_rtl/ViT_googlebase/ViT_googlebase.gen/sources_1/bd/vit_system/ipshared/408c/hdl/proc_sys_reset_v5_0_vh_rfs.vhd:821]
INFO: [Synth 8-3491] module 'SRL16' declared at '/data/tools/Xilinx/Vivado/2023.2/scripts/rt/data/unisim_comp.v:133721' bound to instance 'POR_SRL_I' of component 'SRL16' [/home/s23520579/Vivado_project/vit_m8_board_candidate_67c18532_workspace_20260809/vivado_server_307_perf_v1_m8_nongemm_nodsp_2023_2/VIT_googlebase_rtl/ViT_googlebase/ViT_googlebase.gen/sources_1/bd/vit_system/ipshared/408c/hdl/proc_sys_reset_v5_0_vh_rfs.vhd:873]
INFO: [Synth 8-6157] synthesizing module 'SRL16' [/data/tools/Xilinx/Vivado/2023.2/scripts/rt/data/unisim_comp.v:133721]
INFO: [Synth 8-6155] done synthesizing module 'SRL16' (0#1) [/data/tools/Xilinx/Vivado/2023.2/scripts/rt/data/unisim_comp.v:133721]
INFO: [Synth 8-638] synthesizing module 'cdc_sync' [/home/s23520579/Vivado_project/vit_m8_board_candidate_67c18532_workspace_20260809/vivado_server_307_perf_v1_m8_nongemm_nodsp_2023_2/VIT_googlebase_rtl/ViT_googlebase/ViT_googlebase.gen/sources_1/bd/vit_system/ipshared/ef1e/hdl/lib_cdc_v1_0_rfs.vhd:106]
	Parameter INIT bound to: 1'b0 
INFO: [Synth 8-113] binding component instance 'CROSS_PLEVEL_IN2SCNDRY_IN_cdc_to' to cell 'FDR' [/home/s23520579/Vivado_project/vit_m8_board_candidate_67c18532_workspace_20260809/vivado_server_307_perf_v1_m8_nongemm_nodsp_2023_2/VIT_googlebase_rtl/ViT_googlebase/ViT_googlebase.gen/sources_1/bd/vit_system/ipshared/ef1e/hdl/lib_cdc_v1_0_rfs.vhd:514]
	Parameter INIT bound to: 1'b0 
INFO: [Synth 8-113] binding component instance 'CROSS_PLEVEL_IN2SCNDRY_s_level_out_d2' to cell 'FDR' [/home/s23520579/Vivado_project/vit_m8_board_candidate_67c18532_workspace_20260809/vivado_server_307_perf_v1_m8_nongemm_nodsp_2023_2/VIT_googlebase_rtl/ViT_googlebase/ViT_googlebase.gen/sources_1/bd/vit_system/ipshared/ef1e/hdl/lib_cdc_v1_0_rfs.vhd:545]
	Parameter INIT bound to: 1'b0 
INFO: [Synth 8-113] binding component instance 'CROSS_PLEVEL_IN2SCNDRY_s_level_out_d3' to cell 'FDR' [/home/s23520579/Vivado_project/vit_m8_board_candidate_67c18532_workspace_20260809/vivado_server_307_perf_v1_m8_nongemm_nodsp_2023_2/VIT_googlebase_rtl/ViT_googlebase/ViT_googlebase.gen/sources_1/bd/vit_system/ipshared/ef1e/hdl/lib_cdc_v1_0_rfs.vhd:554]
	Parameter INIT bound to: 1'b0 
INFO: [Synth 8-113] binding component instance 'CROSS_PLEVEL_IN2SCNDRY_s_level_out_d4' to cell 'FDR' [/home/s23520579/Vivado_project/vit_m8_board_candidate_67c18532_workspace_20260809/vivado_server_307_perf_v1_m8_nongemm_nodsp_2023_2/VIT_googlebase_rtl/ViT_googlebase/ViT_googlebase.gen/sources_1/bd/vit_system/ipshared/ef1e/hdl/lib_cdc_v1_0_rfs.vhd:564]
	Parameter INIT bound to: 1'b0 
INFO: [Synth 8-113] binding component instance 'CROSS_PLEVEL_IN2SCNDRY_s_level_out_d5' to cell 'FDR' [/home/s23520579/Vivado_project/vit_m8_board_candidate_67c18532_workspace_20260809/vivado_server_307_perf_v1_m8_nongemm_nodsp_2023_2/VIT_googlebase_rtl/ViT_googlebase/ViT_googlebase.gen/sources_1/bd/vit_system/ipshared/ef1e/hdl/lib_cdc_v1_0_rfs.vhd:574]
	Parameter INIT bound to: 1'b0 
INFO: [Synth 8-113] binding component instance 'CROSS_PLEVEL_IN2SCNDRY_s_level_out_d6' to cell 'FDR' [/home/s23520579/Vivado_project/vit_m8_board_candidate_67c18532_workspace_20260809/vivado_server_307_perf_v1_m8_nongemm_nodsp_2023_2/VIT_googlebase_rtl/ViT_googlebase/ViT_googlebase.gen/sources_1/bd/vit_system/ipshared/ef1e/hdl/lib_cdc_v1_0_rfs.vhd:584]
INFO: [Synth 8-256] done synthesizing module 'cdc_sync' (0#1) [/home/s23520579/Vivado_project/vit_m8_board_candidate_67c18532_workspace_20260809/vivado_server_307_perf_v1_m8_nongemm_nodsp_2023_2/VIT_googlebase_rtl/ViT_googlebase/ViT_googlebase.gen/sources_1/bd/vit_system/ipshared/ef1e/hdl/lib_cdc_v1_0_rfs.vhd:106]
INFO: [Synth 8-256] done synthesizing module 'lpf' (0#1) [/home/s23520579/Vivado_project/vit_m8_board_candidate_67c18532_workspace_20260809/vivado_server_307_perf_v1_m8_nongemm_nodsp_2023_2/VIT_googlebase_rtl/ViT_googlebase/ViT_googlebase.gen/sources_1/bd/vit_system/ipshared/408c/hdl/proc_sys_reset_v5_0_vh_rfs.vhd:821]
INFO: [Synth 8-638] synthesizing module 'sequence_psr' [/home/s23520579/Vivado_project/vit_m8_board_candidate_67c18532_workspace_20260809/vivado_server_307_perf_v1_m8_nongemm_nodsp_2023_2/VIT_googlebase_rtl/ViT_googlebase/ViT_googlebase.gen/sources_1/bd/vit_system/ipshared/408c/hdl/proc_sys_reset_v5_0_vh_rfs.vhd:304]
INFO: [Synth 8-638] synthesizing module 'upcnt_n' [/home/s23520579/Vivado_project/vit_m8_board_candidate_67c18532_workspace_20260809/vivado_server_307_perf_v1_m8_nongemm_nodsp_2023_2/VIT_googlebase_rtl/ViT_googlebase/ViT_googlebase.gen/sources_1/bd/vit_system/ipshared/408c/hdl/proc_sys_reset_v5_0_vh_rfs.vhd:126]
INFO: [Synth 8-256] done synthesizing module 'upcnt_n' (0#1) [/home/s23520579/Vivado_project/vit_m8_board_candidate_67c18532_workspace_20260809/vivado_server_307_perf_v1_m8_nongemm_nodsp_2023_2/VIT_googlebase_rtl/ViT_googlebase/ViT_googlebase.gen/sources_1/bd/vit_system/ipshared/408c/hdl/proc_sys_reset_v5_0_vh_rfs.vhd:126]
INFO: [Synth 8-256] done synthesizing module 'sequence_psr' (0#1) [/home/s23520579/Vivado_project/vit_m8_board_candidate_67c18532_workspace_20260809/vivado_server_307_perf_v1_m8_nongemm_nodsp_2023_2/VIT_googlebase_rtl/ViT_googlebase/ViT_googlebase.gen/sources_1/bd/vit_system/ipshared/408c/hdl/proc_sys_reset_v5_0_vh_rfs.vhd:304]
INFO: [Synth 8-256] done synthesizing module 'proc_sys_reset' (0#1) [/home/s23520579/Vivado_project/vit_m8_board_candidate_67c18532_workspace_20260809/vivado_server_307_perf_v1_m8_nongemm_nodsp_2023_2/VIT_googlebase_rtl/ViT_googlebase/ViT_googlebase.gen/sources_1/bd/vit_system/ipshared/408c/hdl/proc_sys_reset_v5_0_vh_rfs.vhd:1330]
INFO: [Synth 8-256] done synthesizing module 'bd_875e_psr_aclk_0' (0#1) [/home/s23520579/Vivado_project/vit_m8_board_candidate_67c18532_workspace_20260809/vivado_server_307_perf_v1_m8_nongemm_nodsp_2023_2/VIT_googlebase_rtl/ViT_googlebase/ViT_googlebase.gen/sources_1/bd/vit_system/ip/vit_system_smartconnect_control_0/bd_0/ip/ip_1/synth/bd_875e_psr_aclk_0.vhd:74]
WARNING: [Synth 8-7071] port 'mb_reset' of module 'bd_875e_psr_aclk_0' is unconnected for instance 'psr_aclk' [/home/s23520579/Vivado_project/vit_m8_board_candidate_67c18532_workspace_20260809/vivado_server_307_perf_v1_m8_nongemm_nodsp_2023_2/VIT_googlebase_rtl/ViT_googlebase/ViT_googlebase.gen/sources_1/bd/vit_system/ip/vit_system_smartconnect_control_0/bd_0/synth/bd_875e.v:759]
WARNING: [Synth 8-7071] port 'bus_struct_reset' of module 'bd_875e_psr_aclk_0' is unconnected for instance 'psr_aclk' [/home/s23520579/Vivado_project/vit_m8_board_candidate_67c18532_workspace_20260809/vivado_server_307_perf_v1_m8_nongemm_nodsp_2023_2/VIT_googlebase_rtl/ViT_googlebase/ViT_googlebase.gen/sources_1/bd/vit_system/ip/vit_system_smartconnect_control_0/bd_0/synth/bd_875e.v:759]
WARNING: [Synth 8-7071] port 'peripheral_reset' of module 'bd_875e_psr_aclk_0' is unconnected for instance 'psr_aclk' [/home/s23520579/Vivado_project/vit_m8_board_candidate_67c18532_workspace_20260809/vivado_server_307_perf_v1_m8_nongemm_nodsp_2023_2/VIT_googlebase_rtl/ViT_googlebase/ViT_googlebase.gen/sources_1/bd/vit_system/ip/vit_system_smartconnect_control_0/bd_0/synth/bd_875e.v:759]
WARNING: [Synth 8-7071] port 'peripheral_aresetn' of module 'bd_875e_psr_aclk_0' is unconnected for instance 'psr_aclk' [/home/s23520579/Vivado_project/vit_m8_board_candidate_67c18532_workspace_20260809/vivado_server_307_perf_v1_m8_nongemm_nodsp_2023_2/VIT_googlebase_rtl/ViT_googlebase/ViT_googlebase.gen/sources_1/bd/vit_system/ip/vit_system_smartconnect_control_0/bd_0/synth/bd_875e.v:759]
WARNING: [Synth 8-7023] instance 'psr_aclk' of module 'bd_875e_psr_aclk_0' has 10 connections declared, but only 6 given [/home/s23520579/Vivado_project/vit_m8_board_candidate_67c18532_workspace_20260809/vivado_server_307_perf_v1_m8_nongemm_nodsp_2023_2/VIT_googlebase_rtl/ViT_googlebase/ViT_googlebase.gen/sources_1/bd/vit_system/ip/vit_system_smartconnect_control_0/bd_0/synth/bd_875e.v:759]
INFO: [Synth 8-6155] done synthesizing module 'clk_map_imp_18MZM80' (0#1) [/home/s23520579/Vivado_project/vit_m8_board_candidate_67c18532_workspace_20260809/vivado_server_307_perf_v1_m8_nongemm_nodsp_2023_2/VIT_googlebase_rtl/ViT_googlebase/ViT_googlebase.gen/sources_1/bd/vit_system/ip/vit_system_smartconnect_control_0/bd_0/synth/bd_875e.v:724]
INFO: [Synth 8-6157] synthesizing module 'm00_exit_pipeline_imp_OI28PN' [/home/s23520579/Vivado_project/vit_m8_board_candidate_67c18532_workspace_20260809/vivado_server_307_perf_v1_m8_nongemm_nodsp_2023_2/VIT_googlebase_rtl/ViT_googlebase/ViT_googlebase.gen/sources_1/bd/vit_system/ip/vit_system_smartconnect_control_0/bd_0/synth/bd_875e.v:768]
INFO: [Synth 8-6157] synthesizing module 'bd_875e_m00e_0' [/home/s23520579/Vivado_project/vit_m8_board_candidate_67c18532_workspace_20260809/vivado_server_307_perf_v1_m8_nongemm_nodsp_2023_2/VIT_googlebase_rtl/ViT_googlebase/ViT_googlebase.gen/sources_1/bd/vit_system/ip/vit_system_smartconnect_control_0/bd_0/ip/ip_12/synth/bd_875e_m00e_0.sv:53]
INFO: [Synth 8-6157] synthesizing module 'xpm_cdc_async_rst' [/data/tools/Xilinx/Vivado/2023.2/data/ip/xpm/xpm_cdc/hdl/xpm_cdc.sv:1175]
INFO: [Synth 8-6155] done synthesizing module 'xpm_cdc_async_rst' (0#1) [/data/tools/Xilinx/Vivado/2023.2/data/ip/xpm/xpm_cdc/hdl/xpm_cdc.sv:1175]
INFO: [Synth 8-6155] done synthesizing module 'bd_875e_m00e_0' (0#1) [/home/s23520579/Vivado_project/vit_m8_board_candidate_67c18532_workspace_20260809/vivado_server_307_perf_v1_m8_nongemm_nodsp_2023_2/VIT_googlebase_rtl/ViT_googlebase/ViT_googlebase.gen/sources_1/bd/vit_system/ip/vit_system_smartconnect_control_0/bd_0/ip/ip_12/synth/bd_875e_m00e_0.sv:53]
INFO: [Synth 8-6155] done synthesizing module 'm00_exit_pipeline_imp_OI28PN' (0#1) [/home/s23520579/Vivado_project/vit_m8_board_candidate_67c18532_workspace_20260809/vivado_server_307_perf_v1_m8_nongemm_nodsp_2023_2/VIT_googlebase_rtl/ViT_googlebase/ViT_googlebase.gen/sources_1/bd/vit_system/ip/vit_system_smartconnect_control_0/bd_0/synth/bd_875e.v:768]
INFO: [Synth 8-6157] synthesizing module 'bd_875e_m00s2a_0' [/home/s23520579/Vivado_project/vit_m8_board_candidate_67c18532_workspace_20260809/vivado_server_307_perf_v1_m8_nongemm_nodsp_2023_2/VIT_googlebase_rtl/ViT_googlebase/ViT_googlebase.gen/sources_1/bd/vit_system/ip/vit_system_smartconnect_control_0/bd_0/ip/ip_11/synth/bd_875e_m00s2a_0.sv:53]
INFO: [Synth 8-6155] done synthesizing module 'bd_875e_m00s2a_0' (0#1) [/home/s23520579/Vivado_project/vit_m8_board_candidate_67c18532_workspace_20260809/vivado_server_307_perf_v1_m8_nongemm_nodsp_2023_2/VIT_googlebase_rtl/ViT_googlebase/ViT_googlebase.gen/sources_1/bd/vit_system/ip/vit_system_smartconnect_control_0/bd_0/ip/ip_11/synth/bd_875e_m00s2a_0.sv:53]
INFO: [Synth 8-6157] synthesizing module 'bd_875e_s00a2s_0' [/home/s23520579/Vivado_project/vit_m8_board_candidate_67c18532_workspace_20260809/vivado_server_307_perf_v1_m8_nongemm_nodsp_2023_2/VIT_googlebase_rtl/ViT_googlebase/ViT_googlebase.gen/sources_1/bd/vit_system/ip/vit_system_smartconnect_control_0/bd_0/ip/ip_5/synth/bd_875e_s00a2s_0.sv:53]
INFO: [Synth 8-6155] done synthesizing module 'bd_875e_s00a2s_0' (0#1) [/home/s23520579/Vivado_project/vit_m8_board_candidate_67c18532_workspace_20260809/vivado_server_307_perf_v1_m8_nongemm_nodsp_2023_2/VIT_googlebase_rtl/ViT_googlebase/ViT_googlebase.gen/sources_1/bd/vit_system/ip/vit_system_smartconnect_control_0/bd_0/ip/ip_5/synth/bd_875e_s00a2s_0.sv:53]
INFO: [Synth 8-6157] synthesizing module 's00_entry_pipeline_imp_1OVKP08' [/home/s23520579/Vivado_project/vit_m8_board_candidate_67c18532_workspace_20260809/vivado_server_307_perf_v1_m8_nongemm_nodsp_2023_2/VIT_googlebase_rtl/ViT_googlebase/ViT_googlebase.gen/sources_1/bd/vit_system/ip/vit_system_smartconnect_control_0/bd_0/synth/bd_875e.v:1069]
INFO: [Synth 8-6157] synthesizing module 'bd_875e_s00mmu_0' [/home/s23520579/Vivado_project/vit_m8_board_candidate_67c18532_workspace_20260809/vivado_server_307_perf_v1_m8_nongemm_nodsp_2023_2/VIT_googlebase_rtl/ViT_googlebase/ViT_googlebase.gen/sources_1/bd/vit_system/ip/vit_system_smartconnect_control_0/bd_0/ip/ip_2/synth/bd_875e_s00mmu_0.sv:53]
INFO: [Synth 8-6155] done synthesizing module 'bd_875e_s00mmu_0' (0#1) [/home/s23520579/Vivado_project/vit_m8_board_candidate_67c18532_workspace_20260809/vivado_server_307_perf_v1_m8_nongemm_nodsp_2023_2/VIT_googlebase_rtl/ViT_googlebase/ViT_googlebase.gen/sources_1/bd/vit_system/ip/vit_system_smartconnect_control_0/bd_0/ip/ip_2/synth/bd_875e_s00mmu_0.sv:53]
INFO: [Synth 8-6157] synthesizing module 'bd_875e_s00sic_0' [/home/s23520579/Vivado_project/vit_m8_board_candidate_67c18532_workspace_20260809/vivado_server_307_perf_v1_m8_nongemm_nodsp_2023_2/VIT_googlebase_rtl/ViT_googlebase/ViT_googlebase.gen/sources_1/bd/vit_system/ip/vit_system_smartconnect_control_0/bd_0/ip/ip_4/synth/bd_875e_s00sic_0.sv:53]
INFO: [Synth 8-6155] done synthesizing module 'bd_875e_s00sic_0' (0#1) [/home/s23520579/Vivado_project/vit_m8_board_candidate_67c18532_workspace_20260809/vivado_server_307_perf_v1_m8_nongemm_nodsp_2023_2/VIT_googlebase_rtl/ViT_googlebase/ViT_googlebase.gen/sources_1/bd/vit_system/ip/vit_system_smartconnect_control_0/bd_0/ip/ip_4/synth/bd_875e_s00sic_0.sv:53]
INFO: [Synth 8-6157] synthesizing module 'bd_875e_s00tr_0' [/home/s23520579/Vivado_project/vit_m8_board_candidate_67c18532_workspace_20260809/vivado_server_307_perf_v1_m8_nongemm_nodsp_2023_2/VIT_googlebase_rtl/ViT_googlebase/ViT_googlebase.gen/sources_1/bd/vit_system/ip/vit_system_smartconnect_control_0/bd_0/ip/ip_3/synth/bd_875e_s00tr_0.sv:53]
INFO: [Synth 8-6155] done synthesizing module 'bd_875e_s00tr_0' (0#1) [/home/s23520579/Vivado_project/vit_m8_board_candidate_67c18532_workspace_20260809/vivado_server_307_perf_v1_m8_nongemm_nodsp_2023_2/VIT_googlebase_rtl/ViT_googlebase/ViT_googlebase.gen/sources_1/bd/vit_system/ip/vit_system_smartconnect_control_0/bd_0/ip/ip_3/synth/bd_875e_s00tr_0.sv:53]
INFO: [Synth 8-6155] done synthesizing module 's00_entry_pipeline_imp_1OVKP08' (0#1) [/home/s23520579/Vivado_project/vit_m8_board_candidate_67c18532_workspace_20260809/vivado_server_307_perf_v1_m8_nongemm_nodsp_2023_2/VIT_googlebase_rtl/ViT_googlebase/ViT_googlebase.gen/sources_1/bd/vit_system/ip/vit_system_smartconnect_control_0/bd_0/synth/bd_875e.v:1069]
INFO: [Synth 8-6157] synthesizing module 's00_nodes_imp_1LEDGN6' [/home/s23520579/Vivado_project/vit_m8_board_candidate_67c18532_workspace_20260809/vivado_server_307_perf_v1_m8_nongemm_nodsp_2023_2/VIT_googlebase_rtl/ViT_googlebase/ViT_googlebase.gen/sources_1/bd/vit_system/ip/vit_system_smartconnect_control_0/bd_0/synth/bd_875e.v:1728]
INFO: [Synth 8-6157] synthesizing module 'bd_875e_sarn_0' [/home/s23520579/Vivado_project/vit_m8_board_candidate_67c18532_workspace_20260809/vivado_server_307_perf_v1_m8_nongemm_nodsp_2023_2/VIT_googlebase_rtl/ViT_googlebase/ViT_googlebase.gen/sources_1/bd/vit_system/ip/vit_system_smartconnect_control_0/bd_0/ip/ip_6/synth/bd_875e_sarn_0.sv:53]
INFO: [Synth 8-6155] done synthesizing module 'bd_875e_sarn_0' (0#1) [/home/s23520579/Vivado_project/vit_m8_board_candidate_67c18532_workspace_20260809/vivado_server_307_perf_v1_m8_nongemm_nodsp_2023_2/VIT_googlebase_rtl/ViT_googlebase/ViT_googlebase.gen/sources_1/bd/vit_system/ip/vit_system_smartconnect_control_0/bd_0/ip/ip_6/synth/bd_875e_sarn_0.sv:53]
INFO: [Synth 8-6157] synthesizing module 'bd_875e_sawn_0' [/home/s23520579/Vivado_project/vit_m8_board_candidate_67c18532_workspace_20260809/vivado_server_307_perf_v1_m8_nongemm_nodsp_2023_2/VIT_googlebase_rtl/ViT_googlebase/ViT_googlebase.gen/sources_1/bd/vit_system/ip/vit_system_smartconnect_control_0/bd_0/ip/ip_8/synth/bd_875e_sawn_0.sv:53]
INFO: [Synth 8-6155] done synthesizing module 'bd_875e_sawn_0' (0#1) [/home/s23520579/Vivado_project/vit_m8_board_candidate_67c18532_workspace_20260809/vivado_server_307_perf_v1_m8_nongemm_nodsp_2023_2/VIT_googlebase_rtl/ViT_googlebase/ViT_googlebase.gen/sources_1/bd/vit_system/ip/vit_system_smartconnect_control_0/bd_0/ip/ip_8/synth/bd_875e_sawn_0.sv:53]
INFO: [Synth 8-6157] synthesizing module 'bd_875e_sbn_0' [/home/s23520579/Vivado_project/vit_m8_board_candidate_67c18532_workspace_20260809/vivado_server_307_perf_v1_m8_nongemm_nodsp_2023_2/VIT_googlebase_rtl/ViT_googlebase/ViT_googlebase.gen/sources_1/bd/vit_system/ip/vit_system_smartconnect_control_0/bd_0/ip/ip_10/synth/bd_875e_sbn_0.sv:53]
INFO: [Synth 8-6155] done synthesizing module 'bd_875e_sbn_0' (0#1) [/home/s23520579/Vivado_project/vit_m8_board_candidate_67c18532_workspace_20260809/vivado_server_307_perf_v1_m8_nongemm_nodsp_2023_2/VIT_googlebase_rtl/ViT_googlebase/ViT_googlebase.gen/sources_1/bd/vit_system/ip/vit_system_smartconnect_control_0/bd_0/ip/ip_10/synth/bd_875e_sbn_0.sv:53]
INFO: [Synth 8-6157] synthesizing module 'bd_875e_srn_0' [/home/s23520579/Vivado_project/vit_m8_board_candidate_67c18532_workspace_20260809/vivado_server_307_perf_v1_m8_nongemm_nodsp_2023_2/VIT_googlebase_rtl/ViT_googlebase/ViT_googlebase.gen/sources_1/bd/vit_system/ip/vit_system_smartconnect_control_0/bd_0/ip/ip_7/synth/bd_875e_srn_0.sv:53]
INFO: [Synth 8-6155] done synthesizing module 'bd_875e_srn_0' (0#1) [/home/s23520579/Vivado_project/vit_m8_board_candidate_67c18532_workspace_20260809/vivado_server_307_perf_v1_m8_nongemm_nodsp_2023_2/VIT_googlebase_rtl/ViT_googlebase/ViT_googlebase.gen/sources_1/bd/vit_system/ip/vit_system_smartconnect_control_0/bd_0/ip/ip_7/synth/bd_875e_srn_0.sv:53]
INFO: [Synth 8-6157] synthesizing module 'bd_875e_swn_0' [/home/s23520579/Vivado_project/vit_m8_board_candidate_67c18532_workspace_20260809/vivado_server_307_perf_v1_m8_nongemm_nodsp_2023_2/VIT_googlebase_rtl/ViT_googlebase/ViT_googlebase.gen/sources_1/bd/vit_system/ip/vit_system_smartconnect_control_0/bd_0/ip/ip_9/synth/bd_875e_swn_0.sv:53]
INFO: [Synth 8-6155] done synthesizing module 'bd_875e_swn_0' (0#1) [/home/s23520579/Vivado_project/vit_m8_board_candidate_67c18532_workspace_20260809/vivado_server_307_perf_v1_m8_nongemm_nodsp_2023_2/VIT_googlebase_rtl/ViT_googlebase/ViT_googlebase.gen/sources_1/bd/vit_system/ip/vit_system_smartconnect_control_0/bd_0/ip/ip_9/synth/bd_875e_swn_0.sv:53]
INFO: [Synth 8-6155] done synthesizing module 's00_nodes_imp_1LEDGN6' (0#1) [/home/s23520579/Vivado_project/vit_m8_board_candidate_67c18532_workspace_20260809/vivado_server_307_perf_v1_m8_nongemm_nodsp_2023_2/VIT_googlebase_rtl/ViT_googlebase/ViT_googlebase.gen/sources_1/bd/vit_system/ip/vit_system_smartconnect_control_0/bd_0/synth/bd_875e.v:1728]
INFO: [Synth 8-6155] done synthesizing module 'bd_875e' (0#1) [/home/s23520579/Vivado_project/vit_m8_board_candidate_67c18532_workspace_20260809/vivado_server_307_perf_v1_m8_nongemm_nodsp_2023_2/VIT_googlebase_rtl/ViT_googlebase/ViT_googlebase.gen/sources_1/bd/vit_system/ip/vit_system_smartconnect_control_0/bd_0/synth/bd_875e.v:10]
INFO: [Synth 8-6155] done synthesizing module 'vit_system_smartconnect_control_0' (0#1) [/home/s23520579/Vivado_project/vit_m8_board_candidate_67c18532_workspace_20260809/vivado_server_307_perf_v1_m8_nongemm_nodsp_2023_2/VIT_googlebase_rtl/ViT_googlebase/ViT_googlebase.gen/sources_1/bd/vit_system/ip/vit_system_smartconnect_control_0/synth/vit_system_smartconnect_control_0.v:53]
WARNING: [Synth 8-3848] Net aresetn_out in module/entity clk_map_imp_18MZM80 does not have driver. [/home/s23520579/Vivado_project/vit_m8_board_candidate_67c18532_workspace_20260809/vivado_server_307_perf_v1_m8_nongemm_nodsp_2023_2/VIT_googlebase_rtl/ViT_googlebase/ViT_googlebase.gen/sources_1/bd/vit_system/ip/vit_system_smartconnect_control_0/bd_0/synth/bd_875e.v:740]
WARNING: [Synth 8-7129] Port din[0] in module sc_util_v1_0_4_onehot_to_binary is either unconnected or has no load
WARNING: [Synth 8-7129] Port aclk in module sc_util_v1_0_4_pipeline__parameterized0 is either unconnected or has no load
WARNING: [Synth 8-7129] Port aclken in module sc_util_v1_0_4_pipeline__parameterized0 is either unconnected or has no load
WARNING: [Synth 8-7129] Port areset in module sc_util_v1_0_4_pipeline__parameterized0 is either unconnected or has no load
WARNING: [Synth 8-7129] Port slow_clk in module sc_util_v1_0_4_sample_cycle_ratio is either unconnected or has no load
WARNING: [Synth 8-7129] Port fast_clk in module sc_util_v1_0_4_sample_cycle_ratio is either unconnected or has no load
WARNING: [Synth 8-7129] Port aclk in module sc_util_v1_0_4_pipeline__parameterized7 is either unconnected or has no load
WARNING: [Synth 8-7129] Port aclken in module sc_util_v1_0_4_pipeline__parameterized7 is either unconnected or has no load
WARNING: [Synth 8-7129] Port areset in module sc_util_v1_0_4_pipeline__parameterized7 is either unconnected or has no load
WARNING: [Synth 8-7129] Port aclk in module sc_node_v1_0_15_reg_slice3 is either unconnected or has no load
WARNING: [Synth 8-7129] Port aclken in module sc_node_v1_0_15_reg_slice3 is either unconnected or has no load
WARNING: [Synth 8-7129] Port areset in module sc_node_v1_0_15_reg_slice3 is either unconnected or has no load
WARNING: [Synth 8-7129] Port aclk in module sc_util_v1_0_4_pipeline__parameterized6 is either unconnected or has no load
WARNING: [Synth 8-7129] Port aclken in module sc_util_v1_0_4_pipeline__parameterized6 is either unconnected or has no load
WARNING: [Synth 8-7129] Port areset in module sc_util_v1_0_4_pipeline__parameterized6 is either unconnected or has no load
WARNING: [Synth 8-7129] Port aclk in module sc_node_v1_0_15_si_handler__parameterized3 is either unconnected or has no load
WARNING: [Synth 8-7129] Port aclken in module sc_node_v1_0_15_si_handler__parameterized3 is either unconnected or has no load
WARNING: [Synth 8-7129] Port areset in module sc_node_v1_0_15_si_handler__parameterized3 is either unconnected or has no load
WARNING: [Synth 8-7129] Port s_sc_req[0] in module sc_node_v1_0_15_si_handler__parameterized3 is either unconnected or has no load
WARNING: [Synth 8-7129] Port s_sc_info[0] in module sc_node_v1_0_15_si_handler__parameterized3 is either unconnected or has no load
WARNING: [Synth 8-7129] Port s_axis_arb_tvalid in module sc_node_v1_0_15_si_handler__parameterized3 is either unconnected or has no load
WARNING: [Synth 8-7129] Port s_axis_arb_tdata[15] in module sc_node_v1_0_15_si_handler__parameterized3 is either unconnected or has no load
WARNING: [Synth 8-7129] Port s_axis_arb_tdata[14] in module sc_node_v1_0_15_si_handler__parameterized3 is either unconnected or has no load
WARNING: [Synth 8-7129] Port s_axis_arb_tdata[13] in module sc_node_v1_0_15_si_handler__parameterized3 is either unconnected or has no load
WARNING: [Synth 8-7129] Port s_axis_arb_tdata[12] in module sc_node_v1_0_15_si_handler__parameterized3 is either unconnected or has no load
WARNING: [Synth 8-7129] Port s_axis_arb_tdata[11] in module sc_node_v1_0_15_si_handler__parameterized3 is either unconnected or has no load
WARNING: [Synth 8-7129] Port s_axis_arb_tdata[10] in module sc_node_v1_0_15_si_handler__parameterized3 is either unconnected or has no load
WARNING: [Synth 8-7129] Port s_axis_arb_tdata[9] in module sc_node_v1_0_15_si_handler__parameterized3 is either unconnected or has no load
WARNING: [Synth 8-7129] Port s_axis_arb_tdata[8] in module sc_node_v1_0_15_si_handler__parameterized3 is either unconnected or has no load
WARNING: [Synth 8-7129] Port s_axis_arb_tdata[7] in module sc_node_v1_0_15_si_handler__parameterized3 is either unconnected or has no load
WARNING: [Synth 8-7129] Port s_axis_arb_tdata[6] in module sc_node_v1_0_15_si_handler__parameterized3 is either unconnected or has no load
WARNING: [Synth 8-7129] Port s_axis_arb_tdata[5] in module sc_node_v1_0_15_si_handler__parameterized3 is either unconnected or has no load
WARNING: [Synth 8-7129] Port s_axis_arb_tdata[4] in module sc_node_v1_0_15_si_handler__parameterized3 is either unconnected or has no load
WARNING: [Synth 8-7129] Port s_axis_arb_tdata[3] in module sc_node_v1_0_15_si_handler__parameterized3 is either unconnected or has no load
WARNING: [Synth 8-7129] Port s_axis_arb_tdata[2] in module sc_node_v1_0_15_si_handler__parameterized3 is either unconnected or has no load
WARNING: [Synth 8-7129] Port s_axis_arb_tdata[1] in module sc_node_v1_0_15_si_handler__parameterized3 is either unconnected or has no load
WARNING: [Synth 8-7129] Port s_axis_arb_tdata[0] in module sc_node_v1_0_15_si_handler__parameterized3 is either unconnected or has no load
WARNING: [Synth 8-7129] Port m_axis_arb_tready in module sc_node_v1_0_15_si_handler__parameterized3 is either unconnected or has no load
WARNING: [Synth 8-7129] Port aclk in module sc_util_v1_0_4_axic_register_slice is either unconnected or has no load
WARNING: [Synth 8-7129] Port areset in module sc_util_v1_0_4_axic_register_slice is either unconnected or has no load
WARNING: [Synth 8-7129] Port aclken in module sc_util_v1_0_4_axic_register_slice is either unconnected or has no load
WARNING: [Synth 8-7129] Port m_sc_aclken in module sc_node_v1_0_15_top__parameterized3 is either unconnected or has no load
WARNING: [Synth 8-7129] Port aclk in module sc_node_v1_0_15_si_handler__parameterized2 is either unconnected or has no load
WARNING: [Synth 8-7129] Port aclken in module sc_node_v1_0_15_si_handler__parameterized2 is either unconnected or has no load
WARNING: [Synth 8-7129] Port areset in module sc_node_v1_0_15_si_handler__parameterized2 is either unconnected or has no load
WARNING: [Synth 8-7129] Port s_sc_req[0] in module sc_node_v1_0_15_si_handler__parameterized2 is either unconnected or has no load
WARNING: [Synth 8-7129] Port s_sc_info[0] in module sc_node_v1_0_15_si_handler__parameterized2 is either unconnected or has no load
WARNING: [Synth 8-7129] Port s_axis_arb_tvalid in module sc_node_v1_0_15_si_handler__parameterized2 is either unconnected or has no load
WARNING: [Synth 8-7129] Port s_axis_arb_tdata[15] in module sc_node_v1_0_15_si_handler__parameterized2 is either unconnected or has no load
WARNING: [Synth 8-7129] Port s_axis_arb_tdata[14] in module sc_node_v1_0_15_si_handler__parameterized2 is either unconnected or has no load
WARNING: [Synth 8-7129] Port s_axis_arb_tdata[13] in module sc_node_v1_0_15_si_handler__parameterized2 is either unconnected or has no load
WARNING: [Synth 8-7129] Port s_axis_arb_tdata[12] in module sc_node_v1_0_15_si_handler__parameterized2 is either unconnected or has no load
WARNING: [Synth 8-7129] Port s_axis_arb_tdata[11] in module sc_node_v1_0_15_si_handler__parameterized2 is either unconnected or has no load
WARNING: [Synth 8-7129] Port s_axis_arb_tdata[10] in module sc_node_v1_0_15_si_handler__parameterized2 is either unconnected or has no load
WARNING: [Synth 8-7129] Port s_axis_arb_tdata[9] in module sc_node_v1_0_15_si_handler__parameterized2 is either unconnected or has no load
WARNING: [Synth 8-7129] Port s_axis_arb_tdata[8] in module sc_node_v1_0_15_si_handler__parameterized2 is either unconnected or has no load
WARNING: [Synth 8-7129] Port s_axis_arb_tdata[7] in module sc_node_v1_0_15_si_handler__parameterized2 is either unconnected or has no load
WARNING: [Synth 8-7129] Port s_axis_arb_tdata[6] in module sc_node_v1_0_15_si_handler__parameterized2 is either unconnected or has no load
WARNING: [Synth 8-7129] Port s_axis_arb_tdata[5] in module sc_node_v1_0_15_si_handler__parameterized2 is either unconnected or has no load
WARNING: [Synth 8-7129] Port s_axis_arb_tdata[4] in module sc_node_v1_0_15_si_handler__parameterized2 is either unconnected or has no load
WARNING: [Synth 8-7129] Port s_axis_arb_tdata[3] in module sc_node_v1_0_15_si_handler__parameterized2 is either unconnected or has no load
WARNING: [Synth 8-7129] Port s_axis_arb_tdata[2] in module sc_node_v1_0_15_si_handler__parameterized2 is either unconnected or has no load
WARNING: [Synth 8-7129] Port s_axis_arb_tdata[1] in module sc_node_v1_0_15_si_handler__parameterized2 is either unconnected or has no load
WARNING: [Synth 8-7129] Port s_axis_arb_tdata[0] in module sc_node_v1_0_15_si_handler__parameterized2 is either unconnected or has no load
WARNING: [Synth 8-7129] Port m_axis_arb_tready in module sc_node_v1_0_15_si_handler__parameterized2 is either unconnected or has no load
WARNING: [Synth 8-7129] Port m_sc_aclken in module sc_node_v1_0_15_top__parameterized2 is either unconnected or has no load
WARNING: [Synth 8-7129] Port aclk in module sc_util_v1_0_4_pipeline__parameterized5 is either unconnected or has no load
WARNING: [Synth 8-7129] Port aclken in module sc_util_v1_0_4_pipeline__parameterized5 is either unconnected or has no load
WARNING: [Synth 8-7129] Port areset in module sc_util_v1_0_4_pipeline__parameterized5 is either unconnected or has no load
WARNING: [Synth 8-7129] Port aclk in module sc_util_v1_0_4_pipeline__parameterized4 is either unconnected or has no load
WARNING: [Synth 8-7129] Port aclken in module sc_util_v1_0_4_pipeline__parameterized4 is either unconnected or has no load
WARNING: [Synth 8-7129] Port areset in module sc_util_v1_0_4_pipeline__parameterized4 is either unconnected or has no load
WARNING: [Synth 8-7129] Port aclk in module sc_node_v1_0_15_si_handler__parameterized1 is either unconnected or has no load
WARNING: [Synth 8-7129] Port aclken in module sc_node_v1_0_15_si_handler__parameterized1 is either unconnected or has no load
WARNING: [Synth 8-7129] Port areset in module sc_node_v1_0_15_si_handler__parameterized1 is either unconnected or has no load
WARNING: [Synth 8-7129] Port s_sc_req[0] in module sc_node_v1_0_15_si_handler__parameterized1 is either unconnected or has no load
WARNING: [Synth 8-7129] Port s_sc_info[0] in module sc_node_v1_0_15_si_handler__parameterized1 is either unconnected or has no load
WARNING: [Synth 8-7129] Port s_axis_arb_tvalid in module sc_node_v1_0_15_si_handler__parameterized1 is either unconnected or has no load
WARNING: [Synth 8-7129] Port s_axis_arb_tdata[15] in module sc_node_v1_0_15_si_handler__parameterized1 is either unconnected or has no load
WARNING: [Synth 8-7129] Port s_axis_arb_tdata[14] in module sc_node_v1_0_15_si_handler__parameterized1 is either unconnected or has no load
WARNING: [Synth 8-7129] Port s_axis_arb_tdata[13] in module sc_node_v1_0_15_si_handler__parameterized1 is either unconnected or has no load
WARNING: [Synth 8-7129] Port s_axis_arb_tdata[12] in module sc_node_v1_0_15_si_handler__parameterized1 is either unconnected or has no load
WARNING: [Synth 8-7129] Port s_axis_arb_tdata[11] in module sc_node_v1_0_15_si_handler__parameterized1 is either unconnected or has no load
WARNING: [Synth 8-7129] Port s_axis_arb_tdata[10] in module sc_node_v1_0_15_si_handler__parameterized1 is either unconnected or has no load
WARNING: [Synth 8-7129] Port s_axis_arb_tdata[9] in module sc_node_v1_0_15_si_handler__parameterized1 is either unconnected or has no load
WARNING: [Synth 8-7129] Port s_axis_arb_tdata[8] in module sc_node_v1_0_15_si_handler__parameterized1 is either unconnected or has no load
WARNING: [Synth 8-7129] Port s_axis_arb_tdata[7] in module sc_node_v1_0_15_si_handler__parameterized1 is either unconnected or has no load
WARNING: [Synth 8-7129] Port s_axis_arb_tdata[6] in module sc_node_v1_0_15_si_handler__parameterized1 is either unconnected or has no load
WARNING: [Synth 8-7129] Port s_axis_arb_tdata[5] in module sc_node_v1_0_15_si_handler__parameterized1 is either unconnected or has no load
WARNING: [Synth 8-7129] Port s_axis_arb_tdata[4] in module sc_node_v1_0_15_si_handler__parameterized1 is either unconnected or has no load
WARNING: [Synth 8-7129] Port s_axis_arb_tdata[3] in module sc_node_v1_0_15_si_handler__parameterized1 is either unconnected or has no load
WARNING: [Synth 8-7129] Port s_axis_arb_tdata[2] in module sc_node_v1_0_15_si_handler__parameterized1 is either unconnected or has no load
WARNING: [Synth 8-7129] Port s_axis_arb_tdata[1] in module sc_node_v1_0_15_si_handler__parameterized1 is either unconnected or has no load
WARNING: [Synth 8-7129] Port s_axis_arb_tdata[0] in module sc_node_v1_0_15_si_handler__parameterized1 is either unconnected or has no load
WARNING: [Synth 8-7129] Port m_axis_arb_tready in module sc_node_v1_0_15_si_handler__parameterized1 is either unconnected or has no load
WARNING: [Synth 8-7129] Port m_sc_aclken in module sc_node_v1_0_15_top__parameterized1 is either unconnected or has no load
WARNING: [Synth 8-7129] Port aclk in module sc_util_v1_0_4_pipeline__parameterized3 is either unconnected or has no load
WARNING: [Synth 8-7129] Port aclken in module sc_util_v1_0_4_pipeline__parameterized3 is either unconnected or has no load
WARNING: [Synth 8-7129] Port areset in module sc_util_v1_0_4_pipeline__parameterized3 is either unconnected or has no load
WARNING: [Synth 8-7129] Port aclk in module sc_util_v1_0_4_pipeline__parameterized1 is either unconnected or has no load
INFO: [Common 17-14] Message 'Synth 8-7129' appears 100 times and further instances of the messages will be disabled. Use the Tcl command set_msg_config to change the current settings.
---------------------------------------------------------------------------------
Finished RTL Elaboration : Time (s): cpu = 00:00:08 ; elapsed = 00:00:09 . Memory (MB): peak = 2747.363 ; gain = 438.684 ; free physical = 226960 ; free virtual = 243825
---------------------------------------------------------------------------------
---------------------------------------------------------------------------------
Start Handling Custom Attributes
---------------------------------------------------------------------------------
---------------------------------------------------------------------------------
Finished Handling Custom Attributes : Time (s): cpu = 00:00:08 ; elapsed = 00:00:09 . Memory (MB): peak = 2747.363 ; gain = 438.684 ; free physical = 226960 ; free virtual = 243825
---------------------------------------------------------------------------------
---------------------------------------------------------------------------------
Finished RTL Optimization Phase 1 : Time (s): cpu = 00:00:08 ; elapsed = 00:00:09 . Memory (MB): peak = 2747.363 ; gain = 438.684 ; free physical = 226960 ; free virtual = 243825
---------------------------------------------------------------------------------
Netlist sorting complete. Time (s): cpu = 00:00:00.55 ; elapsed = 00:00:00.55 . Memory (MB): peak = 2759.363 ; gain = 0.000 ; free physical = 226958 ; free virtual = 243823
INFO: [Netlist 29-17] Analyzing 13 Unisim elements for replacement
INFO: [Netlist 29-28] Unisim Transformation completed in 0 CPU seconds
INFO: [Project 1-570] Preparing netlist for logic optimization

Processing XDC Constraints
Initializing timing engine
Parsing XDC File [/home/s23520579/Vivado_project/vit_m8_board_candidate_67c18532_workspace_20260809/vivado_server_307_perf_v1_m8_nongemm_nodsp_2023_2/VIT_googlebase_rtl/ViT_googlebase/ViT_googlebase.gen/sources_1/bd/vit_system/ip/vit_system_smartconnect_control_0/ooc.xdc] for cell 'inst'
Finished Parsing XDC File [/home/s23520579/Vivado_project/vit_m8_board_candidate_67c18532_workspace_20260809/vivado_server_307_perf_v1_m8_nongemm_nodsp_2023_2/VIT_googlebase_rtl/ViT_googlebase/ViT_googlebase.gen/sources_1/bd/vit_system/ip/vit_system_smartconnect_control_0/ooc.xdc] for cell 'inst'
Parsing XDC File [/home/s23520579/Vivado_project/vit_m8_board_candidate_67c18532_workspace_20260809/vivado_server_307_perf_v1_m8_nongemm_nodsp_2023_2/VIT_googlebase_rtl/ViT_googlebase/ViT_googlebase.gen/sources_1/bd/vit_system/ip/vit_system_smartconnect_control_0/bd_0/ip/ip_1/bd_875e_psr_aclk_0_board.xdc] for cell 'inst/clk_map/psr_aclk/U0'
Finished Parsing XDC File [/home/s23520579/Vivado_project/vit_m8_board_candidate_67c18532_workspace_20260809/vivado_server_307_perf_v1_m8_nongemm_nodsp_2023_2/VIT_googlebase_rtl/ViT_googlebase/ViT_googlebase.gen/sources_1/bd/vit_system/ip/vit_system_smartconnect_control_0/bd_0/ip/ip_1/bd_875e_psr_aclk_0_board.xdc] for cell 'inst/clk_map/psr_aclk/U0'
Parsing XDC File [/home/s23520579/Vivado_project/vit_m8_board_candidate_67c18532_workspace_20260809/vivado_server_307_perf_v1_m8_nongemm_nodsp_2023_2/VIT_googlebase_rtl/ViT_googlebase/ViT_googlebase.gen/sources_1/bd/vit_system/ip/vit_system_smartconnect_control_0/bd_0/ip/ip_1/bd_875e_psr_aclk_0.xdc] for cell 'inst/clk_map/psr_aclk/U0'
Finished Parsing XDC File [/home/s23520579/Vivado_project/vit_m8_board_candidate_67c18532_workspace_20260809/vivado_server_307_perf_v1_m8_nongemm_nodsp_2023_2/VIT_googlebase_rtl/ViT_googlebase/ViT_googlebase.gen/sources_1/bd/vit_system/ip/vit_system_smartconnect_control_0/bd_0/ip/ip_1/bd_875e_psr_aclk_0.xdc] for cell 'inst/clk_map/psr_aclk/U0'
INFO: [Project 1-236] Implementation specific constraints were found while reading constraint file [/home/s23520579/Vivado_project/vit_m8_board_candidate_67c18532_workspace_20260809/vivado_server_307_perf_v1_m8_nongemm_nodsp_2023_2/VIT_googlebase_rtl/ViT_googlebase/ViT_googlebase.gen/sources_1/bd/vit_system/ip/vit_system_smartconnect_control_0/bd_0/ip/ip_1/bd_875e_psr_aclk_0.xdc]. These constraints will be ignored for synthesis but will be used in implementation. Impacted constraints are listed in the file [.Xil/vit_system_smartconnect_control_0_propImpl.xdc].
Resolution: To avoid this warning, move constraints listed in [.Xil/vit_system_smartconnect_control_0_propImpl.xdc] to another XDC file and exclude this new file from synthesis with the used_in_synthesis property (File Properties dialog in GUI) and re-run elaboration/synthesis.
Parsing XDC File [/home/s23520579/Vivado_project/vit_m8_board_candidate_67c18532_workspace_20260809/vivado_server_307_perf_v1_m8_nongemm_nodsp_2023_2/VIT_googlebase_rtl/ViT_googlebase/ViT_googlebase.gen/sources_1/bd/vit_system/ip/vit_system_smartconnect_control_0/bd_0/ip/ip_6/bd_875e_sarn_0_clocks.xdc] for cell 'inst/s00_nodes/s00_ar_node/inst'
Finished Parsing XDC File [/home/s23520579/Vivado_project/vit_m8_board_candidate_67c18532_workspace_20260809/vivado_server_307_perf_v1_m8_nongemm_nodsp_2023_2/VIT_googlebase_rtl/ViT_googlebase/ViT_googlebase.gen/sources_1/bd/vit_system/ip/vit_system_smartconnect_control_0/bd_0/ip/ip_6/bd_875e_sarn_0_clocks.xdc] for cell 'inst/s00_nodes/s00_ar_node/inst'
INFO: [Project 1-236] Implementation specific constraints were found while reading constraint file [/home/s23520579/Vivado_project/vit_m8_board_candidate_67c18532_workspace_20260809/vivado_server_307_perf_v1_m8_nongemm_nodsp_2023_2/VIT_googlebase_rtl/ViT_googlebase/ViT_googlebase.gen/sources_1/bd/vit_system/ip/vit_system_smartconnect_control_0/bd_0/ip/ip_6/bd_875e_sarn_0_clocks.xdc]. These constraints will be ignored for synthesis but will be used in implementation. Impacted constraints are listed in the file [.Xil/vit_system_smartconnect_control_0_propImpl.xdc].
Resolution: To avoid this warning, move constraints listed in [.Xil/vit_system_smartconnect_control_0_propImpl.xdc] to another XDC file and exclude this new file from synthesis with the used_in_synthesis property (File Properties dialog in GUI) and re-run elaboration/synthesis.
Parsing XDC File [/home/s23520579/Vivado_project/vit_m8_board_candidate_67c18532_workspace_20260809/vivado_server_307_perf_v1_m8_nongemm_nodsp_2023_2/VIT_googlebase_rtl/ViT_googlebase/ViT_googlebase.gen/sources_1/bd/vit_system/ip/vit_system_smartconnect_control_0/bd_0/ip/ip_7/bd_875e_srn_0_clocks.xdc] for cell 'inst/s00_nodes/s00_r_node/inst'
Finished Parsing XDC File [/home/s23520579/Vivado_project/vit_m8_board_candidate_67c18532_workspace_20260809/vivado_server_307_perf_v1_m8_nongemm_nodsp_2023_2/VIT_googlebase_rtl/ViT_googlebase/ViT_googlebase.gen/sources_1/bd/vit_system/ip/vit_system_smartconnect_control_0/bd_0/ip/ip_7/bd_875e_srn_0_clocks.xdc] for cell 'inst/s00_nodes/s00_r_node/inst'
INFO: [Project 1-236] Implementation specific constraints were found while reading constraint file [/home/s23520579/Vivado_project/vit_m8_board_candidate_67c18532_workspace_20260809/vivado_server_307_perf_v1_m8_nongemm_nodsp_2023_2/VIT_googlebase_rtl/ViT_googlebase/ViT_googlebase.gen/sources_1/bd/vit_system/ip/vit_system_smartconnect_control_0/bd_0/ip/ip_7/bd_875e_srn_0_clocks.xdc]. These constraints will be ignored for synthesis but will be used in implementation. Impacted constraints are listed in the file [.Xil/vit_system_smartconnect_control_0_propImpl.xdc].
Resolution: To avoid this warning, move constraints listed in [.Xil/vit_system_smartconnect_control_0_propImpl.xdc] to another XDC file and exclude this new file from synthesis with the used_in_synthesis property (File Properties dialog in GUI) and re-run elaboration/synthesis.
Parsing XDC File [/home/s23520579/Vivado_project/vit_m8_board_candidate_67c18532_workspace_20260809/vivado_server_307_perf_v1_m8_nongemm_nodsp_2023_2/VIT_googlebase_rtl/ViT_googlebase/ViT_googlebase.gen/sources_1/bd/vit_system/ip/vit_system_smartconnect_control_0/bd_0/ip/ip_8/bd_875e_sawn_0_clocks.xdc] for cell 'inst/s00_nodes/s00_aw_node/inst'
Finished Parsing XDC File [/home/s23520579/Vivado_project/vit_m8_board_candidate_67c18532_workspace_20260809/vivado_server_307_perf_v1_m8_nongemm_nodsp_2023_2/VIT_googlebase_rtl/ViT_googlebase/ViT_googlebase.gen/sources_1/bd/vit_system/ip/vit_system_smartconnect_control_0/bd_0/ip/ip_8/bd_875e_sawn_0_clocks.xdc] for cell 'inst/s00_nodes/s00_aw_node/inst'
INFO: [Project 1-236] Implementation specific constraints were found while reading constraint file [/home/s23520579/Vivado_project/vit_m8_board_candidate_67c18532_workspace_20260809/vivado_server_307_perf_v1_m8_nongemm_nodsp_2023_2/VIT_googlebase_rtl/ViT_googlebase/ViT_googlebase.gen/sources_1/bd/vit_system/ip/vit_system_smartconnect_control_0/bd_0/ip/ip_8/bd_875e_sawn_0_clocks.xdc]. These constraints will be ignored for synthesis but will be used in implementation. Impacted constraints are listed in the file [.Xil/vit_system_smartconnect_control_0_propImpl.xdc].
Resolution: To avoid this warning, move constraints listed in [.Xil/vit_system_smartconnect_control_0_propImpl.xdc] to another XDC file and exclude this new file from synthesis with the used_in_synthesis property (File Properties dialog in GUI) and re-run elaboration/synthesis.
Parsing XDC File [/home/s23520579/Vivado_project/vit_m8_board_candidate_67c18532_workspace_20260809/vivado_server_307_perf_v1_m8_nongemm_nodsp_2023_2/VIT_googlebase_rtl/ViT_googlebase/ViT_googlebase.gen/sources_1/bd/vit_system/ip/vit_system_smartconnect_control_0/bd_0/ip/ip_9/bd_875e_swn_0_clocks.xdc] for cell 'inst/s00_nodes/s00_w_node/inst'
Finished Parsing XDC File [/home/s23520579/Vivado_project/vit_m8_board_candidate_67c18532_workspace_20260809/vivado_server_307_perf_v1_m8_nongemm_nodsp_2023_2/VIT_googlebase_rtl/ViT_googlebase/ViT_googlebase.gen/sources_1/bd/vit_system/ip/vit_system_smartconnect_control_0/bd_0/ip/ip_9/bd_875e_swn_0_clocks.xdc] for cell 'inst/s00_nodes/s00_w_node/inst'
INFO: [Project 1-236] Implementation specific constraints were found while reading constraint file [/home/s23520579/Vivado_project/vit_m8_board_candidate_67c18532_workspace_20260809/vivado_server_307_perf_v1_m8_nongemm_nodsp_2023_2/VIT_googlebase_rtl/ViT_googlebase/ViT_googlebase.gen/sources_1/bd/vit_system/ip/vit_system_smartconnect_control_0/bd_0/ip/ip_9/bd_875e_swn_0_clocks.xdc]. These constraints will be ignored for synthesis but will be used in implementation. Impacted constraints are listed in the file [.Xil/vit_system_smartconnect_control_0_propImpl.xdc].
Resolution: To avoid this warning, move constraints listed in [.Xil/vit_system_smartconnect_control_0_propImpl.xdc] to another XDC file and exclude this new file from synthesis with the used_in_synthesis property (File Properties dialog in GUI) and re-run elaboration/synthesis.
Parsing XDC File [/home/s23520579/Vivado_project/vit_m8_board_candidate_67c18532_workspace_20260809/vivado_server_307_perf_v1_m8_nongemm_nodsp_2023_2/VIT_googlebase_rtl/ViT_googlebase/ViT_googlebase.gen/sources_1/bd/vit_system/ip/vit_system_smartconnect_control_0/bd_0/ip/ip_10/bd_875e_sbn_0_clocks.xdc] for cell 'inst/s00_nodes/s00_b_node/inst'
Finished Parsing XDC File [/home/s23520579/Vivado_project/vit_m8_board_candidate_67c18532_workspace_20260809/vivado_server_307_perf_v1_m8_nongemm_nodsp_2023_2/VIT_googlebase_rtl/ViT_googlebase/ViT_googlebase.gen/sources_1/bd/vit_system/ip/vit_system_smartconnect_control_0/bd_0/ip/ip_10/bd_875e_sbn_0_clocks.xdc] for cell 'inst/s00_nodes/s00_b_node/inst'
INFO: [Project 1-236] Implementation specific constraints were found while reading constraint file [/home/s23520579/Vivado_project/vit_m8_board_candidate_67c18532_workspace_20260809/vivado_server_307_perf_v1_m8_nongemm_nodsp_2023_2/VIT_googlebase_rtl/ViT_googlebase/ViT_googlebase.gen/sources_1/bd/vit_system/ip/vit_system_smartconnect_control_0/bd_0/ip/ip_10/bd_875e_sbn_0_clocks.xdc]. These constraints will be ignored for synthesis but will be used in implementation. Impacted constraints are listed in the file [.Xil/vit_system_smartconnect_control_0_propImpl.xdc].
Resolution: To avoid this warning, move constraints listed in [.Xil/vit_system_smartconnect_control_0_propImpl.xdc] to another XDC file and exclude this new file from synthesis with the used_in_synthesis property (File Properties dialog in GUI) and re-run elaboration/synthesis.
Parsing XDC File [/home/s23520579/Vivado_project/vit_m8_board_candidate_67c18532_workspace_20260809/vivado_server_307_perf_v1_m8_nongemm_nodsp_2023_2/VIT_googlebase_rtl/ViT_googlebase/ViT_googlebase.gen/sources_1/bd/vit_system/ip/vit_system_smartconnect_control_0/smartconnect.xdc] for cell 'inst'
Finished Parsing XDC File [/home/s23520579/Vivado_project/vit_m8_board_candidate_67c18532_workspace_20260809/vivado_server_307_perf_v1_m8_nongemm_nodsp_2023_2/VIT_googlebase_rtl/ViT_googlebase/ViT_googlebase.gen/sources_1/bd/vit_system/ip/vit_system_smartconnect_control_0/smartconnect.xdc] for cell 'inst'
INFO: [Project 1-236] Implementation specific constraints were found while reading constraint file [/home/s23520579/Vivado_project/vit_m8_board_candidate_67c18532_workspace_20260809/vivado_server_307_perf_v1_m8_nongemm_nodsp_2023_2/VIT_googlebase_rtl/ViT_googlebase/ViT_googlebase.gen/sources_1/bd/vit_system/ip/vit_system_smartconnect_control_0/smartconnect.xdc]. These constraints will be ignored for synthesis but will be used in implementation. Impacted constraints are listed in the file [.Xil/vit_system_smartconnect_control_0_propImpl.xdc].
Resolution: To avoid this warning, move constraints listed in [.Xil/vit_system_smartconnect_control_0_propImpl.xdc] to another XDC file and exclude this new file from synthesis with the used_in_synthesis property (File Properties dialog in GUI) and re-run elaboration/synthesis.
Parsing XDC File [/home/s23520579/Vivado_project/vit_m8_board_candidate_67c18532_workspace_20260809/vivado_server_307_perf_v1_m8_nongemm_nodsp_2023_2/VIT_googlebase_rtl/ViT_googlebase/ViT_googlebase.runs/vit_system_smartconnect_control_0_synth_1/dont_touch.xdc]
Finished Parsing XDC File [/home/s23520579/Vivado_project/vit_m8_board_candidate_67c18532_workspace_20260809/vivado_server_307_perf_v1_m8_nongemm_nodsp_2023_2/VIT_googlebase_rtl/ViT_googlebase/ViT_googlebase.runs/vit_system_smartconnect_control_0_synth_1/dont_touch.xdc]
INFO: [Project 1-1714] 14 XPM XDC files have been applied to the design.
Completed Processing XDC Constraints

Netlist sorting complete. Time (s): cpu = 00:00:00 ; elapsed = 00:00:00 . Memory (MB): peak = 2902.973 ; gain = 0.000 ; free physical = 226933 ; free virtual = 243798
INFO: [Project 1-111] Unisim Transformation Summary:
  A total of 13 instances were transformed.
  FDR => FDRE: 12 instances
  SRL16 => SRL16E: 1 instance 

Constraint Validation Runtime : Time (s): cpu = 00:00:00.18 ; elapsed = 00:00:00.12 . Memory (MB): peak = 2906.941 ; gain = 3.934 ; free physical = 226933 ; free virtual = 243798
INFO: [Designutils 20-5008] Incremental synthesis strategy off
---------------------------------------------------------------------------------
Finished Constraint Validation : Time (s): cpu = 00:00:24 ; elapsed = 00:00:25 . Memory (MB): peak = 2906.941 ; gain = 598.262 ; free physical = 226916 ; free virtual = 243781
---------------------------------------------------------------------------------
---------------------------------------------------------------------------------
Start Loading Part and Timing Information
---------------------------------------------------------------------------------
Loading part: xczu5ev-sfvc784-1-e
INFO: [Synth 8-6742] Reading net delay rules and data
---------------------------------------------------------------------------------
Finished Loading Part and Timing Information : Time (s): cpu = 00:00:24 ; elapsed = 00:00:25 . Memory (MB): peak = 2906.941 ; gain = 598.262 ; free physical = 226916 ; free virtual = 243781
---------------------------------------------------------------------------------
---------------------------------------------------------------------------------
Start Applying 'set_property' XDC Constraints
---------------------------------------------------------------------------------
Applied set_property KEEP_HIERARCHY = SOFT for inst. (constraint file  /home/s23520579/Vivado_project/vit_m8_board_candidate_67c18532_workspace_20260809/vivado_server_307_perf_v1_m8_nongemm_nodsp_2023_2/VIT_googlebase_rtl/ViT_googlebase/ViT_googlebase.runs/vit_system_smartconnect_control_0_synth_1/dont_touch.xdc, line 86).
Applied set_property KEEP_HIERARCHY = SOFT for inst/s00_nodes/s00_ar_node/inst/m_sc_xpm_cdc_async_rst_inst. (constraint file  auto generated constraint).
Applied set_property KEEP_HIERARCHY = SOFT for inst/s00_nodes/s00_aw_node/inst/m_sc_xpm_cdc_async_rst_inst. (constraint file  auto generated constraint).
Applied set_property KEEP_HIERARCHY = SOFT for inst/s00_nodes/s00_b_node/inst/m_sc_xpm_cdc_async_rst_inst. (constraint file  auto generated constraint).
Applied set_property KEEP_HIERARCHY = SOFT for inst/s00_nodes/s00_r_node/inst/m_sc_xpm_cdc_async_rst_inst. (constraint file  auto generated constraint).
Applied set_property KEEP_HIERARCHY = SOFT for inst/s00_nodes/s00_w_node/inst/m_sc_xpm_cdc_async_rst_inst. (constraint file  auto generated constraint).
Applied set_property KEEP_HIERARCHY = SOFT for inst/s00_nodes/s00_ar_node/inst/s_sc_xpm_cdc_async_rst_inst. (constraint file  auto generated constraint).
Applied set_property KEEP_HIERARCHY = SOFT for inst/s00_nodes/s00_aw_node/inst/s_sc_xpm_cdc_async_rst_inst. (constraint file  auto generated constraint).
Applied set_property KEEP_HIERARCHY = SOFT for inst/s00_nodes/s00_b_node/inst/s_sc_xpm_cdc_async_rst_inst. (constraint file  auto generated constraint).
Applied set_property KEEP_HIERARCHY = SOFT for inst/s00_nodes/s00_r_node/inst/s_sc_xpm_cdc_async_rst_inst. (constraint file  auto generated constraint).
Applied set_property KEEP_HIERARCHY = SOFT for inst/s00_nodes/s00_w_node/inst/s_sc_xpm_cdc_async_rst_inst. (constraint file  auto generated constraint).
Applied set_property KEEP_HIERARCHY = SOFT for inst/m00_exit_pipeline/m00_exit/inst/xpm_cdc_async_rst_inst. (constraint file  auto generated constraint).
Applied set_property KEEP_HIERARCHY = SOFT for inst/s00_entry_pipeline/s00_mmu/inst/xpm_cdc_async_rst_inst. (constraint file  auto generated constraint).
Applied set_property KEEP_HIERARCHY = SOFT for inst/s00_entry_pipeline/s00_si_converter/inst/xpm_cdc_async_rst_inst. (constraint file  auto generated constraint).
Applied set_property KEEP_HIERARCHY = SOFT for inst/s00_entry_pipeline/s00_transaction_regulator/inst/xpm_cdc_async_rst_inst. (constraint file  auto generated constraint).
---------------------------------------------------------------------------------
Finished applying 'set_property' XDC Constraints : Time (s): cpu = 00:00:24 ; elapsed = 00:00:25 . Memory (MB): peak = 2906.941 ; gain = 598.262 ; free physical = 226916 ; free virtual = 243781
---------------------------------------------------------------------------------
INFO: [Synth 8-802] inferred FSM for state register 'gen_axi.gen_write.write_cs_reg' in module 'sc_mmu_v1_0_12_decerr_slave'
INFO: [Synth 8-802] inferred FSM for state register 'w_state_reg' in module 'sc_si_converter_v1_0_12_axilite_conv'
INFO: [Synth 8-802] inferred FSM for state register 'r_state_reg' in module 'sc_si_converter_v1_0_12_axilite_conv'
---------------------------------------------------------------------------------------------------
                   State |                     New Encoding |                Previous Encoding 
---------------------------------------------------------------------------------------------------
            P_WRITE_IDLE |                              001 |                               00
            P_WRITE_DATA |                              010 |                               01
            P_WRITE_RESP |                              100 |                               10
---------------------------------------------------------------------------------------------------
INFO: [Synth 8-3354] encoded FSM with state register 'gen_axi.gen_write.write_cs_reg' using encoding 'one-hot' in module 'sc_mmu_v1_0_12_decerr_slave'
---------------------------------------------------------------------------------------------------
                   State |                     New Encoding |                Previous Encoding 
---------------------------------------------------------------------------------------------------
                  W_IDLE |                              000 | 00000000000000000000000000000000
                    W_RX |                              001 | 00000000000000000000000000000001
                    W_TX |                              010 | 00000000000000000000000000000010
              W_COMPLETE |                              011 | 00000000000000000000000000000100
               W_RECOVER |                              100 | 00000000000000000000000000000011
---------------------------------------------------------------------------------------------------
INFO: [Synth 8-3354] encoded FSM with state register 'w_state_reg' using encoding 'sequential' in module 'sc_si_converter_v1_0_12_axilite_conv'
---------------------------------------------------------------------------------------------------
                   State |                     New Encoding |                Previous Encoding 
---------------------------------------------------------------------------------------------------
                  R_IDLE |                               00 | 00000000000000000000000000000000
               R_PENDING |                               01 | 00000000000000000000000000000001
                    R_RX |                               10 | 00000000000000000000000000000010
                    R_TX |                               11 | 00000000000000000000000000000011
---------------------------------------------------------------------------------------------------
INFO: [Synth 8-3354] encoded FSM with state register 'r_state_reg' using encoding 'sequential' in module 'sc_si_converter_v1_0_12_axilite_conv'
---------------------------------------------------------------------------------
Finished RTL Optimization Phase 2 : Time (s): cpu = 00:00:26 ; elapsed = 00:00:27 . Memory (MB): peak = 2906.941 ; gain = 598.262 ; free physical = 226913 ; free virtual = 243781
---------------------------------------------------------------------------------
---------------------------------------------------------------------------------
Start RTL Component Statistics 
---------------------------------------------------------------------------------
Detailed RTL Component Info : 
+---Adders : 
	   2 Input   12 Bit       Adders := 2     
	   2 Input   10 Bit       Adders := 1     
	   2 Input    9 Bit       Adders := 3     
	   2 Input    8 Bit       Adders := 3     
	   2 Input    7 Bit       Adders := 2     
	   2 Input    6 Bit       Adders := 1     
	   2 Input    4 Bit       Adders := 5     
	   2 Input    3 Bit       Adders := 1     
	   2 Input    1 Bit       Adders := 5     
	   3 Input    1 Bit       Adders := 2     
+---XORs : 
	   2 Input      1 Bit         XORs := 28    
+---Registers : 
	             2178 Bit    Registers := 4     
	              512 Bit    Registers := 1     
	              181 Bit    Registers := 2     
	               70 Bit    Registers := 2     
	               64 Bit    Registers := 4     
	               47 Bit    Registers := 1     
	               40 Bit    Registers := 1     
	               33 Bit    Registers := 1     
	               32 Bit    Registers := 3     
	               24 Bit    Registers := 1     
	               16 Bit    Registers := 4     
	               12 Bit    Registers := 1     
	                9 Bit    Registers := 4     
	                8 Bit    Registers := 4     
	                7 Bit    Registers := 3     
	                6 Bit    Registers := 1     
	                5 Bit    Registers := 3     
	                4 Bit    Registers := 6     
	                3 Bit    Registers := 21    
	                2 Bit    Registers := 12    
	                1 Bit    Registers := 124   
+---Muxes : 
	   2 Input 2178 Bit        Muxes := 2     
	   4 Input   40 Bit        Muxes := 1     
	   2 Input   40 Bit        Muxes := 1     
	   2 Input   32 Bit        Muxes := 1     
	   4 Input   32 Bit        Muxes := 1     
	   2 Input   16 Bit        Muxes := 2     
	   2 Input   12 Bit        Muxes := 6     
	   5 Input   12 Bit        Muxes := 1     
	   5 Input    9 Bit        Muxes := 1     
	   2 Input    9 Bit        Muxes := 4     
	   2 Input    8 Bit        Muxes := 3     
	   4 Input    8 Bit        Muxes := 1     
	   4 Input    7 Bit        Muxes := 1     
	   2 Input    7 Bit        Muxes := 8     
	   2 Input    6 Bit        Muxes := 1     
	   2 Input    3 Bit        Muxes := 9     
	   4 Input    3 Bit        Muxes := 2     
	   5 Input    3 Bit        Muxes := 1     
	   2 Input    2 Bit        Muxes := 17    
	   5 Input    2 Bit        Muxes := 1     
	   4 Input    2 Bit        Muxes := 4     
	   2 Input    1 Bit        Muxes := 100   
	   3 Input    1 Bit        Muxes := 9     
	   6 Input    1 Bit        Muxes := 8     
	   4 Input    1 Bit        Muxes := 24    
	  10 Input    1 Bit        Muxes := 6     
	   7 Input    1 Bit        Muxes := 4     
	   5 Input    1 Bit        Muxes := 16    
---------------------------------------------------------------------------------
Finished RTL Component Statistics 
---------------------------------------------------------------------------------
---------------------------------------------------------------------------------
Start Part Resource Summary
---------------------------------------------------------------------------------
Part Resources:
DSPs: 1248 (col length:96)
BRAMs: 288 (col length: RAMB18 96 RAMB36 48)
---------------------------------------------------------------------------------
Finished Part Resource Summary
---------------------------------------------------------------------------------
---------------------------------------------------------------------------------
Start Cross Boundary and Area Optimization
---------------------------------------------------------------------------------
WARNING: [Synth 8-7080] Parallel synthesis criteria is not met
WARNING: [Synth 8-3332] Sequential element (clk_map/psr_aclk/U0/EXT_LPF/ACTIVE_LOW_EXT.ACT_LO_EXT/GENERATE_LEVEL_P_S_CDC.SINGLE_BIT.CROSS_PLEVEL_IN2SCNDRY_IN_cdc_to) is unused and will be removed from module bd_875e.
WARNING: [Synth 8-3332] Sequential element (clk_map/psr_aclk/U0/EXT_LPF/ACTIVE_LOW_EXT.ACT_LO_EXT/GENERATE_LEVEL_P_S_CDC.SINGLE_BIT.CROSS_PLEVEL_IN2SCNDRY_s_level_out_d2) is unused and will be removed from module bd_875e.
WARNING: [Synth 8-3332] Sequential element (clk_map/psr_aclk/U0/EXT_LPF/ACTIVE_LOW_EXT.ACT_LO_EXT/GENERATE_LEVEL_P_S_CDC.SINGLE_BIT.CROSS_PLEVEL_IN2SCNDRY_s_level_out_d3) is unused and will be removed from module bd_875e.
WARNING: [Synth 8-3332] Sequential element (clk_map/psr_aclk/U0/EXT_LPF/ACTIVE_LOW_EXT.ACT_LO_EXT/GENERATE_LEVEL_P_S_CDC.SINGLE_BIT.CROSS_PLEVEL_IN2SCNDRY_s_level_out_d4) is unused and will be removed from module bd_875e.
WARNING: [Synth 8-3332] Sequential element (clk_map/psr_aclk/U0/EXT_LPF/ACTIVE_LOW_EXT.ACT_LO_EXT/GENERATE_LEVEL_P_S_CDC.SINGLE_BIT.CROSS_PLEVEL_IN2SCNDRY_s_level_out_d5) is unused and will be removed from module bd_875e.
WARNING: [Synth 8-3332] Sequential element (clk_map/psr_aclk/U0/EXT_LPF/ACTIVE_LOW_EXT.ACT_LO_EXT/GENERATE_LEVEL_P_S_CDC.SINGLE_BIT.CROSS_PLEVEL_IN2SCNDRY_s_level_out_d6) is unused and will be removed from module bd_875e.
WARNING: [Synth 8-3332] Sequential element (clk_map/psr_aclk/U0/EXT_LPF/ACTIVE_LOW_AUX.ACT_LO_AUX/GENERATE_LEVEL_P_S_CDC.SINGLE_BIT.CROSS_PLEVEL_IN2SCNDRY_s_level_out_d5) is unused and will be removed from module bd_875e.
WARNING: [Synth 8-3332] Sequential element (clk_map/psr_aclk/U0/EXT_LPF/ACTIVE_LOW_AUX.ACT_LO_AUX/GENERATE_LEVEL_P_S_CDC.SINGLE_BIT.CROSS_PLEVEL_IN2SCNDRY_s_level_out_d6) is unused and will be removed from module bd_875e.
WARNING: [Synth 8-3332] Sequential element (clk_map/psr_aclk/U0/FDRE_inst) is unused and will be removed from module bd_875e.
WARNING: [Synth 8-3332] Sequential element (clk_map/psr_aclk/U0/BSR_OUT_DFF[0].FDRE_BSR) is unused and will be removed from module bd_875e.
WARNING: [Synth 8-3332] Sequential element (clk_map/psr_aclk/U0/PR_OUT_DFF[0].FDRE_PER) is unused and will be removed from module bd_875e.
WARNING: [Synth 8-3332] Sequential element (clk_map/psr_aclk/U0/ACTIVE_LOW_PR_OUT_DFF[0].FDRE_PER_N) is unused and will be removed from module bd_875e.
---------------------------------------------------------------------------------
Finished Cross Boundary and Area Optimization : Time (s): cpu = 00:00:32 ; elapsed = 00:00:32 . Memory (MB): peak = 2906.941 ; gain = 598.262 ; free physical = 226904 ; free virtual = 243772
---------------------------------------------------------------------------------
---------------------------------------------------------------------------------
Start Applying XDC Timing Constraints
---------------------------------------------------------------------------------
---------------------------------------------------------------------------------
Finished Applying XDC Timing Constraints : Time (s): cpu = 00:00:40 ; elapsed = 00:00:41 . Memory (MB): peak = 3252.090 ; gain = 943.410 ; free physical = 226583 ; free virtual = 243451
---------------------------------------------------------------------------------
---------------------------------------------------------------------------------
Start Timing Optimization
---------------------------------------------------------------------------------
---------------------------------------------------------------------------------
Finished Timing Optimization : Time (s): cpu = 00:00:41 ; elapsed = 00:00:42 . Memory (MB): peak = 3287.129 ; gain = 978.449 ; free physical = 226552 ; free virtual = 243420
---------------------------------------------------------------------------------
---------------------------------------------------------------------------------
Start Technology Mapping
---------------------------------------------------------------------------------
---------------------------------------------------------------------------------
Finished Technology Mapping : Time (s): cpu = 00:00:41 ; elapsed = 00:00:42 . Memory (MB): peak = 3295.137 ; gain = 986.457 ; free physical = 226543 ; free virtual = 243411
---------------------------------------------------------------------------------
---------------------------------------------------------------------------------
Start IO Insertion
---------------------------------------------------------------------------------
---------------------------------------------------------------------------------
Start Flattening Before IO Insertion
---------------------------------------------------------------------------------
---------------------------------------------------------------------------------
Finished Flattening Before IO Insertion
---------------------------------------------------------------------------------
---------------------------------------------------------------------------------
Start Final Netlist Cleanup
---------------------------------------------------------------------------------
---------------------------------------------------------------------------------
Finished Final Netlist Cleanup
---------------------------------------------------------------------------------
---------------------------------------------------------------------------------
Finished IO Insertion : Time (s): cpu = 00:00:45 ; elapsed = 00:00:46 . Memory (MB): peak = 3295.137 ; gain = 986.457 ; free physical = 226543 ; free virtual = 243411
---------------------------------------------------------------------------------
---------------------------------------------------------------------------------
Start Renaming Generated Instances
---------------------------------------------------------------------------------
---------------------------------------------------------------------------------
Finished Renaming Generated Instances : Time (s): cpu = 00:00:45 ; elapsed = 00:00:46 . Memory (MB): peak = 3295.137 ; gain = 986.457 ; free physical = 226543 ; free virtual = 243411
---------------------------------------------------------------------------------
---------------------------------------------------------------------------------
Start Rebuilding User Hierarchy
---------------------------------------------------------------------------------
---------------------------------------------------------------------------------
Finished Rebuilding User Hierarchy : Time (s): cpu = 00:00:45 ; elapsed = 00:00:46 . Memory (MB): peak = 3295.137 ; gain = 986.457 ; free physical = 226543 ; free virtual = 243411
---------------------------------------------------------------------------------
---------------------------------------------------------------------------------
Start Renaming Generated Ports
---------------------------------------------------------------------------------
---------------------------------------------------------------------------------
Finished Renaming Generated Ports : Time (s): cpu = 00:00:45 ; elapsed = 00:00:46 . Memory (MB): peak = 3295.137 ; gain = 986.457 ; free physical = 226543 ; free virtual = 243411
---------------------------------------------------------------------------------
---------------------------------------------------------------------------------
Start Handling Custom Attributes
---------------------------------------------------------------------------------
---------------------------------------------------------------------------------
Finished Handling Custom Attributes : Time (s): cpu = 00:00:46 ; elapsed = 00:00:46 . Memory (MB): peak = 3295.137 ; gain = 986.457 ; free physical = 226543 ; free virtual = 243411
---------------------------------------------------------------------------------
---------------------------------------------------------------------------------
Start Renaming Generated Nets
---------------------------------------------------------------------------------
---------------------------------------------------------------------------------
Finished Renaming Generated Nets : Time (s): cpu = 00:00:46 ; elapsed = 00:00:46 . Memory (MB): peak = 3295.137 ; gain = 986.457 ; free physical = 226543 ; free virtual = 243411
---------------------------------------------------------------------------------
---------------------------------------------------------------------------------
Start Writing Synthesis Report
---------------------------------------------------------------------------------

Report BlackBoxes: 
+-+--------------+----------+
| |BlackBox name |Instances |
+-+--------------+----------+
+-+--------------+----------+

Report Cell Usage: 
+------+------+------+
|      |Cell  |Count |
+------+------+------+
|1     |LUT1  |    54|
|2     |LUT2  |    81|
|3     |LUT3  |   151|
|4     |LUT4  |    92|
|5     |LUT5  |    76|
|6     |LUT6  |   126|
|7     |MUXF7 |     4|
|8     |SRL16 |     1|
|9     |FDCE  |    42|
|10    |FDR   |     4|
|11    |FDRE  |   586|
|12    |FDSE  |    14|
+------+------+------+
---------------------------------------------------------------------------------
Finished Writing Synthesis Report : Time (s): cpu = 00:00:46 ; elapsed = 00:00:46 . Memory (MB): peak = 3295.137 ; gain = 986.457 ; free physical = 226543 ; free virtual = 243411
---------------------------------------------------------------------------------
Synthesis finished with 0 errors, 0 critical warnings and 14950 warnings.
Synthesis Optimization Runtime : Time (s): cpu = 00:00:34 ; elapsed = 00:00:35 . Memory (MB): peak = 3295.137 ; gain = 826.879 ; free physical = 226543 ; free virtual = 243411
Synthesis Optimization Complete : Time (s): cpu = 00:00:46 ; elapsed = 00:00:46 . Memory (MB): peak = 3295.145 ; gain = 986.457 ; free physical = 226543 ; free virtual = 243411
INFO: [Project 1-571] Translating synthesized netlist
Netlist sorting complete. Time (s): cpu = 00:00:00.09 ; elapsed = 00:00:00.09 . Memory (MB): peak = 3295.145 ; gain = 0.000 ; free physical = 226819 ; free virtual = 243687
INFO: [Netlist 29-17] Analyzing 9 Unisim elements for replacement
INFO: [Netlist 29-28] Unisim Transformation completed in 0 CPU seconds
INFO: [Project 1-570] Preparing netlist for logic optimization
INFO: [Opt 31-138] Pushed 0 inverter(s) to 0 load pin(s).
Netlist sorting complete. Time (s): cpu = 00:00:00 ; elapsed = 00:00:00 . Memory (MB): peak = 3334.824 ; gain = 0.000 ; free physical = 226797 ; free virtual = 243664
INFO: [Project 1-111] Unisim Transformation Summary:
  A total of 5 instances were transformed.
  FDR => FDRE: 4 instances
  SRL16 => SRL16E: 1 instance 

Synth Design complete | Checksum: ac0129aa
INFO: [Common 17-83] Releasing license: Synthesis
101 Infos, 119 Warnings, 0 Critical Warnings and 0 Errors encountered.
synth_design completed successfully
synth_design: Time (s): cpu = 00:00:54 ; elapsed = 00:00:52 . Memory (MB): peak = 3334.859 ; gain = 1966.383 ; free physical = 226797 ; free virtual = 243664
INFO: [Common 17-2834] synth_design peak Physical Memory [PSS] (MB): overall = 2643.384; main = 2443.165; forked = 331.255
INFO: [Common 17-2834] synth_design peak Virtual Memory [VSS] (MB): overall = 4180.898; main = 3334.828; forked = 982.805
Write ShapeDB Complete: Time (s): cpu = 00:00:00.01 ; elapsed = 00:00:00 . Memory (MB): peak = 3358.836 ; gain = 0.000 ; free physical = 226797 ; free virtual = 243664
INFO: [Common 17-1381] The checkpoint '/home/s23520579/Vivado_project/vit_m8_board_candidate_67c18532_workspace_20260809/vivado_server_307_perf_v1_m8_nongemm_nodsp_2023_2/VIT_googlebase_rtl/ViT_googlebase/ViT_googlebase.runs/vit_system_smartconnect_control_0_synth_1/vit_system_smartconnect_control_0.dcp' has been generated.
INFO: [Coretcl 2-1648] Added synthesis output to IP cache for IP vit_system_smartconnect_control_0, cache-ID = 77ffc307606ec07a
INFO: [Coretcl 2-1174] Renamed 74 cell refs.
Write ShapeDB Complete: Time (s): cpu = 00:00:00.01 ; elapsed = 00:00:00 . Memory (MB): peak = 3358.836 ; gain = 0.000 ; free physical = 226787 ; free virtual = 243660
INFO: [Common 17-1381] The checkpoint '/home/s23520579/Vivado_project/vit_m8_board_candidate_67c18532_workspace_20260809/vivado_server_307_perf_v1_m8_nongemm_nodsp_2023_2/VIT_googlebase_rtl/ViT_googlebase/ViT_googlebase.runs/vit_system_smartconnect_control_0_synth_1/vit_system_smartconnect_control_0.dcp' has been generated.
INFO: [runtcl-4] Executing : report_utilization -file vit_system_smartconnect_control_0_utilization_synth.rpt -pb vit_system_smartconnect_control_0_utilization_synth.pb
INFO: [Common 17-206] Exiting Vivado at Sun Aug  9 03:37:45 2026...
