
****** xsim v2023.2 (64-bit)
  **** SW Build 4029153 on Fri Oct 13 20:13:54 MDT 2023
  **** IP Build 4028589 on Sat Oct 14 00:45:43 MDT 2023
  **** SharedData Build 4025554 on Tue Oct 10 17:18:54 MDT 2023
    ** Copyright 1986-2022 Xilinx, Inc. All Rights Reserved.
    ** Copyright 2022-2023 Advanced Micro Devices, Inc. All Rights Reserved.

source xsim.dir/tb_m8_memory_subsystem_baseline_behav/xsim_script.tcl
# xsim {tb_m8_memory_subsystem_baseline_behav} -autoloadwcfg -runall
Time resolution is 1 ps
run -all

==============================================
M8 MEMORY SUBSYSTEM BASELINE TEST
TEST: LAYOUT SINGLE-WORD READ
logical addr = 5
physical addr = 0x40014
expected = 0x3f800000
==============================================
PASS: layout_source_data = 0x3f800000

------------ BASELINE COUNTERS ------------
cycles              = 28
logical read words  = 1
AR handshakes       = 1
R beat handshakes   = 1
narrow R beats      = 1
linefill_start       = 0
read_outstanding     = 0
-------------------------------------------

==============================================
BASELINE TEST PASS
==============================================
$finish called at time : 730 ns : File "/home/s23520579/Vivado_project/m8_memory_frontend_poc/tb/tb_m8_memory_subsystem_baseline.sv" Line 558
exit
INFO: [Common 17-206] Exiting xsim at Wed Aug 26 08:56:32 2026...
