Copyright 1986-2022 Xilinx, Inc. All Rights Reserved. Copyright 2022-2023 Advanced Micro Devices, Inc. All Rights Reserved.
----------------------------------------------------------------------------------------------------------------------------------------------------------------------------------------------------------------------------------------------------------------------------------------------
| Tool Version      : Vivado v.2023.2 (lin64) Build 4029153 Fri Oct 13 20:13:54 MDT 2023
| Date              : Sat Aug  8 16:41:54 2026
| Host              : ubuntu running 64-bit Ubuntu 24.04.4 LTS
| Command           : report_timing_summary -delay_type min_max -report_unconstrained -check_timing_verbose -file /home/s23520579/Vivado_project/vit_m8_layernorm_leaf_f3a88811ee2f/evidence/20260808T164100Z-m8-layernorm-ooc-ab-generate-fix/disabled/reports/post_route_timing_summary.rpt
| Design            : vit_layernorm_engine_fp32
| Device            : xczu5ev-sfvc784
| Speed File        : -1  PRODUCTION 1.30 05-15-2022
| Design State      : Routed
| Temperature Grade : E
----------------------------------------------------------------------------------------------------------------------------------------------------------------------------------------------------------------------------------------------------------------------------------------------

Timing Summary Report

------------------------------------------------------------------------------------------------
| Timer Settings
| --------------
------------------------------------------------------------------------------------------------

  Enable Multi Corner Analysis               :  Yes
  Enable Pessimism Removal                   :  Yes
  Pessimism Removal Resolution               :  Nearest Common Node
  Enable Input Delay Default Clock           :  No
  Enable Preset / Clear Arcs                 :  No
  Disable Flight Delays                      :  No
  Ignore I/O Paths                           :  No
  Timing Early Launch at Borrowing Latches   :  No
  Borrow Time for Max Delay Exceptions       :  Yes
  Merge Timing Exceptions                    :  Yes
  Inter-SLR Compensation                     :  Conservative

  Corner  Analyze    Analyze    
  Name    Max Paths  Min Paths  
  ------  ---------  ---------  
  Slow    Yes        Yes        
  Fast    Yes        Yes        


------------------------------------------------------------------------------------------------
| Report Methodology
| ------------------
------------------------------------------------------------------------------------------------

No report available as report_methodology has not been run prior. Run report_methodology on the current design for the summary of methodology violations.



check_timing report

Table of Contents
-----------------
1. checking no_clock (0)
2. checking constant_clock (0)
3. checking pulse_width_clock (0)
4. checking unconstrained_internal_endpoints (0)
5. checking no_input_delay (1)
6. checking no_output_delay (0)
7. checking multiple_clock (0)
8. checking generated_clocks (0)
9. checking loops (0)
10. checking partial_input_delay (0)
11. checking partial_output_delay (0)
12. checking latch_loops (0)

1. checking no_clock (0)
------------------------
 There are 0 register/latch pins with no clock.


2. checking constant_clock (0)
------------------------------
 There are 0 register/latch pins with constant_clock.


3. checking pulse_width_clock (0)
---------------------------------
 There are 0 register/latch pins which need pulse_width check


4. checking unconstrained_internal_endpoints (0)
------------------------------------------------
 There are 0 pins that are not constrained for maximum delay.

 There are 0 pins that are not constrained for maximum delay due to constant clock.


5. checking no_input_delay (1)
------------------------------
 There is 1 input port with no input delay specified. (HIGH)

rst

 There are 0 input ports with no input delay but user has a false path constraint.


6. checking no_output_delay (0)
-------------------------------
 There are 0 ports with no output delay specified.

 There are 0 ports with no output delay but user has a false path constraint

 There are 0 ports with no output delay but with a timing clock defined on it or propagating through it


7. checking multiple_clock (0)
------------------------------
 There are 0 register/latch pins with multiple clocks.


8. checking generated_clocks (0)
--------------------------------
 There are 0 generated clocks that are not connected to a clock source.


9. checking loops (0)
---------------------
 There are 0 combinational loops in the design.


10. checking partial_input_delay (0)
------------------------------------
 There are 0 input ports with partial input delay specified.


11. checking partial_output_delay (0)
-------------------------------------
 There are 0 ports with partial output delay specified.


12. checking latch_loops (0)
----------------------------
 There are 0 combinational latch loops in the design through latch input



------------------------------------------------------------------------------------------------
| Design Timing Summary
| ---------------------
------------------------------------------------------------------------------------------------

    WNS(ns)      TNS(ns)  TNS Failing Endpoints  TNS Total Endpoints      WHS(ns)      THS(ns)  THS Failing Endpoints  THS Total Endpoints     WPWS(ns)     TPWS(ns)  TPWS Failing Endpoints  TPWS Total Endpoints  
    -------      -------  ---------------------  -------------------      -------      -------  ---------------------  -------------------     --------     --------  ----------------------  --------------------  
     10.037        0.000                      0                 2927        0.012        0.000                      0                 2152        9.725        0.000                       0                  1247  


All user specified timing constraints are met.


------------------------------------------------------------------------------------------------
| Clock Summary
| -------------
------------------------------------------------------------------------------------------------

Clock  Waveform(ns)       Period(ns)      Frequency(MHz)
-----  ------------       ----------      --------------
clk    {0.000 10.000}     20.000          50.000          


------------------------------------------------------------------------------------------------
| Intra Clock Table
| -----------------
------------------------------------------------------------------------------------------------

Clock             WNS(ns)      TNS(ns)  TNS Failing Endpoints  TNS Total Endpoints      WHS(ns)      THS(ns)  THS Failing Endpoints  THS Total Endpoints     WPWS(ns)     TPWS(ns)  TPWS Failing Endpoints  TPWS Total Endpoints  
-----             -------      -------  ---------------------  -------------------      -------      -------  ---------------------  -------------------     --------     --------  ----------------------  --------------------  
clk                10.037        0.000                      0                 2927        0.012        0.000                      0                 2152        9.725        0.000                       0                  1247  


------------------------------------------------------------------------------------------------
| Inter Clock Table
| -----------------
------------------------------------------------------------------------------------------------

From Clock    To Clock          WNS(ns)      TNS(ns)  TNS Failing Endpoints  TNS Total Endpoints      WHS(ns)      THS(ns)  THS Failing Endpoints  THS Total Endpoints  
----------    --------          -------      -------  ---------------------  -------------------      -------      -------  ---------------------  -------------------  


------------------------------------------------------------------------------------------------
| Other Path Groups Table
| -----------------------
------------------------------------------------------------------------------------------------

Path Group    From Clock    To Clock          WNS(ns)      TNS(ns)  TNS Failing Endpoints  TNS Total Endpoints      WHS(ns)      THS(ns)  THS Failing Endpoints  THS Total Endpoints  
----------    ----------    --------          -------      -------  ---------------------  -------------------      -------      -------  ---------------------  -------------------  


------------------------------------------------------------------------------------------------
| User Ignored Path Table
| -----------------------
------------------------------------------------------------------------------------------------

Path Group    From Clock    To Clock    
----------    ----------    --------    
(none)        clk           clk           


------------------------------------------------------------------------------------------------
| Unconstrained Path Table
| ------------------------
------------------------------------------------------------------------------------------------

Path Group    From Clock    To Clock    
----------    ----------    --------    
(none)                      clk           


------------------------------------------------------------------------------------------------
| Timing Details
| --------------
------------------------------------------------------------------------------------------------


---------------------------------------------------------------------------------------------------
From Clock:  clk
  To Clock:  clk

Setup :            0  Failing Endpoints,  Worst Slack       10.037ns,  Total Violation        0.000ns
Hold  :            0  Failing Endpoints,  Worst Slack        0.012ns,  Total Violation        0.000ns
PW    :            0  Failing Endpoints,  Worst Slack        9.725ns,  Total Violation        0.000ns
---------------------------------------------------------------------------------------------------


Max Delay Paths
--------------------------------------------------------------------------------------
Slack (MET) :             10.037ns  (required time - arrival time)
  Source:                 FSM_sequential_state_reg[1]/C
                            (rising edge-triggered cell FDSE clocked by clk  {rise@0.000ns fall@10.000ns period=20.000ns})
  Destination:            add_operand_b[28]
                            (output port clocked by clk  {rise@0.000ns fall@10.000ns period=20.000ns})
  Path Group:             clk
  Path Type:              Max at Slow Process Corner
  Requirement:            20.000ns  (clk rise@20.000ns - clk rise@0.000ns)
  Data Path Delay:        4.167ns  (logic 0.499ns (11.975%)  route 3.668ns (88.025%))
  Logic Levels:           3  (LUT4=1 LUT6=2)
  Output Delay:           4.000ns
  Clock Path Skew:        -1.761ns (DCD - SCD + CPR)
    Destination Clock Delay (DCD):    0.000ns = ( 20.000 - 20.000 ) 
    Source Clock Delay      (SCD):    1.761ns
    Clock Pessimism Removal (CPR):    0.000ns
  Clock Uncertainty:      0.035ns  ((TSJ^2 + TIJ^2)^1/2 + DJ) / 2 + PE
    Total System Jitter     (TSJ):    0.071ns
    Total Input Jitter      (TIJ):    0.000ns
    Discrete Jitter          (DJ):    0.000ns
    Phase Error              (PE):    0.000ns

    Location             Delay type                Incr(ns)  Path(ns)    Netlist Resource(s)
  -------------------------------------------------------------------    -------------------
                         (clock clk rise edge)        0.000     0.000 r  
                                                      0.000     0.000 r  clk (IN)
                         net (fo=1246, unset)         1.761     1.761    clk
    SLICE_X47Y140        FDSE                                         r  FSM_sequential_state_reg[1]/C
  -------------------------------------------------------------------    -------------------
    SLICE_X47Y140        FDSE (Prop_AFF_SLICEL_C_Q)
                                                      0.096     1.857 f  FSM_sequential_state_reg[1]/Q
                         net (fo=137, routed)         2.030     3.887    state[1]
    SLICE_X54Y149        LUT4 (Prop_F6LUT_SLICEM_I3_O)
                                                      0.113     4.000 r  add_operand_a[31]_INST_0_i_4/O
                         net (fo=56, routed)          1.587     5.587    add_operand_a[31]_INST_0_i_4_n_0
    SLICE_X46Y150        LUT6 (Prop_D6LUT_SLICEL_I2_O)
                                                      0.174     5.761 r  add_operand_b[28]_INST_0_i_1/O
                         net (fo=1, routed)           0.051     5.812    add_operand_b[28]_INST_0_i_1_n_0
    SLICE_X46Y150        LUT6 (Prop_H6LUT_SLICEL_I5_O)
                                                      0.116     5.928 r  add_operand_b[28]_INST_0/O
                         net (fo=0)                   0.000     5.928    add_operand_b[28]
                                                                      r  add_operand_b[28] (OUT)
  -------------------------------------------------------------------    -------------------

                         (clock clk rise edge)       20.000    20.000 r  
                         clock pessimism              0.000    20.000    
                         clock uncertainty           -0.035    19.965    
                         output delay                -4.000    15.965    
  -------------------------------------------------------------------
                         required time                         15.965    
                         arrival time                          -5.928    
  -------------------------------------------------------------------
                         slack                                 10.037    





Min Delay Paths
--------------------------------------------------------------------------------------
Slack (MET) :             0.012ns  (arrival time - required time)
  Source:                 u_total_words_multiplier/shifted_multiplicand_reg[10]/C
                            (rising edge-triggered cell FDRE clocked by clk  {rise@0.000ns fall@10.000ns period=20.000ns})
  Destination:            u_total_words_multiplier/product_reg[10]/D
                            (rising edge-triggered cell FDRE clocked by clk  {rise@0.000ns fall@10.000ns period=20.000ns})
  Path Group:             clk
  Path Type:              Hold (Min at Slow Process Corner)
  Requirement:            0.000ns  (clk rise@0.000ns - clk rise@0.000ns)
  Data Path Delay:        0.290ns  (logic 0.128ns (44.073%)  route 0.162ns (55.927%))
  Logic Levels:           2  (CARRY8=1 LUT2=1)
  Clock Path Skew:        0.225ns (DCD - SCD - CPR)
    Destination Clock Delay (DCD):    1.816ns
    Source Clock Delay      (SCD):    1.526ns
    Clock Pessimism Removal (CPR):    0.065ns

    Location             Delay type                Incr(ns)  Path(ns)    Netlist Resource(s)
  -------------------------------------------------------------------    -------------------
                         (clock clk rise edge)        0.000     0.000 r  
                                                      0.000     0.000 r  clk (IN)
                         net (fo=1246, unset)         1.526     1.526    u_total_words_multiplier/clk
    SLICE_X49Y119        FDRE                                         r  u_total_words_multiplier/shifted_multiplicand_reg[10]/C
  -------------------------------------------------------------------    -------------------
    SLICE_X49Y119        FDRE (Prop_EFF_SLICEL_C_Q)
                                                      0.070     1.596 r  u_total_words_multiplier/shifted_multiplicand_reg[10]/Q
                         net (fo=3, routed)           0.139     1.735    u_total_words_multiplier/shifted_multiplicand[10]
    SLICE_X50Y120        LUT2 (Prop_C6LUT_SLICEL_I0_O)
                                                      0.027     1.762 r  u_total_words_multiplier/product[8]_i_7/O
                         net (fo=1, routed)           0.011     1.773    u_total_words_multiplier/product[8]_i_7_n_0
    SLICE_X50Y120        CARRY8 (Prop_CARRY8_SLICEL_S[2]_O[2])
                                                      0.031     1.804 r  u_total_words_multiplier/product_reg[8]_i_1/O[2]
                         net (fo=1, routed)           0.012     1.816    u_total_words_multiplier/product_reg[8]_i_1_n_13
    SLICE_X50Y120        FDRE                                         r  u_total_words_multiplier/product_reg[10]/D
  -------------------------------------------------------------------    -------------------

                         (clock clk rise edge)        0.000     0.000 r  
                                                      0.000     0.000 r  clk (IN)
                         net (fo=1246, unset)         1.816     1.816    u_total_words_multiplier/clk
    SLICE_X50Y120        FDRE                                         r  u_total_words_multiplier/product_reg[10]/C
                         clock pessimism             -0.065     1.751    
    SLICE_X50Y120        FDRE (Hold_CFF_SLICEL_C_D)
                                                      0.053     1.804    u_total_words_multiplier/product_reg[10]
  -------------------------------------------------------------------
                         required time                         -1.804    
                         arrival time                           1.816    
  -------------------------------------------------------------------
                         slack                                  0.012    





Pulse Width Checks
--------------------------------------------------------------------------------------
Clock Name:         clk
Waveform(ns):       { 0.000 10.000 }
Period(ns):         20.000
Sources:            { clk }

Check Type        Corner  Lib Pin  Reference Pin  Required(ns)  Actual(ns)  Slack(ns)  Location       Pin
Min Period        n/a     FDSE/C   n/a            0.550         20.000      19.450     SLICE_X48Y140  FSM_sequential_state_reg[0]/C
Low Pulse Width   Slow    FDSE/C   n/a            0.275         10.000      9.725      SLICE_X48Y140  FSM_sequential_state_reg[0]/C
High Pulse Width  Slow    FDSE/C   n/a            0.275         10.000      9.725      SLICE_X48Y140  FSM_sequential_state_reg[0]/C



--------------------------------------------------------------------------------------
Path Group:  (none)
From Clock:  clk
  To Clock:  clk

Max Delay             0 Endpoints
Min Delay          1570 Endpoints
--------------------------------------------------------------------------------------


Min Delay Paths
--------------------------------------------------------------------------------------
Slack:                    inf
  Source:                 cfg_hidden_size[15]
                            (input port clocked by clk  {rise@0.000ns fall@10.000ns period=20.000ns})
  Destination:            active_hidden_size_reg[15]/D
                            (rising edge-triggered cell FDRE clocked by clk  {rise@0.000ns fall@10.000ns period=20.000ns})
  Path Group:             (none)
  Path Type:              Hold (Min at Fast Process Corner)
  Data Path Delay:        0.007ns  (logic 0.000ns (0.000%)  route 0.007ns (100.001%))
  Logic Levels:           0  
  Input Delay:            1.000ns
  Clock Path Skew:        1.006ns (DCD - SCD - CPR)
    Destination Clock Delay (DCD):    1.006ns
    Source Clock Delay      (SCD):    0.000ns
    Clock Pessimism Removal (CPR):    -0.000ns
  Clock Uncertainty:      0.035ns  ((TSJ^2 + TIJ^2)^1/2 + DJ) / 2 + PE
    Total System Jitter     (TSJ):    0.071ns
    Total Input Jitter      (TIJ):    0.000ns
    Discrete Jitter          (DJ):    0.000ns
    Phase Error              (PE):    0.000ns
  Timing Exception:       False Path

    Location             Delay type                Incr(ns)  Path(ns)    Netlist Resource(s)
  -------------------------------------------------------------------    -------------------
                         (clock clk rise edge)        0.000     0.000 r  
                         input delay                  1.000     1.000    
                                                      0.000     1.000 r  cfg_hidden_size[15] (IN)
                         net (fo=1, unset)            0.007     1.007    cfg_hidden_size[15]
    SLICE_X48Y131        FDRE                                         r  active_hidden_size_reg[15]/D
  -------------------------------------------------------------------    -------------------

                         (clock clk rise edge)        0.000     0.000 r  
                                                      0.000     0.000 r  clk (IN)
                         net (fo=1246, unset)         1.006     1.006    clk
    SLICE_X48Y131        FDRE                                         r  active_hidden_size_reg[15]/C





--------------------------------------------------------------------------------------
Path Group:  (none)
From Clock:  
  To Clock:  clk

Max Delay          1247 Endpoints
Min Delay          1247 Endpoints
--------------------------------------------------------------------------------------


Max Delay Paths
--------------------------------------------------------------------------------------
Slack:                    inf
  Source:                 rst
                            (input port)
  Destination:            u_total_words_multiplier/product_reg[56]/R
                            (rising edge-triggered cell FDRE clocked by clk  {rise@0.000ns fall@10.000ns period=20.000ns})
  Path Group:             (none)
  Path Type:              Setup (Max at Slow Process Corner)
  Data Path Delay:        0.938ns  (logic 0.100ns (10.662%)  route 0.838ns (89.338%))
  Logic Levels:           1  (LUT3=1)
  Clock Path Skew:        1.571ns (DCD - SCD + CPR)
    Destination Clock Delay (DCD):    1.571ns
    Source Clock Delay      (SCD):    0.000ns
    Clock Pessimism Removal (CPR):    0.000ns
  Clock Uncertainty:      0.025ns  ((TSJ^2 + TIJ^2)^1/2 + DJ) / 2 + PE
    Total System Jitter     (TSJ):    0.050ns
    Total Input Jitter      (TIJ):    0.000ns
    Discrete Jitter          (DJ):    0.000ns
    Phase Error              (PE):    0.000ns

    Location             Delay type                Incr(ns)  Path(ns)    Netlist Resource(s)
  -------------------------------------------------------------------    -------------------
                                                      0.000     0.000 r  rst (IN)
                         net (fo=1145, unset)         0.000     0.000    u_total_words_multiplier/rst
    SLICE_X51Y123        LUT3 (Prop_A6LUT_SLICEL_I0_O)
                                                      0.100     0.100 r  u_total_words_multiplier/product[63]_i_1/O
                         net (fo=102, routed)         0.838     0.938    u_total_words_multiplier/product[63]_i_1_n_0
    SLICE_X50Y126        FDRE                                         r  u_total_words_multiplier/product_reg[56]/R
  -------------------------------------------------------------------    -------------------

                         (clock clk rise edge)        0.000     0.000 r  
                                                      0.000     0.000 r  clk (IN)
                         net (fo=1246, unset)         1.571     1.571    u_total_words_multiplier/clk
    SLICE_X50Y126        FDRE                                         r  u_total_words_multiplier/product_reg[56]/C





Min Delay Paths
--------------------------------------------------------------------------------------
Slack:                    inf
  Source:                 rst
                            (input port)
  Destination:            FSM_sequential_state_reg[0]/S
                            (rising edge-triggered cell FDSE clocked by clk  {rise@0.000ns fall@10.000ns period=20.000ns})
  Path Group:             (none)
  Path Type:              Hold (Min at Fast Process Corner)
  Data Path Delay:        0.009ns  (logic 0.000ns (0.000%)  route 0.009ns (100.000%))
  Logic Levels:           0  
  Clock Path Skew:        1.002ns (DCD - SCD - CPR)
    Destination Clock Delay (DCD):    1.002ns
    Source Clock Delay      (SCD):    0.000ns
    Clock Pessimism Removal (CPR):    -0.000ns

    Location             Delay type                Incr(ns)  Path(ns)    Netlist Resource(s)
  -------------------------------------------------------------------    -------------------
                                                      0.000     0.000 r  rst (IN)
                         net (fo=1145, unset)         0.009     0.009    rst
    SLICE_X48Y140        FDSE                                         r  FSM_sequential_state_reg[0]/S
  -------------------------------------------------------------------    -------------------

                         (clock clk rise edge)        0.000     0.000 r  
                                                      0.000     0.000 r  clk (IN)
                         net (fo=1246, unset)         1.002     1.002    clk
    SLICE_X48Y140        FDSE                                         r  FSM_sequential_state_reg[0]/C





