
****** Vivado v2023.2 (64-bit)
  **** SW Build 4029153 on Fri Oct 13 20:13:54 MDT 2023
  **** IP Build 4028589 on Sat Oct 14 00:45:43 MDT 2023
  **** SharedData Build 4025554 on Tue Oct 10 17:18:54 MDT 2023
    ** Copyright 1986-2022 Xilinx, Inc. All Rights Reserved.
    ** Copyright 2022-2023 Advanced Micro Devices, Inc. All Rights Reserved.

source sim/layernorm/run_m8_layernorm_buffer_ooc.tcl -notrace
create_project: Time (s): cpu = 00:00:08 ; elapsed = 00:00:08 . Memory (MB): peak = 1330.539 ; gain = 0.027 ; free physical = 236625 ; free virtual = 249455
Command: synth_design -top vit_layernorm_engine_fp32 -part xczu5ev-sfvc784-1-e -mode out_of_context -flatten_hierarchy none -max_dsp 0 -generic {USE_EXTERNAL_MUL=1 USE_EXTERNAL_ADD=1 ENABLE_ROW_AFFINE_BUFFER=0 ROW_AFFINE_BUFFER_DEPTH=1024}
Starting synth_design
Attempting to get a license for feature 'Synthesis' and/or device 'xczu5ev'
INFO: [Common 17-349] Got license for feature 'Synthesis' and/or device 'xczu5ev'
INFO: [Vivado_Tcl 4-287] User specified maximum number of block DSP allowed in design is 0
INFO: [Synth 8-7079] Multithreading enabled for synth_design using a maximum of 1 processes.
INFO: [Synth 8-7078] Launching helper process for spawning children vivado processes
INFO: [Synth 8-7075] Helper process launched with PID 1757271
---------------------------------------------------------------------------------
Starting Synthesize : Time (s): cpu = 00:00:04 ; elapsed = 00:00:04 . Memory (MB): peak = 1738.168 ; gain = 407.621 ; free physical = 235974 ; free virtual = 248804
---------------------------------------------------------------------------------
INFO: [Synth 8-6157] synthesizing module 'vit_layernorm_engine_fp32' [/home/s23520579/Vivado_project/vit_m8_layernorm_leaf_c1f134272210/rtl/blocks/layernorm/vit_layernorm_engine_fp32.sv:20]
	Parameter USE_EXTERNAL_MUL bound to: 1 - type: integer 
	Parameter USE_EXTERNAL_ADD bound to: 1 - type: integer 
	Parameter ENABLE_ROW_AFFINE_BUFFER bound to: 0 - type: integer 
	Parameter ROW_AFFINE_BUFFER_DEPTH bound to: 1024 - type: integer 
INFO: [Synth 8-6157] synthesizing module 'vit_u32_mul_iterative_nodsp' [/home/s23520579/Vivado_project/vit_m8_layernorm_leaf_c1f134272210/rtl/leaf/common/vit_u32_mul_iterative_nodsp.sv:6]
INFO: [Synth 8-6155] done synthesizing module 'vit_u32_mul_iterative_nodsp' (0#1) [/home/s23520579/Vivado_project/vit_m8_layernorm_leaf_c1f134272210/rtl/leaf/common/vit_u32_mul_iterative_nodsp.sv:6]
INFO: [Synth 8-6157] synthesizing module 'vit_fp32_recip_u32_serial' [/home/s23520579/Vivado_project/vit_m8_layernorm_leaf_c1f134272210/rtl/leaf/fp32/vit_fp32_recip_u32_serial.sv:8]
INFO: [Synth 8-226] default block is never used [/home/s23520579/Vivado_project/vit_m8_layernorm_leaf_c1f134272210/rtl/leaf/fp32/vit_fp32_recip_u32_serial.sv:94]
INFO: [Synth 8-6155] done synthesizing module 'vit_fp32_recip_u32_serial' (0#1) [/home/s23520579/Vivado_project/vit_m8_layernorm_leaf_c1f134272210/rtl/leaf/fp32/vit_fp32_recip_u32_serial.sv:8]
INFO: [Synth 8-6155] done synthesizing module 'vit_layernorm_engine_fp32' (0#1) [/home/s23520579/Vivado_project/vit_m8_layernorm_leaf_c1f134272210/rtl/blocks/layernorm/vit_layernorm_engine_fp32.sv:20]
WARNING: [Synth 8-3936] Found unconnected internal register 'normalized_quotient_reg' and it is trimmed from '64' to '23' bits. [/home/s23520579/Vivado_project/vit_m8_layernorm_leaf_c1f134272210/rtl/leaf/fp32/vit_fp32_recip_u32_serial.sv:73]
---------------------------------------------------------------------------------
Finished Synthesize : Time (s): cpu = 00:00:05 ; elapsed = 00:00:05 . Memory (MB): peak = 1823.137 ; gain = 492.590 ; free physical = 235871 ; free virtual = 248702
---------------------------------------------------------------------------------
---------------------------------------------------------------------------------
Finished Constraint Validation : Time (s): cpu = 00:00:06 ; elapsed = 00:00:06 . Memory (MB): peak = 1840.949 ; gain = 510.402 ; free physical = 235871 ; free virtual = 248702
---------------------------------------------------------------------------------
---------------------------------------------------------------------------------
Start Loading Part and Timing Information
---------------------------------------------------------------------------------
Loading part: xczu5ev-sfvc784-1-e
INFO: [Synth 8-6742] Reading net delay rules and data
---------------------------------------------------------------------------------
Finished Loading Part and Timing Information : Time (s): cpu = 00:00:06 ; elapsed = 00:00:06 . Memory (MB): peak = 1854.891 ; gain = 524.344 ; free physical = 235871 ; free virtual = 248702
INFO: [Device 21-403] Loading part xczu5ev-sfvc784-1-e
---------------------------------------------------------------------------------
INFO: [Synth 8-802] inferred FSM for state register 'state_reg' in module 'vit_fp32_recip_u32_serial'
---------------------------------------------------------------------------------------------------
                   State |                     New Encoding |                Previous Encoding 
---------------------------------------------------------------------------------------------------
              STATE_IDLE |                               00 |                               00
            STATE_DIVIDE |                               01 |                               01
             STATE_ROUND |                               10 |                               10
              STATE_DONE |                               11 |                               11
---------------------------------------------------------------------------------------------------
INFO: [Synth 8-3354] encoded FSM with state register 'state_reg' using encoding 'sequential' in module 'vit_fp32_recip_u32_serial'
---------------------------------------------------------------------------------
Finished RTL Optimization Phase 2 : Time (s): cpu = 00:00:07 ; elapsed = 00:00:07 . Memory (MB): peak = 1862.898 ; gain = 532.352 ; free physical = 235840 ; free virtual = 248672
---------------------------------------------------------------------------------
No constraint files found.
---------------------------------------------------------------------------------
Start RTL Component Statistics 
---------------------------------------------------------------------------------
Detailed RTL Component Info : 
+---Adders : 
	   3 Input   64 Bit       Adders := 1     
	   2 Input   64 Bit       Adders := 1     
	   2 Input   32 Bit       Adders := 6     
	   2 Input    9 Bit       Adders := 1     
	   2 Input    8 Bit       Adders := 1     
	   2 Input    6 Bit       Adders := 4     
	   2 Input    2 Bit       Adders := 1     
+---Registers : 
	               64 Bit    Registers := 5     
	               32 Bit    Registers := 31    
	                8 Bit    Registers := 1     
	                6 Bit    Registers := 2     
	                5 Bit    Registers := 1     
	                2 Bit    Registers := 1     
	                1 Bit    Registers := 4     
+---RAMs : 
	              32K Bit	(1024 X 32 bit)          RAMs := 3     
+---Muxes : 
	   3 Input   64 Bit        Muxes := 1     
	   2 Input   64 Bit        Muxes := 2     
	   4 Input   64 Bit        Muxes := 3     
	   2 Input   32 Bit        Muxes := 7     
	   4 Input   32 Bit        Muxes := 1     
	  30 Input   32 Bit        Muxes := 7     
	   8 Input   32 Bit        Muxes := 1     
	   9 Input   32 Bit        Muxes := 1     
	   7 Input   32 Bit        Muxes := 2     
	   2 Input   23 Bit        Muxes := 1     
	   2 Input    9 Bit        Muxes := 1     
	   2 Input    8 Bit        Muxes := 2     
	   2 Input    6 Bit        Muxes := 1     
	   4 Input    6 Bit        Muxes := 1     
	   2 Input    5 Bit        Muxes := 6     
	   3 Input    5 Bit        Muxes := 2     
	   2 Input    4 Bit        Muxes := 1     
	  16 Input    4 Bit        Muxes := 1     
	  16 Input    3 Bit        Muxes := 3     
	   4 Input    2 Bit        Muxes := 1     
	   2 Input    2 Bit        Muxes := 1     
	  30 Input    2 Bit        Muxes := 1     
	   3 Input    2 Bit        Muxes := 1     
	   2 Input    1 Bit        Muxes := 18    
	   4 Input    1 Bit        Muxes := 6     
	  30 Input    1 Bit        Muxes := 27    
---------------------------------------------------------------------------------
Finished RTL Component Statistics 
---------------------------------------------------------------------------------
---------------------------------------------------------------------------------
Start Part Resource Summary
---------------------------------------------------------------------------------
Part Resources:
DSPs: 1248 (col length:96)
BRAMs: 288 (col length: RAMB18 96 RAMB36 48)
---------------------------------------------------------------------------------
Finished Part Resource Summary
---------------------------------------------------------------------------------
No constraint files found.
---------------------------------------------------------------------------------
Start Cross Boundary and Area Optimization
---------------------------------------------------------------------------------
WARNING: [Synth 8-7080] Parallel synthesis criteria is not met
INFO: [Synth 8-7030] Implemented Non-Cascaded Block Ram (cascade_height = 1) of width 32 for RAM "vit_layernorm_engine_fp32/gamma_buffer_reg"
INFO: [Synth 8-7030] Implemented Non-Cascaded Block Ram (cascade_height = 1) of width 32 for RAM "vit_layernorm_engine_fp32/sample_buffer_reg"
INFO: [Synth 8-7030] Implemented Non-Cascaded Block Ram (cascade_height = 1) of width 32 for RAM "vit_layernorm_engine_fp32/beta_buffer_reg"
---------------------------------------------------------------------------------
Finished Cross Boundary and Area Optimization : Time (s): cpu = 00:00:19 ; elapsed = 00:00:19 . Memory (MB): peak = 2593.742 ; gain = 1263.195 ; free physical = 235114 ; free virtual = 247945
---------------------------------------------------------------------------------
---------------------------------------------------------------------------------
Start ROM, RAM, DSP, Shift Register and Retiming Reporting
---------------------------------------------------------------------------------

Block RAM: Preliminary Mapping Report (see note below)
+--------------------------+-------------------+------------------------+---+---+------------------------+---+---+------------------+--------+--------+-----------------+
|Module Name               | RTL Object        | PORT A (Depth x Width) | W | R | PORT B (Depth x Width) | W | R | Ports driving FF | RAMB18 | RAMB36 | Cascade Heights | 
+--------------------------+-------------------+------------------------+---+---+------------------------+---+---+------------------+--------+--------+-----------------+
|vit_layernorm_engine_fp32 | gamma_buffer_reg  | 1 K x 32(READ_FIRST)   | W |   | 1 K x 32(WRITE_FIRST)  |   | R | Port A and B     | 0      | 1      | 1               | 
|vit_layernorm_engine_fp32 | sample_buffer_reg | 1 K x 32(READ_FIRST)   | W |   | 1 K x 32(WRITE_FIRST)  |   | R | Port A and B     | 0      | 1      | 1               | 
|vit_layernorm_engine_fp32 | beta_buffer_reg   | 1 K x 32(READ_FIRST)   | W |   | 1 K x 32(WRITE_FIRST)  |   | R | Port A and B     | 0      | 1      | 1               | 
+--------------------------+-------------------+------------------------+---+---+------------------------+---+---+------------------+--------+--------+-----------------+

Note: The table above is a preliminary report that shows the Block RAMs at the current stage of the synthesis flow. Some Block RAMs may be reimplemented as non Block RAM primitives later in the synthesis flow. Multiple instantiated Block RAMs are reported only once. 
---------------------------------------------------------------------------------
Finished ROM, RAM, DSP, Shift Register and Retiming Reporting
---------------------------------------------------------------------------------
No constraint files found.
---------------------------------------------------------------------------------
Start Timing Optimization
---------------------------------------------------------------------------------
---------------------------------------------------------------------------------
Finished Timing Optimization : Time (s): cpu = 00:00:19 ; elapsed = 00:00:19 . Memory (MB): peak = 2593.742 ; gain = 1263.195 ; free physical = 235114 ; free virtual = 247945
---------------------------------------------------------------------------------
---------------------------------------------------------------------------------
Start ROM, RAM, DSP, Shift Register and Retiming Reporting
---------------------------------------------------------------------------------

Block RAM: Final Mapping Report
+--------------------------+-------------------+------------------------+---+---+------------------------+---+---+------------------+--------+--------+-----------------+
|Module Name               | RTL Object        | PORT A (Depth x Width) | W | R | PORT B (Depth x Width) | W | R | Ports driving FF | RAMB18 | RAMB36 | Cascade Heights | 
+--------------------------+-------------------+------------------------+---+---+------------------------+---+---+------------------+--------+--------+-----------------+
|vit_layernorm_engine_fp32 | gamma_buffer_reg  | 1 K x 32(READ_FIRST)   | W |   | 1 K x 32(WRITE_FIRST)  |   | R | Port A and B     | 0      | 1      | 1               | 
|vit_layernorm_engine_fp32 | sample_buffer_reg | 1 K x 32(READ_FIRST)   | W |   | 1 K x 32(WRITE_FIRST)  |   | R | Port A and B     | 0      | 1      | 1               | 
|vit_layernorm_engine_fp32 | beta_buffer_reg   | 1 K x 32(READ_FIRST)   | W |   | 1 K x 32(WRITE_FIRST)  |   | R | Port A and B     | 0      | 1      | 1               | 
+--------------------------+-------------------+------------------------+---+---+------------------------+---+---+------------------+--------+--------+-----------------+

---------------------------------------------------------------------------------
Finished ROM, RAM, DSP, Shift Register and Retiming Reporting
---------------------------------------------------------------------------------
---------------------------------------------------------------------------------
Start Technology Mapping
---------------------------------------------------------------------------------
INFO: [Synth 8-7052] The timing for the instance gamma_buffer_reg_bram_0 (implemented as a Block RAM) might be sub-optimal as no optional output register could be merged into the ram block. Providing additional output register may help in improving timing.
INFO: [Synth 8-7052] The timing for the instance sample_buffer_reg_bram_0 (implemented as a Block RAM) might be sub-optimal as no optional output register could be merged into the ram block. Providing additional output register may help in improving timing.
INFO: [Synth 8-7052] The timing for the instance beta_buffer_reg_bram_0 (implemented as a Block RAM) might be sub-optimal as no optional output register could be merged into the ram block. Providing additional output register may help in improving timing.
---------------------------------------------------------------------------------
Finished Technology Mapping : Time (s): cpu = 00:00:19 ; elapsed = 00:00:19 . Memory (MB): peak = 2593.742 ; gain = 1263.195 ; free physical = 235114 ; free virtual = 247945
---------------------------------------------------------------------------------
---------------------------------------------------------------------------------
Start IO Insertion
---------------------------------------------------------------------------------
---------------------------------------------------------------------------------
Start Final Netlist Cleanup
---------------------------------------------------------------------------------
---------------------------------------------------------------------------------
Finished Final Netlist Cleanup
---------------------------------------------------------------------------------
---------------------------------------------------------------------------------
Finished IO Insertion : Time (s): cpu = 00:00:23 ; elapsed = 00:00:23 . Memory (MB): peak = 2593.742 ; gain = 1263.195 ; free physical = 235114 ; free virtual = 247945
---------------------------------------------------------------------------------
---------------------------------------------------------------------------------
Start Renaming Generated Instances
---------------------------------------------------------------------------------
---------------------------------------------------------------------------------
Finished Renaming Generated Instances : Time (s): cpu = 00:00:23 ; elapsed = 00:00:23 . Memory (MB): peak = 2593.742 ; gain = 1263.195 ; free physical = 235114 ; free virtual = 247945
---------------------------------------------------------------------------------
---------------------------------------------------------------------------------
Start Handling Custom Attributes
---------------------------------------------------------------------------------
---------------------------------------------------------------------------------
Finished Handling Custom Attributes : Time (s): cpu = 00:00:23 ; elapsed = 00:00:24 . Memory (MB): peak = 2593.742 ; gain = 1263.195 ; free physical = 235114 ; free virtual = 247945
---------------------------------------------------------------------------------
---------------------------------------------------------------------------------
Start Writing Synthesis Report
---------------------------------------------------------------------------------

Report BlackBoxes: 
+-+--------------+----------+
| |BlackBox name |Instances |
+-+--------------+----------+
+-+--------------+----------+

Report Cell Usage: 
+------+---------+------+
|      |Cell     |Count |
+------+---------+------+
|1     |CARRY8   |    60|
|2     |LUT1     |   100|
|3     |LUT2     |   423|
|4     |LUT3     |   274|
|5     |LUT4     |   391|
|6     |LUT5     |   268|
|7     |LUT6     |   230|
|8     |MUXF7    |    36|
|9     |MUXF8    |     1|
|10    |RAMB36E2 |     3|
|11    |FDRE     |  1239|
+------+---------+------+

Report Instance Areas: 
+------+---------------------------+----------------------------+------+
|      |Instance                   |Module                      |Cells |
+------+---------------------------+----------------------------+------+
|1     |top                        |                            |  3025|
|2     |  u_total_words_multiplier |vit_u32_mul_iterative_nodsp |   349|
|3     |  u_reciprocal_hidden_size |vit_fp32_recip_u32_serial   |   749|
+------+---------------------------+----------------------------+------+
---------------------------------------------------------------------------------
Finished Writing Synthesis Report : Time (s): cpu = 00:00:23 ; elapsed = 00:00:24 . Memory (MB): peak = 2593.742 ; gain = 1263.195 ; free physical = 235114 ; free virtual = 247945
---------------------------------------------------------------------------------
Synthesis finished with 0 errors, 0 critical warnings and 2 warnings.
Synthesis Optimization Runtime : Time (s): cpu = 00:00:23 ; elapsed = 00:00:24 . Memory (MB): peak = 2593.742 ; gain = 1263.195 ; free physical = 235114 ; free virtual = 247945
Synthesis Optimization Complete : Time (s): cpu = 00:00:23 ; elapsed = 00:00:24 . Memory (MB): peak = 2593.750 ; gain = 1263.195 ; free physical = 235114 ; free virtual = 247945
INFO: [Project 1-571] Translating synthesized netlist
Netlist sorting complete. Time (s): cpu = 00:00:00.02 ; elapsed = 00:00:00.02 . Memory (MB): peak = 2593.750 ; gain = 0.000 ; free physical = 235373 ; free virtual = 248205
INFO: [Netlist 29-17] Analyzing 97 Unisim elements for replacement
INFO: [Netlist 29-28] Unisim Transformation completed in 0 CPU seconds
INFO: [Project 1-570] Preparing netlist for logic optimization
INFO: [Opt 31-138] Pushed 0 inverter(s) to 0 load pin(s).
Netlist sorting complete. Time (s): cpu = 00:00:00 ; elapsed = 00:00:00 . Memory (MB): peak = 2593.750 ; gain = 0.000 ; free physical = 235374 ; free virtual = 248205
INFO: [Project 1-111] Unisim Transformation Summary:
No Unisim elements were transformed.

Synth Design complete | Checksum: 6a389026
INFO: [Common 17-83] Releasing license: Synthesis
29 Infos, 2 Warnings, 0 Critical Warnings and 0 Errors encountered.
synth_design completed successfully
synth_design: Time (s): cpu = 00:00:29 ; elapsed = 00:00:27 . Memory (MB): peak = 2593.777 ; gain = 1263.238 ; free physical = 235374 ; free virtual = 248205
INFO: [Common 17-2834] synth_design peak Physical Memory [PSS] (MB): overall = 2176.465; main = 1844.937; forked = 360.599
INFO: [Common 17-2834] synth_design peak Virtual Memory [VSS] (MB): overall = 3579.586; main = 2593.746; forked = 985.840
INFO: [Vivado 12-4761] HD.CLK_SRC property is set on port clk. The net connecting to the port drives either clock PIN or hierarchical black box. Use the create_clock constraint to create a clock on this port prior to setting HD.CLK_SRC. 
M8_LAYERNORM_OOC_FAIL post_synth enable=0 DSP=0 RAMB36=3 RAMB18=0 URAM=0 LUTRAM=0 blackbox=0 latch=0 expected_RAM36=0 and all others zero
    while executing
"error "M8_LAYERNORM_OOC_FAIL $message""
    (procedure "m8_ln_fail" line 2)
    invoked from within
"m8_ln_fail "$stage enable=$buffer_enable DSP=[dict get $result dsp] RAMB36=[dict get $result ramb36] RAMB18=[dict get $result ramb18] URAM=[dict get $..."
    (procedure "m8_ln_metrics" line 26)
    invoked from within
"m8_ln_metrics post_synth $buffer_enable $report_dir"
    invoked from within
"set synth_metrics [m8_ln_metrics post_synth $buffer_enable $report_dir]"
    (file "sim/layernorm/run_m8_layernorm_buffer_ooc.tcl" line 156)
INFO: [Common 17-206] Exiting Vivado at Sat Aug  8 16:28:11 2026...
