Copyright 1986-2022 Xilinx, Inc. All Rights Reserved. Copyright 2022-2023 Advanced Micro Devices, Inc. All Rights Reserved.
---------------------------------------------------------------------------------------------------------------------------------------------------------------------------------------------------------------------------------------------------------------------------
| Tool Version      : Vivado v.2023.2 (lin64) Build 4029153 Fri Oct 13 20:13:54 MDT 2023
| Date              : Sat Aug  8 16:15:50 2026
| Host              : ubuntu running 64-bit Ubuntu 24.04.4 LTS
| Command           : report_timing_summary -delay_type min_max -report_unconstrained -check_timing_verbose -file /home/s23520579/Vivado_project/vit_m8_softmax_leaf_9ddbb13b65f5/evidence/20260808T161254Z-m8-softmax-ooc-ab/parent/reports/post_route_timing_summary.rpt
| Design            : vit_softmax_engine_fp32
| Device            : xczu5ev-sfvc784
| Speed File        : -1  PRODUCTION 1.30 05-15-2022
| Design State      : Routed
| Temperature Grade : E
---------------------------------------------------------------------------------------------------------------------------------------------------------------------------------------------------------------------------------------------------------------------------

Timing Summary Report

------------------------------------------------------------------------------------------------
| Timer Settings
| --------------
------------------------------------------------------------------------------------------------

  Enable Multi Corner Analysis               :  Yes
  Enable Pessimism Removal                   :  Yes
  Pessimism Removal Resolution               :  Nearest Common Node
  Enable Input Delay Default Clock           :  No
  Enable Preset / Clear Arcs                 :  No
  Disable Flight Delays                      :  No
  Ignore I/O Paths                           :  No
  Timing Early Launch at Borrowing Latches   :  No
  Borrow Time for Max Delay Exceptions       :  Yes
  Merge Timing Exceptions                    :  Yes
  Inter-SLR Compensation                     :  Conservative

  Corner  Analyze    Analyze    
  Name    Max Paths  Min Paths  
  ------  ---------  ---------  
  Slow    Yes        Yes        
  Fast    Yes        Yes        


------------------------------------------------------------------------------------------------
| Report Methodology
| ------------------
------------------------------------------------------------------------------------------------

No report available as report_methodology has not been run prior. Run report_methodology on the current design for the summary of methodology violations.



check_timing report

Table of Contents
-----------------
1. checking no_clock (0)
2. checking constant_clock (0)
3. checking pulse_width_clock (0)
4. checking unconstrained_internal_endpoints (0)
5. checking no_input_delay (0)
6. checking no_output_delay (0)
7. checking multiple_clock (0)
8. checking generated_clocks (0)
9. checking loops (0)
10. checking partial_input_delay (0)
11. checking partial_output_delay (0)
12. checking latch_loops (0)

1. checking no_clock (0)
------------------------
 There are 0 register/latch pins with no clock.


2. checking constant_clock (0)
------------------------------
 There are 0 register/latch pins with constant_clock.


3. checking pulse_width_clock (0)
---------------------------------
 There are 0 register/latch pins which need pulse_width check


4. checking unconstrained_internal_endpoints (0)
------------------------------------------------
 There are 0 pins that are not constrained for maximum delay.

 There are 0 pins that are not constrained for maximum delay due to constant clock.


5. checking no_input_delay (0)
------------------------------
 There are 0 input ports with no input delay specified.

 There are 0 input ports with no input delay but user has a false path constraint.


6. checking no_output_delay (0)
-------------------------------
 There are 0 ports with no output delay specified.

 There are 0 ports with no output delay but user has a false path constraint

 There are 0 ports with no output delay but with a timing clock defined on it or propagating through it


7. checking multiple_clock (0)
------------------------------
 There are 0 register/latch pins with multiple clocks.


8. checking generated_clocks (0)
--------------------------------
 There are 0 generated clocks that are not connected to a clock source.


9. checking loops (0)
---------------------
 There are 0 combinational loops in the design.


10. checking partial_input_delay (0)
------------------------------------
 There are 0 input ports with partial input delay specified.


11. checking partial_output_delay (0)
-------------------------------------
 There are 0 ports with partial output delay specified.


12. checking latch_loops (0)
----------------------------
 There are 0 combinational latch loops in the design through latch input



------------------------------------------------------------------------------------------------
| Design Timing Summary
| ---------------------
------------------------------------------------------------------------------------------------

    WNS(ns)      TNS(ns)  TNS Failing Endpoints  TNS Total Endpoints      WHS(ns)      THS(ns)  THS Failing Endpoints  THS Total Endpoints     WPWS(ns)     TPWS(ns)  TPWS Failing Endpoints  TPWS Total Endpoints  
    -------      -------  ---------------------  -------------------      -------      -------  ---------------------  -------------------     --------     --------  ----------------------  --------------------  
      2.776        0.000                      0                 3483       -0.020       -0.020                      1                 1811        9.725        0.000                       0                  1064  


Timing constraints are not met.


------------------------------------------------------------------------------------------------
| Clock Summary
| -------------
------------------------------------------------------------------------------------------------

Clock  Waveform(ns)       Period(ns)      Frequency(MHz)
-----  ------------       ----------      --------------
clk    {0.000 10.000}     20.000          50.000          


------------------------------------------------------------------------------------------------
| Intra Clock Table
| -----------------
------------------------------------------------------------------------------------------------

Clock             WNS(ns)      TNS(ns)  TNS Failing Endpoints  TNS Total Endpoints      WHS(ns)      THS(ns)  THS Failing Endpoints  THS Total Endpoints     WPWS(ns)     TPWS(ns)  TPWS Failing Endpoints  TPWS Total Endpoints  
-----             -------      -------  ---------------------  -------------------      -------      -------  ---------------------  -------------------     --------     --------  ----------------------  --------------------  
clk                 2.776        0.000                      0                 3483       -0.020       -0.020                      1                 1811        9.725        0.000                       0                  1064  


------------------------------------------------------------------------------------------------
| Inter Clock Table
| -----------------
------------------------------------------------------------------------------------------------

From Clock    To Clock          WNS(ns)      TNS(ns)  TNS Failing Endpoints  TNS Total Endpoints      WHS(ns)      THS(ns)  THS Failing Endpoints  THS Total Endpoints  
----------    --------          -------      -------  ---------------------  -------------------      -------      -------  ---------------------  -------------------  


------------------------------------------------------------------------------------------------
| Other Path Groups Table
| -----------------------
------------------------------------------------------------------------------------------------

Path Group    From Clock    To Clock          WNS(ns)      TNS(ns)  TNS Failing Endpoints  TNS Total Endpoints      WHS(ns)      THS(ns)  THS Failing Endpoints  THS Total Endpoints  
----------    ----------    --------          -------      -------  ---------------------  -------------------      -------      -------  ---------------------  -------------------  


------------------------------------------------------------------------------------------------
| User Ignored Path Table
| -----------------------
------------------------------------------------------------------------------------------------

Path Group    From Clock    To Clock    
----------    ----------    --------    
(none)        clk           clk           


------------------------------------------------------------------------------------------------
| Unconstrained Path Table
| ------------------------
------------------------------------------------------------------------------------------------

Path Group    From Clock    To Clock    
----------    ----------    --------    


------------------------------------------------------------------------------------------------
| Timing Details
| --------------
------------------------------------------------------------------------------------------------


---------------------------------------------------------------------------------------------------
From Clock:  clk
  To Clock:  clk

Setup :            0  Failing Endpoints,  Worst Slack        2.776ns,  Total Violation        0.000ns
Hold  :            1  Failing Endpoint ,  Worst Slack       -0.020ns,  Total Violation       -0.020ns
PW    :            0  Failing Endpoints,  Worst Slack        9.725ns,  Total Violation        0.000ns
---------------------------------------------------------------------------------------------------


Max Delay Paths
--------------------------------------------------------------------------------------
Slack (MET) :             2.776ns  (required time - arrival time)
  Source:                 exp_scaled_reg[25]/C
                            (rising edge-triggered cell FDRE clocked by clk  {rise@0.000ns fall@10.000ns period=20.000ns})
  Destination:            mul_operand_a[28]
                            (output port clocked by clk  {rise@0.000ns fall@10.000ns period=20.000ns})
  Path Group:             clk
  Path Type:              Max at Slow Process Corner
  Requirement:            20.000ns  (clk rise@20.000ns - clk rise@0.000ns)
  Data Path Delay:        11.543ns  (logic 2.653ns (22.983%)  route 8.890ns (77.017%))
  Logic Levels:           21  (CARRY8=3 LUT2=1 LUT3=2 LUT4=3 LUT5=6 LUT6=6)
  Output Delay:           4.000ns
  Clock Path Skew:        -1.645ns (DCD - SCD + CPR)
    Destination Clock Delay (DCD):    0.000ns = ( 20.000 - 20.000 ) 
    Source Clock Delay      (SCD):    1.645ns
    Clock Pessimism Removal (CPR):    0.000ns
  Clock Uncertainty:      0.035ns  ((TSJ^2 + TIJ^2)^1/2 + DJ) / 2 + PE
    Total System Jitter     (TSJ):    0.071ns
    Total Input Jitter      (TIJ):    0.000ns
    Discrete Jitter          (DJ):    0.000ns
    Phase Error              (PE):    0.000ns

    Location             Delay type                Incr(ns)  Path(ns)    Netlist Resource(s)
  -------------------------------------------------------------------    -------------------
                         (clock clk rise edge)        0.000     0.000 r  
                                                      0.000     0.000 r  clk (IN)
                         net (fo=1063, unset)         1.645     1.645    clk
    SLICE_X38Y144        FDRE                                         r  exp_scaled_reg[25]/C
  -------------------------------------------------------------------    -------------------
    SLICE_X38Y144        FDRE (Prop_EFF_SLICEM_C_Q)
                                                      0.093     1.738 r  exp_scaled_reg[25]/Q
                         net (fo=59, routed)          0.838     2.576    u_exp_to_integer/value[25]
    SLICE_X40Y149        LUT3 (Prop_D5LUT_SLICEM_I2_O)
                                                      0.082     2.658 r  u_exp_to_integer/result[30]_INST_0_i_16/O
                         net (fo=3, routed)           0.268     2.926    u_exp_to_integer/result[30]_INST_0_i_16_n_0
    SLICE_X40Y149        LUT6 (Prop_H6LUT_SLICEM_I1_O)
                                                      0.100     3.026 f  u_exp_to_integer/result[28]_INST_0_i_6/O
                         net (fo=35, routed)          0.818     3.845    u_exp_to_integer/result[28]_INST_0_i_6_n_0
    SLICE_X42Y148        LUT4 (Prop_D5LUT_SLICEL_I3_O)
                                                      0.136     3.981 f  u_exp_to_integer/result[28]_INST_0_i_10/O
                         net (fo=4, routed)           0.534     4.514    u_exp_to_integer/result[28]_INST_0_i_10_n_0
    SLICE_X42Y148        LUT5 (Prop_F6LUT_SLICEL_I0_O)
                                                      0.148     4.662 f  u_exp_to_integer/result[30]_INST_0_i_7/O
                         net (fo=4, routed)           0.198     4.861    u_exp_to_integer/result[30]_INST_0_i_7_n_0
    SLICE_X42Y143        LUT2 (Prop_D5LUT_SLICEL_I1_O)
                                                      0.136     4.997 f  u_exp_to_integer/result[6]_INST_0_i_2/O
                         net (fo=1, routed)           0.187     5.184    u_exp_to_integer/result[6]_INST_0_i_2_n_0
    SLICE_X42Y143        LUT6 (Prop_F6LUT_SLICEL_I5_O)
                                                      0.148     5.332 f  u_exp_to_integer/result[6]_INST_0/O
                         net (fo=3, routed)           0.415     5.746    exp_scale_integer_comb[6]
    SLICE_X41Y134        LUT4 (Prop_F6LUT_SLICEM_I1_O)
                                                      0.177     5.923 f  u_exp_from_integer_i_26/O
                         net (fo=15, routed)          1.074     6.997    u_exp_from_integer/value[6]
    SLICE_X43Y139        LUT4 (Prop_A6LUT_SLICEM_I3_O)
                                                      0.040     7.037 f  u_exp_from_integer/result[30]_INST_0_i_40/O
                         net (fo=1, routed)           0.118     7.155    u_exp_from_integer/result[30]_INST_0_i_40_n_0
    SLICE_X43Y139        LUT5 (Prop_B6LUT_SLICEM_I4_O)
                                                      0.116     7.271 r  u_exp_from_integer/result[30]_INST_0_i_23/O
                         net (fo=1, routed)           0.049     7.320    u_exp_from_integer/result[30]_INST_0_i_23_n_0
    SLICE_X43Y139        LUT6 (Prop_F6LUT_SLICEM_I5_O)
                                                      0.038     7.358 r  u_exp_from_integer/result[30]_INST_0_i_3/O
                         net (fo=44, routed)          0.765     8.123    u_exp_from_integer/result[30]_INST_0_i_3_n_0
    SLICE_X47Y133        LUT5 (Prop_F6LUT_SLICEL_I2_O)
                                                      0.148     8.271 r  u_exp_from_integer/result[30]_INST_0_i_91/O
                         net (fo=37, routed)          0.690     8.961    u_exp_from_integer/result[30]_INST_0_i_91_n_0
    SLICE_X44Y140        LUT5 (Prop_H5LUT_SLICEL_I4_O)
                                                      0.195     9.156 f  u_exp_from_integer/result[22]_INST_0_i_36/O
                         net (fo=2, routed)           0.514     9.671    u_exp_from_integer/result[22]_INST_0_i_36_n_0
    SLICE_X43Y133        LUT6 (Prop_H6LUT_SLICEM_I0_O)
                                                      0.182     9.853 f  u_exp_from_integer/result[22]_INST_0_i_14/O
                         net (fo=4, routed)           0.425    10.278    u_exp_from_integer/result[22]_INST_0_i_14_n_0
    SLICE_X44Y134        LUT5 (Prop_A6LUT_SLICEL_I0_O)
                                                      0.115    10.393 f  u_exp_from_integer/result[30]_INST_0_i_26/O
                         net (fo=3, routed)           0.393    10.786    u_exp_from_integer/result[30]_INST_0_i_26_n_0
    SLICE_X46Y131        CARRY8 (Prop_CARRY8_SLICEL_CI_CO[7])
                                                      0.191    10.977 f  u_exp_from_integer/result[8]_INST_0_i_3/CO[7]
                         net (fo=1, routed)           0.028    11.005    u_exp_from_integer/result[8]_INST_0_i_3_n_0
    SLICE_X46Y132        CARRY8 (Prop_CARRY8_SLICEL_CI_CO[7])
                                                      0.023    11.028 f  u_exp_from_integer/result[22]_INST_0_i_6/CO[7]
                         net (fo=1, routed)           0.028    11.056    u_exp_from_integer/result[22]_INST_0_i_6_n_0
    SLICE_X46Y133        CARRY8 (Prop_CARRY8_SLICEL_CI_CO[7])
                                                      0.030    11.086 f  u_exp_from_integer/result[22]_INST_0_i_2/CO[7]
                         net (fo=1, routed)           0.212    11.298    u_exp_from_integer/rounded_mantissa0[24]
    SLICE_X45Y134        LUT5 (Prop_B6LUT_SLICEM_I0_O)
                                                      0.063    11.361 r  u_exp_from_integer/result[30]_INST_0_i_4/O
                         net (fo=30, routed)          0.481    11.842    u_exp_from_integer/result[30]_INST_0_i_4_n_0
    SLICE_X46Y138        LUT6 (Prop_G6LUT_SLICEL_I3_O)
                                                      0.147    11.989 r  u_exp_from_integer/result[29]_INST_0/O
                         net (fo=1, routed)           0.061    12.050    integer_as_fp32[29]
    SLICE_X46Y138        LUT3 (Prop_C5LUT_SLICEL_I2_O)
                                                      0.168    12.218 r  mul_operand_a[29]_INST_0_i_2/O
                         net (fo=2, routed)           0.793    13.011    mul_operand_a[29]_INST_0_i_2_n_0
    SLICE_X50Y132        LUT6 (Prop_F6LUT_SLICEL_I5_O)
                                                      0.177    13.188 r  mul_operand_a[28]_INST_0/O
                         net (fo=0)                   0.000    13.188    mul_operand_a[28]
                                                                      r  mul_operand_a[28] (OUT)
  -------------------------------------------------------------------    -------------------

                         (clock clk rise edge)       20.000    20.000 r  
                         clock pessimism              0.000    20.000    
                         clock uncertainty           -0.035    19.965    
                         output delay                -4.000    15.965    
  -------------------------------------------------------------------
                         required time                         15.965    
                         arrival time                         -13.188    
  -------------------------------------------------------------------
                         slack                                  2.776    





Min Delay Paths
--------------------------------------------------------------------------------------
Slack (VIOLATED) :        -0.020ns  (arrival time - required time)
  Source:                 exponential_sum_reg[1]/C
                            (rising edge-triggered cell FDRE clocked by clk  {rise@0.000ns fall@10.000ns period=20.000ns})
  Destination:            reciprocal_operand_reg[1]/D
                            (rising edge-triggered cell FDRE clocked by clk  {rise@0.000ns fall@10.000ns period=20.000ns})
  Path Group:             clk
  Path Type:              Hold (Min at Slow Process Corner)
  Requirement:            0.000ns  (clk rise@0.000ns - clk rise@0.000ns)
  Data Path Delay:        0.154ns  (logic 0.070ns (45.395%)  route 0.084ns (54.605%))
  Logic Levels:           0  
  Clock Path Skew:        0.119ns (DCD - SCD - CPR)
    Destination Clock Delay (DCD):    1.781ns
    Source Clock Delay      (SCD):    1.536ns
    Clock Pessimism Removal (CPR):    0.126ns

    Location             Delay type                Incr(ns)  Path(ns)    Netlist Resource(s)
  -------------------------------------------------------------------    -------------------
                         (clock clk rise edge)        0.000     0.000 r  
                                                      0.000     0.000 r  clk (IN)
                         net (fo=1063, unset)         1.536     1.536    clk
    SLICE_X47Y123        FDRE                                         r  exponential_sum_reg[1]/C
  -------------------------------------------------------------------    -------------------
    SLICE_X47Y123        FDRE (Prop_HFF_SLICEL_C_Q)
                                                      0.070     1.606 r  exponential_sum_reg[1]/Q
                         net (fo=4, routed)           0.084     1.690    debug_exp_sum[1]
    SLICE_X48Y123        FDRE                                         r  reciprocal_operand_reg[1]/D
  -------------------------------------------------------------------    -------------------

                         (clock clk rise edge)        0.000     0.000 r  
                                                      0.000     0.000 r  clk (IN)
                         net (fo=1063, unset)         1.781     1.781    clk
    SLICE_X48Y123        FDRE                                         r  reciprocal_operand_reg[1]/C
                         clock pessimism             -0.126     1.655    
    SLICE_X48Y123        FDRE (Hold_HFF2_SLICEL_C_D)
                                                      0.055     1.710    reciprocal_operand_reg[1]
  -------------------------------------------------------------------
                         required time                         -1.710    
                         arrival time                           1.690    
  -------------------------------------------------------------------
                         slack                                 -0.020    





Pulse Width Checks
--------------------------------------------------------------------------------------
Clock Name:         clk
Waveform(ns):       { 0.000 10.000 }
Period(ns):         20.000
Sources:            { clk }

Check Type        Corner  Lib Pin  Reference Pin  Required(ns)  Actual(ns)  Slack(ns)  Location       Pin
Min Period        n/a     FDRE/C   n/a            0.550         20.000      19.450     SLICE_X49Y123  FSM_onehot_state_reg[0]/C
Low Pulse Width   Slow    FDRE/C   n/a            0.275         10.000      9.725      SLICE_X49Y123  FSM_onehot_state_reg[0]/C
High Pulse Width  Slow    FDRE/C   n/a            0.275         10.000      9.725      SLICE_X49Y123  FSM_onehot_state_reg[0]/C



--------------------------------------------------------------------------------------
Path Group:  (none)
From Clock:  clk
  To Clock:  clk

Max Delay             0 Endpoints
Min Delay          2283 Endpoints
--------------------------------------------------------------------------------------


Min Delay Paths
--------------------------------------------------------------------------------------
Slack:                    inf
  Source:                 cfg_row_count[24]
                            (input port clocked by clk  {rise@0.000ns fall@10.000ns period=20.000ns})
  Destination:            active_row_count_reg[24]/D
                            (rising edge-triggered cell FDRE clocked by clk  {rise@0.000ns fall@10.000ns period=20.000ns})
  Path Group:             (none)
  Path Type:              Hold (Min at Fast Process Corner)
  Data Path Delay:        0.007ns  (logic 0.000ns (0.000%)  route 0.007ns (100.001%))
  Logic Levels:           0  
  Input Delay:            1.000ns
  Clock Path Skew:        0.997ns (DCD - SCD - CPR)
    Destination Clock Delay (DCD):    0.997ns
    Source Clock Delay      (SCD):    0.000ns
    Clock Pessimism Removal (CPR):    -0.000ns
  Clock Uncertainty:      0.035ns  ((TSJ^2 + TIJ^2)^1/2 + DJ) / 2 + PE
    Total System Jitter     (TSJ):    0.071ns
    Total Input Jitter      (TIJ):    0.000ns
    Discrete Jitter          (DJ):    0.000ns
    Phase Error              (PE):    0.000ns
  Timing Exception:       False Path

    Location             Delay type                Incr(ns)  Path(ns)    Netlist Resource(s)
  -------------------------------------------------------------------    -------------------
                         (clock clk rise edge)        0.000     0.000 r  
                         input delay                  1.000     1.000    
                                                      0.000     1.000 r  cfg_row_count[24] (IN)
                         net (fo=2, unset)            0.007     1.007    cfg_row_count[24]
    SLICE_X52Y100        FDRE                                         r  active_row_count_reg[24]/D
  -------------------------------------------------------------------    -------------------

                         (clock clk rise edge)        0.000     0.000 r  
                                                      0.000     0.000 r  clk (IN)
                         net (fo=1063, unset)         0.997     0.997    clk
    SLICE_X52Y100        FDRE                                         r  active_row_count_reg[24]/C





