Copyright 1986-2022 Xilinx, Inc. All Rights Reserved. Copyright 2022-2023 Advanced Micro Devices, Inc. All Rights Reserved.
---------------------------------------------------------------------------------------------------------------------------------------------------------------------------------------------------------------------------------------------------------------------------
| Tool Version      : Vivado v.2023.2 (lin64) Build 4029153 Fri Oct 13 20:13:54 MDT 2023
| Date              : Sat Aug  8 16:14:12 2026
| Host              : ubuntu running 64-bit Ubuntu 24.04.4 LTS
| Command           : report_timing_summary -delay_type min_max -report_unconstrained -check_timing_verbose -file /home/s23520579/Vivado_project/vit_m8_softmax_leaf_9ddbb13b65f5/evidence/20260808T161254Z-m8-softmax-ooc-ab/parent/reports/post_synth_timing_summary.rpt
| Design            : vit_softmax_engine_fp32
| Device            : xczu5ev-sfvc784
| Speed File        : -1  PRODUCTION 1.30 05-15-2022
| Design State      : Synthesized
| Temperature Grade : E
---------------------------------------------------------------------------------------------------------------------------------------------------------------------------------------------------------------------------------------------------------------------------

Timing Summary Report

------------------------------------------------------------------------------------------------
| Timer Settings
| --------------
------------------------------------------------------------------------------------------------

  Enable Multi Corner Analysis               :  Yes
  Enable Pessimism Removal                   :  Yes
  Pessimism Removal Resolution               :  Nearest Common Node
  Enable Input Delay Default Clock           :  No
  Enable Preset / Clear Arcs                 :  No
  Disable Flight Delays                      :  No
  Ignore I/O Paths                           :  No
  Timing Early Launch at Borrowing Latches   :  No
  Borrow Time for Max Delay Exceptions       :  Yes
  Merge Timing Exceptions                    :  Yes
  Inter-SLR Compensation                     :  Conservative

  Corner  Analyze    Analyze    
  Name    Max Paths  Min Paths  
  ------  ---------  ---------  
  Slow    Yes        Yes        
  Fast    Yes        Yes        


------------------------------------------------------------------------------------------------
| Report Methodology
| ------------------
------------------------------------------------------------------------------------------------

No report available as report_methodology has not been run prior. Run report_methodology on the current design for the summary of methodology violations.



check_timing report

Table of Contents
-----------------
1. checking no_clock (0)
2. checking constant_clock (0)
3. checking pulse_width_clock (0)
4. checking unconstrained_internal_endpoints (0)
5. checking no_input_delay (0)
6. checking no_output_delay (0)
7. checking multiple_clock (0)
8. checking generated_clocks (0)
9. checking loops (0)
10. checking partial_input_delay (0)
11. checking partial_output_delay (0)
12. checking latch_loops (0)

1. checking no_clock (0)
------------------------
 There are 0 register/latch pins with no clock.


2. checking constant_clock (0)
------------------------------
 There are 0 register/latch pins with constant_clock.


3. checking pulse_width_clock (0)
---------------------------------
 There are 0 register/latch pins which need pulse_width check


4. checking unconstrained_internal_endpoints (0)
------------------------------------------------
 There are 0 pins that are not constrained for maximum delay.

 There are 0 pins that are not constrained for maximum delay due to constant clock.


5. checking no_input_delay (0)
------------------------------
 There are 0 input ports with no input delay specified.

 There are 0 input ports with no input delay but user has a false path constraint.


6. checking no_output_delay (0)
-------------------------------
 There are 0 ports with no output delay specified.

 There are 0 ports with no output delay but user has a false path constraint

 There are 0 ports with no output delay but with a timing clock defined on it or propagating through it


7. checking multiple_clock (0)
------------------------------
 There are 0 register/latch pins with multiple clocks.


8. checking generated_clocks (0)
--------------------------------
 There are 0 generated clocks that are not connected to a clock source.


9. checking loops (0)
---------------------
 There are 0 combinational loops in the design.


10. checking partial_input_delay (0)
------------------------------------
 There are 0 input ports with partial input delay specified.


11. checking partial_output_delay (0)
-------------------------------------
 There are 0 ports with partial output delay specified.


12. checking latch_loops (0)
----------------------------
 There are 0 combinational latch loops in the design through latch input



------------------------------------------------------------------------------------------------
| Design Timing Summary
| ---------------------
------------------------------------------------------------------------------------------------

    WNS(ns)      TNS(ns)  TNS Failing Endpoints  TNS Total Endpoints      WHS(ns)      THS(ns)  THS Failing Endpoints  THS Total Endpoints     WPWS(ns)     TPWS(ns)  TPWS Failing Endpoints  TPWS Total Endpoints  
    -------      -------  ---------------------  -------------------      -------      -------  ---------------------  -------------------     --------     --------  ----------------------  --------------------  
      9.321        0.000                      0                 3483        0.064        0.000                      0                 1811        9.725        0.000                       0                  1064  


All user specified timing constraints are met.


------------------------------------------------------------------------------------------------
| Clock Summary
| -------------
------------------------------------------------------------------------------------------------

Clock  Waveform(ns)       Period(ns)      Frequency(MHz)
-----  ------------       ----------      --------------
clk    {0.000 10.000}     20.000          50.000          


------------------------------------------------------------------------------------------------
| Intra Clock Table
| -----------------
------------------------------------------------------------------------------------------------

Clock             WNS(ns)      TNS(ns)  TNS Failing Endpoints  TNS Total Endpoints      WHS(ns)      THS(ns)  THS Failing Endpoints  THS Total Endpoints     WPWS(ns)     TPWS(ns)  TPWS Failing Endpoints  TPWS Total Endpoints  
-----             -------      -------  ---------------------  -------------------      -------      -------  ---------------------  -------------------     --------     --------  ----------------------  --------------------  
clk                 9.321        0.000                      0                 3483        0.064        0.000                      0                 1811        9.725        0.000                       0                  1064  


------------------------------------------------------------------------------------------------
| Inter Clock Table
| -----------------
------------------------------------------------------------------------------------------------

From Clock    To Clock          WNS(ns)      TNS(ns)  TNS Failing Endpoints  TNS Total Endpoints      WHS(ns)      THS(ns)  THS Failing Endpoints  THS Total Endpoints  
----------    --------          -------      -------  ---------------------  -------------------      -------      -------  ---------------------  -------------------  


------------------------------------------------------------------------------------------------
| Other Path Groups Table
| -----------------------
------------------------------------------------------------------------------------------------

Path Group    From Clock    To Clock          WNS(ns)      TNS(ns)  TNS Failing Endpoints  TNS Total Endpoints      WHS(ns)      THS(ns)  THS Failing Endpoints  THS Total Endpoints  
----------    ----------    --------          -------      -------  ---------------------  -------------------      -------      -------  ---------------------  -------------------  


------------------------------------------------------------------------------------------------
| User Ignored Path Table
| -----------------------
------------------------------------------------------------------------------------------------

Path Group    From Clock    To Clock    
----------    ----------    --------    
(none)        clk           clk           


------------------------------------------------------------------------------------------------
| Unconstrained Path Table
| ------------------------
------------------------------------------------------------------------------------------------

Path Group    From Clock    To Clock    
----------    ----------    --------    


------------------------------------------------------------------------------------------------
| Timing Details
| --------------
------------------------------------------------------------------------------------------------


---------------------------------------------------------------------------------------------------
From Clock:  clk
  To Clock:  clk

Setup :            0  Failing Endpoints,  Worst Slack        9.321ns,  Total Violation        0.000ns
Hold  :            0  Failing Endpoints,  Worst Slack        0.064ns,  Total Violation        0.000ns
PW    :            0  Failing Endpoints,  Worst Slack        9.725ns,  Total Violation        0.000ns
---------------------------------------------------------------------------------------------------


Max Delay Paths
--------------------------------------------------------------------------------------
Slack (MET) :             9.321ns  (required time - arrival time)
  Source:                 exp_scaled_reg[23]/C
                            (rising edge-triggered cell FDRE clocked by clk  {rise@0.000ns fall@10.000ns period=20.000ns})
  Destination:            mul_operand_a[12]
                            (output port clocked by clk  {rise@0.000ns fall@10.000ns period=20.000ns})
  Path Group:             clk
  Path Type:              Max at Slow Process Corner
  Requirement:            20.000ns  (clk rise@20.000ns - clk rise@0.000ns)
  Data Path Delay:        6.644ns  (logic 2.192ns (32.992%)  route 4.452ns (67.008%))
  Logic Levels:           25  (CARRY8=6 LUT2=1 LUT3=2 LUT4=6 LUT5=5 LUT6=5)
  Output Delay:           4.000ns
  Clock Uncertainty:      0.035ns  ((TSJ^2 + TIJ^2)^1/2 + DJ) / 2 + PE
    Total System Jitter     (TSJ):    0.071ns
    Total Input Jitter      (TIJ):    0.000ns
    Discrete Jitter          (DJ):    0.000ns
    Phase Error              (PE):    0.000ns

    Location             Delay type                Incr(ns)  Path(ns)    Netlist Resource(s)
  -------------------------------------------------------------------    -------------------
                         (clock clk rise edge)        0.000     0.000 r  
                                                      0.000     0.000 r  clk (IN)
                         net (fo=1063, unset)         0.000     0.000    clk
                         FDRE                                         r  exp_scaled_reg[23]/C
  -------------------------------------------------------------------    -------------------
                         FDRE (Prop_FDRE_C_Q)         0.096     0.096 r  exp_scaled_reg[23]/Q
                         net (fo=46, unplaced)        0.176     0.272    u_exp_to_integer/value[23]
                         LUT4 (Prop_LUT4_I0_O)        0.115     0.387 f  u_exp_to_integer/result[31]_INST_0_i_25/O
                         net (fo=57, unplaced)        0.287     0.674    u_exp_to_integer/result[31]_INST_0_i_25_n_0
                         LUT5 (Prop_LUT5_I3_O)        0.039     0.713 r  u_exp_to_integer/result[23]_INST_0_i_46/O
                         net (fo=1, unplaced)         0.018     0.731    u_exp_to_integer/result[23]_INST_0_i_46_n_0
                         CARRY8 (Prop_CARRY8_S[0]_CO[7])
                                                      0.245     0.976 r  u_exp_to_integer/result[23]_INST_0_i_13/CO[7]
                         net (fo=1, unplaced)         0.007     0.983    u_exp_to_integer/result[23]_INST_0_i_13_n_0
                         CARRY8 (Prop_CARRY8_CI_CO[7])
                                                      0.030     1.013 r  u_exp_to_integer/result[23]_INST_0_i_9/CO[7]
                         net (fo=1, unplaced)         0.007     1.020    u_exp_to_integer/result[23]_INST_0_i_9_n_0
                         CARRY8 (Prop_CARRY8_CI_O[2])
                                                      0.086     1.106 r  u_exp_to_integer/result[23]_INST_0_i_8/O[2]
                         net (fo=1, unplaced)         0.214     1.320    u_exp_to_integer/result[23]_INST_0_i_8_n_13
                         LUT4 (Prop_LUT4_I0_O)        0.100     1.420 r  u_exp_to_integer/result[23]_INST_0_i_10/O
                         net (fo=1, unplaced)         0.156     1.576    u_exp_to_integer/result[23]_INST_0_i_10_n_0
                         LUT5 (Prop_LUT5_I3_O)        0.064     1.640 r  u_exp_to_integer/result[23]_INST_0_i_4/O
                         net (fo=13, unplaced)        0.253     1.893    u_exp_to_integer/result[23]_INST_0_i_4_n_0
                         LUT6 (Prop_LUT6_I1_O)        0.039     1.932 f  u_exp_to_integer/result[23]_INST_0_i_1/O
                         net (fo=19, unplaced)        0.262     2.194    u_exp_to_integer/result[23]_INST_0_i_1_n_0
                         LUT6 (Prop_LUT6_I4_O)        0.039     2.233 f  u_exp_to_integer/result[15]_INST_0/O
                         net (fo=3, unplaced)         0.220     2.453    exp_scale_integer_comb[15]
                         LUT4 (Prop_LUT4_I1_O)        0.039     2.492 f  u_exp_from_integer_i_17/O
                         net (fo=14, unplaced)        0.255     2.747    u_exp_from_integer/value[15]
                         LUT2 (Prop_LUT2_I1_O)        0.085     2.832 f  u_exp_from_integer/result[30]_INST_0_i_32/O
                         net (fo=1, unplaced)         0.214     3.046    u_exp_from_integer/result[30]_INST_0_i_32_n_0
                         LUT6 (Prop_LUT6_I4_O)        0.039     3.085 f  u_exp_from_integer/result[30]_INST_0_i_13/O
                         net (fo=1, unplaced)         0.159     3.244    u_exp_from_integer/result[30]_INST_0_i_13_n_0
                         LUT6 (Prop_LUT6_I1_O)        0.100     3.344 r  u_exp_from_integer/result[30]_INST_0_i_2/O
                         net (fo=87, unplaced)        0.243     3.587    u_exp_from_integer/result[30]_INST_0_i_2_n_0
                         LUT4 (Prop_LUT4_I0_O)        0.115     3.702 r  u_exp_from_integer/result[30]_INST_0_i_90/O
                         net (fo=47, unplaced)        0.224     3.926    u_exp_from_integer/result[30]_INST_0_i_90_n_0
                         LUT3 (Prop_LUT3_I0_O)        0.121     4.047 r  u_exp_from_integer/result[30]_INST_0_i_109/O
                         net (fo=1, unplaced)         0.232     4.279    u_exp_from_integer/result[30]_INST_0_i_109_n_0
                         CARRY8 (Prop_CARRY8_DI[2]_O[4])
                                                      0.182     4.461 r  u_exp_from_integer/result[30]_INST_0_i_93/O[4]
                         net (fo=3, unplaced)         0.159     4.620    u_exp_from_integer/result[30]_INST_0_i_93_n_11
                         LUT6 (Prop_LUT6_I0_O)        0.064     4.684 r  u_exp_from_integer/result[30]_INST_0_i_94/O
                         net (fo=1, unplaced)         0.214     4.898    u_exp_from_integer/result[30]_INST_0_i_94_n_0
                         LUT4 (Prop_LUT4_I0_O)        0.040     4.938 r  u_exp_from_integer/result[30]_INST_0_i_71/O
                         net (fo=1, unplaced)         0.017     4.955    u_exp_from_integer/result[30]_INST_0_i_71_n_0
                         CARRY8 (Prop_CARRY8_S[1]_CO[7])
                                                      0.240     5.195 f  u_exp_from_integer/result[30]_INST_0_i_41/CO[7]
                         net (fo=1, unplaced)         0.007     5.202    u_exp_from_integer/result[30]_INST_0_i_41_n_0
                         CARRY8 (Prop_CARRY8_CI_CO[2])
                                                      0.073     5.275 f  u_exp_from_integer/result[30]_INST_0_i_24/CO[2]
                         net (fo=3, unplaced)         0.220     5.495    u_exp_from_integer/result[30]_INST_0_i_24_n_5
                         LUT5 (Prop_LUT5_I4_O)        0.039     5.534 r  u_exp_from_integer/result[22]_INST_0_i_3/O
                         net (fo=23, unplaced)        0.266     5.800    u_exp_from_integer/result[22]_INST_0_i_3_n_0
                         LUT5 (Prop_LUT5_I2_O)        0.039     5.839 r  u_exp_from_integer/result[13]_INST_0_i_1/O
                         net (fo=2, unplaced)         0.214     6.053    u_exp_from_integer/result[13]_INST_0_i_1_n_0
                         LUT3 (Prop_LUT3_I2_O)        0.085     6.138 r  u_exp_from_integer/result[12]_INST_0/O
                         net (fo=1, unplaced)         0.214     6.352    integer_as_fp32[12]
                         LUT5 (Prop_LUT5_I2_O)        0.039     6.391 r  mul_operand_a[12]_INST_0_i_2/O
                         net (fo=1, unplaced)         0.214     6.605    mul_operand_a[12]_INST_0_i_2_n_0
                         LUT4 (Prop_LUT4_I3_O)        0.039     6.644 r  mul_operand_a[12]_INST_0/O
                         net (fo=0)                   0.000     6.644    mul_operand_a[12]
                                                                      r  mul_operand_a[12] (OUT)
  -------------------------------------------------------------------    -------------------

                         (clock clk rise edge)       20.000    20.000 r  
                         clock pessimism              0.000    20.000    
                         clock uncertainty           -0.035    19.965    
                         output delay                -4.000    15.965    
  -------------------------------------------------------------------
                         required time                         15.965    
                         arrival time                          -6.644    
  -------------------------------------------------------------------
                         slack                                  9.321    





Min Delay Paths
--------------------------------------------------------------------------------------
Slack (MET) :             0.064ns  (arrival time - required time)
  Source:                 exp_scale_integer_after_negative_reg[17]/C
                            (rising edge-triggered cell FDRE clocked by clk  {rise@0.000ns fall@10.000ns period=20.000ns})
  Destination:            exp_scale_integer_final_reg[17]/D
                            (rising edge-triggered cell FDRE clocked by clk  {rise@0.000ns fall@10.000ns period=20.000ns})
  Path Group:             clk
  Path Type:              Hold (Min at Fast Process Corner)
  Requirement:            0.000ns  (clk rise@0.000ns - clk rise@0.000ns)
  Data Path Delay:        0.110ns  (logic 0.056ns (50.909%)  route 0.054ns (49.091%))
  Logic Levels:           1  (CARRY8=1)

    Location             Delay type                Incr(ns)  Path(ns)    Netlist Resource(s)
  -------------------------------------------------------------------    -------------------
                         (clock clk rise edge)        0.000     0.000 r  
                                                      0.000     0.000 r  clk (IN)
                         net (fo=1063, unset)         0.000     0.000    clk
                         FDRE                                         r  exp_scale_integer_after_negative_reg[17]/C
  -------------------------------------------------------------------    -------------------
                         FDRE (Prop_FDRE_C_Q)         0.039     0.039 r  exp_scale_integer_after_negative_reg[17]/Q
                         net (fo=1, unplaced)         0.047     0.086    exp_scale_integer_after_negative__0[17]
                         CARRY8 (Prop_CARRY8_S[1]_O[1])
                                                      0.017     0.103 r  exp_scale_integer_final_reg[23]_i_1/O[1]
                         net (fo=1, unplaced)         0.007     0.110    exp_scale_integer_final_reg[23]_i_1_n_14
                         FDRE                                         r  exp_scale_integer_final_reg[17]/D
  -------------------------------------------------------------------    -------------------

                         (clock clk rise edge)        0.000     0.000 r  
                                                      0.000     0.000 r  clk (IN)
                         net (fo=1063, unset)         0.000     0.000    clk
                         FDRE                                         r  exp_scale_integer_final_reg[17]/C
                         clock pessimism              0.000     0.000    
                         FDRE (Hold_FDRE_C_D)         0.046     0.046    exp_scale_integer_final_reg[17]
  -------------------------------------------------------------------
                         required time                         -0.046    
                         arrival time                           0.110    
  -------------------------------------------------------------------
                         slack                                  0.064    





Pulse Width Checks
--------------------------------------------------------------------------------------
Clock Name:         clk
Waveform(ns):       { 0.000 10.000 }
Period(ns):         20.000
Sources:            { clk }

Check Type        Corner  Lib Pin  Reference Pin  Required(ns)  Actual(ns)  Slack(ns)  Location  Pin
Min Period        n/a     FDRE/C   n/a            0.550         20.000      19.450               FSM_onehot_state_reg[0]/C
Low Pulse Width   Slow    FDRE/C   n/a            0.275         10.000      9.725                FSM_onehot_state_reg[0]/C
High Pulse Width  Slow    FDRE/C   n/a            0.275         10.000      9.725                FSM_onehot_state_reg[0]/C



--------------------------------------------------------------------------------------
Path Group:  (none)
From Clock:  clk
  To Clock:  clk

Max Delay             0 Endpoints
Min Delay          2283 Endpoints
--------------------------------------------------------------------------------------


Min Delay Paths
--------------------------------------------------------------------------------------
Slack:                    inf
  Source:                 cfg_row_count[0]
                            (input port clocked by clk  {rise@0.000ns fall@10.000ns period=20.000ns})
  Destination:            active_row_count_reg[0]/D
                            (rising edge-triggered cell FDRE clocked by clk  {rise@0.000ns fall@10.000ns period=20.000ns})
  Path Group:             (none)
  Path Type:              Hold (Min at Fast Process Corner)
  Data Path Delay:        0.008ns  (logic 0.000ns (0.000%)  route 0.008ns (99.999%))
  Logic Levels:           0  
  Input Delay:            1.000ns
  Clock Uncertainty:      0.035ns  ((TSJ^2 + TIJ^2)^1/2 + DJ) / 2 + PE
    Total System Jitter     (TSJ):    0.071ns
    Total Input Jitter      (TIJ):    0.000ns
    Discrete Jitter          (DJ):    0.000ns
    Phase Error              (PE):    0.000ns
  Timing Exception:       False Path

    Location             Delay type                Incr(ns)  Path(ns)    Netlist Resource(s)
  -------------------------------------------------------------------    -------------------
                         (clock clk rise edge)        0.000     0.000 r  
                         input delay                  1.000     1.000    
                                                      0.000     1.000 r  cfg_row_count[0] (IN)
                         net (fo=1, unset)            0.008     1.008    cfg_row_count[0]
                         FDRE                                         r  active_row_count_reg[0]/D
  -------------------------------------------------------------------    -------------------

                         (clock clk rise edge)        0.000     0.000 r  
                                                      0.000     0.000 r  clk (IN)
                         net (fo=1063, unset)         0.000     0.000    clk
                         FDRE                                         r  active_row_count_reg[0]/C





