AUDIT_UTC=2026-08-09T04:34:12Z
VIT_googlebase_rtl/artifacts/board_post_route.dcp: OK
VIT_googlebase_rtl/artifacts/board_post_synth.dcp: OK
VIT_googlebase_rtl/artifacts/project_exports/recreate_project.tcl: OK
VIT_googlebase_rtl/artifacts/project_exports/vit_system_bd.tcl: OK
VIT_googlebase_rtl/artifacts/rtl_ooc_post_synth.dcp: OK
VIT_googlebase_rtl/artifacts/vit_system_wrapper.bit: OK
VIT_googlebase_rtl/artifacts/vit_system_wrapper.xsa: OK
VIT_googlebase_rtl/reports/board_post_route_blackboxes.rpt: OK
VIT_googlebase_rtl/reports/board_post_route_check_timing.rpt: OK
VIT_googlebase_rtl/reports/board_post_route_clock_utilization.rpt: OK
VIT_googlebase_rtl/reports/board_post_route_combinational_loops.rpt: OK
VIT_googlebase_rtl/reports/board_post_route_constraint_coverage_gate.rpt: OK
VIT_googlebase_rtl/reports/board_post_route_drc.rpt: OK
VIT_googlebase_rtl/reports/board_post_route_drc_gate.rpt: OK
VIT_googlebase_rtl/reports/board_post_route_dsp.rpt: OK
VIT_googlebase_rtl/reports/board_post_route_hierarchical.rpt: OK
VIT_googlebase_rtl/reports/board_post_route_latches.rpt: OK
VIT_googlebase_rtl/reports/board_post_route_m8_ram_mapping.rpt: OK
VIT_googlebase_rtl/reports/board_post_route_methodology.rpt: OK
VIT_googlebase_rtl/reports/board_post_route_methodology_gate.rpt: OK
VIT_googlebase_rtl/reports/board_post_route_ram_utilization.rpt: OK
VIT_googlebase_rtl/reports/board_post_route_reachability.rpt: OK
VIT_googlebase_rtl/reports/board_post_route_route_gate.rpt: OK
VIT_googlebase_rtl/reports/board_post_route_status.rpt: OK
VIT_googlebase_rtl/reports/board_post_route_timing.rpt: OK
VIT_googlebase_rtl/reports/board_post_route_timing_gate.rpt: OK
VIT_googlebase_rtl/reports/board_post_route_utilization.rpt: OK
VIT_googlebase_rtl/reports/board_post_route_xsa_contents.rpt: OK
VIT_googlebase_rtl/reports/board_post_synth_blackboxes.rpt: OK
VIT_googlebase_rtl/reports/board_post_synth_combinational_loops.rpt: OK
VIT_googlebase_rtl/reports/board_post_synth_dsp.rpt: OK
VIT_googlebase_rtl/reports/board_post_synth_hierarchical.rpt: OK
VIT_googlebase_rtl/reports/board_post_synth_ip_status.rpt: OK
VIT_googlebase_rtl/reports/board_post_synth_latches.rpt: OK
VIT_googlebase_rtl/reports/board_post_synth_lut_fit_gate.rpt: OK
VIT_googlebase_rtl/reports/board_post_synth_m8_ram_mapping.rpt: OK
VIT_googlebase_rtl/reports/board_post_synth_ram_utilization.rpt: OK
VIT_googlebase_rtl/reports/board_post_synth_reachability.rpt: OK
VIT_googlebase_rtl/reports/board_post_synth_timing.rpt: OK
VIT_googlebase_rtl/reports/board_post_synth_utilization.rpt: OK
VIT_googlebase_rtl/reports/rtl_ooc_post_synth_blackboxes.rpt: OK
VIT_googlebase_rtl/reports/rtl_ooc_post_synth_combinational_loops.rpt: OK
VIT_googlebase_rtl/reports/rtl_ooc_post_synth_dsp.rpt: OK
VIT_googlebase_rtl/reports/rtl_ooc_post_synth_latches.rpt: OK
VIT_googlebase_rtl/reports/rtl_ooc_post_synth_lut_fit_gate.rpt: OK
VIT_googlebase_rtl/reports/rtl_ooc_post_synth_m8_ram_mapping.rpt: OK
VIT_googlebase_rtl/reports/rtl_ooc_post_synth_reachability.rpt: OK
VIT_googlebase_rtl/reports/rtl_standalone_post_synth_combinational_loops.rpt: OK
VIT_googlebase_rtl/reports/rtl_standalone_post_synth_dsp.rpt: OK
VIT_googlebase_rtl/reports/rtl_standalone_post_synth_hierarchical.rpt: OK
VIT_googlebase_rtl/reports/rtl_standalone_post_synth_timing.rpt: OK
VIT_googlebase_rtl/reports/rtl_standalone_post_synth_utilization.rpt: OK
VIT_googlebase_rtl/reports/vit_system_axi_contract.rpt: OK
VIT_googlebase_rtl/reports/vit_system_geometry.rpt: OK
server_logs/00_preflight.console.log: OK
server_logs/00_preflight.vivado.jou: OK
server_logs/00_preflight.vivado.log: OK
server_logs/10_tb_vit_phase_e_axi_e05_compact_rtl_mode0.log: OK
server_logs/10_tb_vit_phase_e_axi_e05_compact_rtl_mode1.log: OK
server_logs/10_tb_vit_phase_e_axi_e05_compact_rtl_mode3.log: OK
server_logs/10_tb_vit_phase_e_axi_mem_adapter.log: OK
server_logs/10_tb_vit_phase_e_axi_wrapper.log: OK
server_logs/10_tb_vit_phase_e_engine_axi.log: OK
server_logs/10_tb_vit_phase_e_engine_memory.log: OK
server_logs/10_tb_vit_phase_e_m7_overlap_counters.log: OK
server_logs/10_tb_vit_phase_e_perf_counters.log: OK
server_logs/10_tb_vit_phase_e_profile_counters.log: OK
server_logs/10_xvlog.log: OK
server_logs/20_ooc_synth.console.log: OK
server_logs/20_ooc_synth.vivado.jou: OK
server_logs/20_ooc_synth.vivado.log: OK
server_logs/30_create_bd.console.log: OK
server_logs/30_create_bd.vivado.jou: OK
server_logs/30_create_bd.vivado.log: OK
server_logs/40_accelerator_child_synth.runme.log: OK
server_logs/40_board_synth.console.log: OK
server_logs/40_board_synth.vivado.jou: OK
server_logs/40_board_synth.vivado.log: OK
server_logs/50_board_impl.console.log: OK
server_logs/50_board_impl.vivado.jou: OK
server_logs/50_board_impl.vivado.log: OK
server_logs/90_terminal_m8_verifier.log: OK
server_logs/91_collector_m8_verifier.log: OK
VIT_googlebase_rtl/artifacts/RUN_STATUS.txt: OK
LOCAL_OUTPUT_MANIFEST_REPLAY_PASS entries=84
