Copyright 1986-2022 Xilinx, Inc. All Rights Reserved. Copyright 2022-2023 Advanced Micro Devices, Inc. All Rights Reserved.
--------------------------------------------------------------------------------------------------------------------------------------------------------------------------------------------------------------------------------------------------------------------------------------
| Tool Version      : Vivado v.2023.2 (lin64) Build 4029153 Fri Oct 13 20:13:54 MDT 2023
| Date              : Sat Aug  8 16:25:52 2026
| Host              : ubuntu running 64-bit Ubuntu 24.04.4 LTS
| Command           : report_timing_summary -delay_type min_max -report_unconstrained -check_timing_verbose -file /home/s23520579/Vivado_project/vit_m8_softmax_leaf_9ddbb13b65f5/evidence/20260808T161943Z-m8-softmax-ooc-ab-holdfix/candidate/reports/post_route_timing_summary.rpt
| Design            : vit_softmax_engine_fp32
| Device            : xczu5ev-sfvc784
| Speed File        : -1  PRODUCTION 1.30 05-15-2022
| Design State      : Routed
| Temperature Grade : E
--------------------------------------------------------------------------------------------------------------------------------------------------------------------------------------------------------------------------------------------------------------------------------------

Timing Summary Report

------------------------------------------------------------------------------------------------
| Timer Settings
| --------------
------------------------------------------------------------------------------------------------

  Enable Multi Corner Analysis               :  Yes
  Enable Pessimism Removal                   :  Yes
  Pessimism Removal Resolution               :  Nearest Common Node
  Enable Input Delay Default Clock           :  No
  Enable Preset / Clear Arcs                 :  No
  Disable Flight Delays                      :  No
  Ignore I/O Paths                           :  No
  Timing Early Launch at Borrowing Latches   :  No
  Borrow Time for Max Delay Exceptions       :  Yes
  Merge Timing Exceptions                    :  Yes
  Inter-SLR Compensation                     :  Conservative

  Corner  Analyze    Analyze    
  Name    Max Paths  Min Paths  
  ------  ---------  ---------  
  Slow    Yes        Yes        
  Fast    Yes        Yes        


------------------------------------------------------------------------------------------------
| Report Methodology
| ------------------
------------------------------------------------------------------------------------------------

No report available as report_methodology has not been run prior. Run report_methodology on the current design for the summary of methodology violations.



check_timing report

Table of Contents
-----------------
1. checking no_clock (0)
2. checking constant_clock (0)
3. checking pulse_width_clock (0)
4. checking unconstrained_internal_endpoints (0)
5. checking no_input_delay (0)
6. checking no_output_delay (0)
7. checking multiple_clock (0)
8. checking generated_clocks (0)
9. checking loops (0)
10. checking partial_input_delay (0)
11. checking partial_output_delay (0)
12. checking latch_loops (0)

1. checking no_clock (0)
------------------------
 There are 0 register/latch pins with no clock.


2. checking constant_clock (0)
------------------------------
 There are 0 register/latch pins with constant_clock.


3. checking pulse_width_clock (0)
---------------------------------
 There are 0 register/latch pins which need pulse_width check


4. checking unconstrained_internal_endpoints (0)
------------------------------------------------
 There are 0 pins that are not constrained for maximum delay.

 There are 0 pins that are not constrained for maximum delay due to constant clock.


5. checking no_input_delay (0)
------------------------------
 There are 0 input ports with no input delay specified.

 There are 0 input ports with no input delay but user has a false path constraint.


6. checking no_output_delay (0)
-------------------------------
 There are 0 ports with no output delay specified.

 There are 0 ports with no output delay but user has a false path constraint

 There are 0 ports with no output delay but with a timing clock defined on it or propagating through it


7. checking multiple_clock (0)
------------------------------
 There are 0 register/latch pins with multiple clocks.


8. checking generated_clocks (0)
--------------------------------
 There are 0 generated clocks that are not connected to a clock source.


9. checking loops (0)
---------------------
 There are 0 combinational loops in the design.


10. checking partial_input_delay (0)
------------------------------------
 There are 0 input ports with partial input delay specified.


11. checking partial_output_delay (0)
-------------------------------------
 There are 0 ports with partial output delay specified.


12. checking latch_loops (0)
----------------------------
 There are 0 combinational latch loops in the design through latch input



------------------------------------------------------------------------------------------------
| Design Timing Summary
| ---------------------
------------------------------------------------------------------------------------------------

    WNS(ns)      TNS(ns)  TNS Failing Endpoints  TNS Total Endpoints      WHS(ns)      THS(ns)  THS Failing Endpoints  THS Total Endpoints     WPWS(ns)     TPWS(ns)  TPWS Failing Endpoints  TPWS Total Endpoints  
    -------      -------  ---------------------  -------------------      -------      -------  ---------------------  -------------------     --------     --------  ----------------------  --------------------  
      4.472        0.000                      0                 3526        0.033        0.000                      0                 1858        9.457        0.000                       0                  1062  


All user specified timing constraints are met.


------------------------------------------------------------------------------------------------
| Clock Summary
| -------------
------------------------------------------------------------------------------------------------

Clock  Waveform(ns)       Period(ns)      Frequency(MHz)
-----  ------------       ----------      --------------
clk    {0.000 10.000}     20.000          50.000          


------------------------------------------------------------------------------------------------
| Intra Clock Table
| -----------------
------------------------------------------------------------------------------------------------

Clock             WNS(ns)      TNS(ns)  TNS Failing Endpoints  TNS Total Endpoints      WHS(ns)      THS(ns)  THS Failing Endpoints  THS Total Endpoints     WPWS(ns)     TPWS(ns)  TPWS Failing Endpoints  TPWS Total Endpoints  
-----             -------      -------  ---------------------  -------------------      -------      -------  ---------------------  -------------------     --------     --------  ----------------------  --------------------  
clk                 4.472        0.000                      0                 3526        0.033        0.000                      0                 1858        9.457        0.000                       0                  1062  


------------------------------------------------------------------------------------------------
| Inter Clock Table
| -----------------
------------------------------------------------------------------------------------------------

From Clock    To Clock          WNS(ns)      TNS(ns)  TNS Failing Endpoints  TNS Total Endpoints      WHS(ns)      THS(ns)  THS Failing Endpoints  THS Total Endpoints  
----------    --------          -------      -------  ---------------------  -------------------      -------      -------  ---------------------  -------------------  


------------------------------------------------------------------------------------------------
| Other Path Groups Table
| -----------------------
------------------------------------------------------------------------------------------------

Path Group    From Clock    To Clock          WNS(ns)      TNS(ns)  TNS Failing Endpoints  TNS Total Endpoints      WHS(ns)      THS(ns)  THS Failing Endpoints  THS Total Endpoints  
----------    ----------    --------          -------      -------  ---------------------  -------------------      -------      -------  ---------------------  -------------------  


------------------------------------------------------------------------------------------------
| User Ignored Path Table
| -----------------------
------------------------------------------------------------------------------------------------

Path Group    From Clock    To Clock    
----------    ----------    --------    
(none)        clk           clk           


------------------------------------------------------------------------------------------------
| Unconstrained Path Table
| ------------------------
------------------------------------------------------------------------------------------------

Path Group    From Clock    To Clock    
----------    ----------    --------    


------------------------------------------------------------------------------------------------
| Timing Details
| --------------
------------------------------------------------------------------------------------------------


---------------------------------------------------------------------------------------------------
From Clock:  clk
  To Clock:  clk

Setup :            0  Failing Endpoints,  Worst Slack        4.472ns,  Total Violation        0.000ns
Hold  :            0  Failing Endpoints,  Worst Slack        0.033ns,  Total Violation        0.000ns
PW    :            0  Failing Endpoints,  Worst Slack        9.457ns,  Total Violation        0.000ns
---------------------------------------------------------------------------------------------------


Max Delay Paths
--------------------------------------------------------------------------------------
Slack (MET) :             4.472ns  (required time - arrival time)
  Source:                 exp_scaled_reg[25]/C
                            (rising edge-triggered cell FDRE clocked by clk  {rise@0.000ns fall@10.000ns period=20.000ns})
  Destination:            mul_operand_a[6]
                            (output port clocked by clk  {rise@0.000ns fall@10.000ns period=20.000ns})
  Path Group:             clk
  Path Type:              Max at Slow Process Corner
  Requirement:            20.000ns  (clk rise@20.000ns - clk rise@0.000ns)
  Data Path Delay:        9.421ns  (logic 3.253ns (34.528%)  route 6.168ns (65.472%))
  Logic Levels:           25  (CARRY8=7 LUT2=1 LUT3=4 LUT4=4 LUT5=4 LUT6=5)
  Output Delay:           4.000ns
  Clock Path Skew:        -2.071ns (DCD - SCD + CPR)
    Destination Clock Delay (DCD):    0.000ns = ( 20.000 - 20.000 ) 
    Source Clock Delay      (SCD):    2.071ns
    Clock Pessimism Removal (CPR):    0.000ns
  Clock Uncertainty:      0.035ns  ((TSJ^2 + TIJ^2)^1/2 + DJ) / 2 + PE
    Total System Jitter     (TSJ):    0.071ns
    Total Input Jitter      (TIJ):    0.000ns
    Discrete Jitter          (DJ):    0.000ns
    Phase Error              (PE):    0.000ns

    Location             Delay type                Incr(ns)  Path(ns)    Netlist Resource(s)
  -------------------------------------------------------------------    -------------------
                         (clock clk rise edge)        0.000     0.000 r  
                                                      0.000     0.000 r  clk (IN)
                         net (fo=1061, unset)         2.071     2.071    clk
    SLICE_X23Y203        FDRE                                         r  exp_scaled_reg[25]/C
  -------------------------------------------------------------------    -------------------
    SLICE_X23Y203        FDRE (Prop_EFF_SLICEL_C_Q)
                                                      0.096     2.167 f  exp_scaled_reg[25]/Q
                         net (fo=59, routed)          0.483     2.650    u_exp_to_integer/value[25]
    SLICE_X25Y210        LUT4 (Prop_C6LUT_SLICEM_I1_O)
                                                      0.098     2.748 r  u_exp_to_integer/result[31]_INST_0_i_25/O
                         net (fo=57, routed)          0.370     3.118    u_exp_to_integer/result[31]_INST_0_i_25_n_0
    SLICE_X23Y208        LUT4 (Prop_E6LUT_SLICEL_I1_O)
                                                      0.116     3.234 r  u_exp_to_integer/result[23]_INST_0_i_20/O
                         net (fo=1, routed)           0.008     3.242    u_exp_to_integer/result[23]_INST_0_i_20_n_0
    SLICE_X23Y208        CARRY8 (Prop_CARRY8_SLICEL_S[4]_CO[7])
                                                      0.195     3.437 r  u_exp_to_integer/result[23]_INST_0_i_7/CO[7]
                         net (fo=1, routed)           0.028     3.465    u_exp_to_integer/result[23]_INST_0_i_7_n_0
    SLICE_X23Y209        CARRY8 (Prop_CARRY8_SLICEL_CI_CO[7])
                                                      0.023     3.488 r  u_exp_to_integer/result[23]_INST_0_i_13/CO[7]
                         net (fo=1, routed)           0.060     3.548    u_exp_to_integer/result[23]_INST_0_i_13_n_0
    SLICE_X23Y210        CARRY8 (Prop_CARRY8_SLICEL_CI_CO[7])
                                                      0.023     3.571 r  u_exp_to_integer/result[23]_INST_0_i_9/CO[7]
                         net (fo=1, routed)           0.028     3.599    u_exp_to_integer/result[23]_INST_0_i_9_n_0
    SLICE_X23Y211        CARRY8 (Prop_CARRY8_SLICEL_CI_O[5])
                                                      0.145     3.744 f  u_exp_to_integer/result[23]_INST_0_i_8/O[5]
                         net (fo=1, routed)           0.255     3.999    u_exp_to_integer/result[23]_INST_0_i_8_n_10
    SLICE_X23Y207        LUT4 (Prop_G6LUT_SLICEL_I2_O)
                                                      0.178     4.177 f  u_exp_to_integer/result[23]_INST_0_i_10/O
                         net (fo=1, routed)           0.212     4.389    u_exp_to_integer/result[23]_INST_0_i_10_n_0
    SLICE_X23Y212        LUT5 (Prop_H6LUT_SLICEL_I3_O)
                                                      0.116     4.505 f  u_exp_to_integer/result[23]_INST_0_i_4/O
                         net (fo=13, routed)          0.303     4.808    u_exp_to_integer/result[23]_INST_0_i_4_n_0
    SLICE_X24Y206        LUT6 (Prop_E6LUT_SLICEM_I1_O)
                                                      0.101     4.909 r  u_exp_to_integer/result[23]_INST_0_i_1/O
                         net (fo=19, routed)          0.214     5.123    u_exp_to_integer/result[23]_INST_0_i_1_n_0
    SLICE_X25Y206        LUT6 (Prop_G6LUT_SLICEM_I2_O)
                                                      0.179     5.302 r  u_exp_to_integer/result[11]_INST_0/O
                         net (fo=3, routed)           0.277     5.580    exp_scale_integer_comb[11]
    SLICE_X26Y198        LUT6 (Prop_C6LUT_SLICEL_I0_O)
                                                      0.148     5.728 r  u_exp_from_integer_i_21/O
                         net (fo=12, routed)          0.608     6.336    u_exp_from_integer/value[11]
    SLICE_X33Y202        LUT4 (Prop_E6LUT_SLICEL_I0_O)
                                                      0.116     6.452 f  u_exp_from_integer/result[30]_INST_0_i_30/O
                         net (fo=2, routed)           0.111     6.563    u_exp_from_integer/result[30]_INST_0_i_30_n_0
    SLICE_X33Y202        LUT5 (Prop_G6LUT_SLICEL_I4_O)
                                                      0.114     6.677 f  u_exp_from_integer/result[30]_INST_0_i_29/O
                         net (fo=9, routed)           0.289     6.966    u_exp_from_integer/result[30]_INST_0_i_29_n_0
    SLICE_X29Y203        LUT3 (Prop_G6LUT_SLICEM_I1_O)
                                                      0.039     7.005 r  u_exp_from_integer/result[30]_INST_0_i_5/O
                         net (fo=20, routed)          0.292     7.297    u_exp_from_integer/result[30]_INST_0_i_5_n_0
    SLICE_X33Y199        LUT3 (Prop_C6LUT_SLICEL_I2_O)
                                                      0.148     7.445 f  u_exp_from_integer/result[22]_INST_0_i_45/O
                         net (fo=16, routed)          0.383     7.828    u_exp_from_integer/result[22]_INST_0_i_45_n_0
    SLICE_X31Y203        LUT2 (Prop_E6LUT_SLICEM_I1_O)
                                                      0.148     7.976 r  u_exp_from_integer/result[30]_INST_0_i_106/O
                         net (fo=1, routed)           0.259     8.235    u_exp_from_integer/rounded_mantissa5[0]
    SLICE_X30Y204        CARRY8 (Prop_CARRY8_SLICEL_CI_O[6])
                                                      0.267     8.502 r  u_exp_from_integer/result[30]_INST_0_i_93/O[6]
                         net (fo=3, routed)           0.324     8.826    u_exp_from_integer/result[30]_INST_0_i_93_n_9
    SLICE_X31Y202        LUT6 (Prop_F6LUT_SLICEM_I0_O)
                                                      0.113     8.939 r  u_exp_from_integer/result[30]_INST_0_i_92/O
                         net (fo=1, routed)           0.220     9.159    u_exp_from_integer/result[30]_INST_0_i_92_n_0
    SLICE_X29Y202        LUT3 (Prop_C6LUT_SLICEM_I0_O)
                                                      0.113     9.272 r  u_exp_from_integer/result[30]_INST_0_i_70/O
                         net (fo=1, routed)           0.023     9.295    u_exp_from_integer/result[30]_INST_0_i_70_n_0
    SLICE_X29Y202        CARRY8 (Prop_CARRY8_SLICEM_S[2]_CO[7])
                                                      0.203     9.498 f  u_exp_from_integer/result[30]_INST_0_i_41/CO[7]
                         net (fo=1, routed)           0.028     9.526    u_exp_from_integer/result[30]_INST_0_i_41_n_0
    SLICE_X29Y203        CARRY8 (Prop_CARRY8_SLICEM_CI_CO[2])
                                                      0.073     9.599 f  u_exp_from_integer/result[30]_INST_0_i_24/CO[2]
                         net (fo=3, routed)           0.324     9.923    u_exp_from_integer/result[30]_INST_0_i_24_n_5
    SLICE_X33Y202        LUT5 (Prop_B6LUT_SLICEL_I4_O)
                                                      0.177    10.100 r  u_exp_from_integer/result[22]_INST_0_i_3/O
                         net (fo=23, routed)          0.409    10.509    u_exp_from_integer/result[22]_INST_0_i_3_n_0
    SLICE_X31Y199        LUT5 (Prop_F6LUT_SLICEM_I2_O)
                                                      0.062    10.571 r  u_exp_from_integer/result[6]_INST_0_i_1/O
                         net (fo=2, routed)           0.178    10.749    u_exp_from_integer/result[6]_INST_0_i_1_n_0
    SLICE_X30Y198        LUT3 (Prop_A5LUT_SLICEL_I0_O)
                                                      0.199    10.948 r  u_exp_from_integer/result[6]_INST_0/O
                         net (fo=1, routed)           0.481    11.429    integer_as_fp32[6]
    SLICE_X27Y188        LUT6 (Prop_D6LUT_SLICEL_I4_O)
                                                      0.063    11.492 r  mul_operand_a[6]_INST_0/O
                         net (fo=0)                   0.000    11.492    mul_operand_a[6]
                                                                      r  mul_operand_a[6] (OUT)
  -------------------------------------------------------------------    -------------------

                         (clock clk rise edge)       20.000    20.000 r  
                         clock pessimism              0.000    20.000    
                         clock uncertainty           -0.035    19.965    
                         output delay                -4.000    15.965    
  -------------------------------------------------------------------
                         required time                         15.965    
                         arrival time                         -11.492    
  -------------------------------------------------------------------
                         slack                                  4.472    





Min Delay Paths
--------------------------------------------------------------------------------------
Slack (MET) :             0.033ns  (arrival time - required time)
  Source:                 exponential_sum_reg[6]/C
                            (rising edge-triggered cell FDRE clocked by clk  {rise@0.000ns fall@10.000ns period=20.000ns})
  Destination:            reciprocal_operand_reg[6]/D
                            (rising edge-triggered cell FDRE clocked by clk  {rise@0.000ns fall@10.000ns period=20.000ns})
  Path Group:             clk
  Path Type:              Hold (Min at Slow Process Corner)
  Requirement:            0.000ns  (clk rise@0.000ns - clk rise@0.000ns)
  Data Path Delay:        0.155ns  (logic 0.071ns (45.770%)  route 0.084ns (54.230%))
  Logic Levels:           0  
  Clock Path Skew:        0.067ns (DCD - SCD - CPR)
    Destination Clock Delay (DCD):    2.071ns
    Source Clock Delay      (SCD):    1.801ns
    Clock Pessimism Removal (CPR):    0.203ns

    Location             Delay type                Incr(ns)  Path(ns)    Netlist Resource(s)
  -------------------------------------------------------------------    -------------------
                         (clock clk rise edge)        0.000     0.000 r  
                                                      0.000     0.000 r  clk (IN)
                         net (fo=1061, unset)         1.801     1.801    clk
    SLICE_X27Y187        FDRE                                         r  exponential_sum_reg[6]/C
  -------------------------------------------------------------------    -------------------
    SLICE_X27Y187        FDRE (Prop_CFF2_SLICEL_C_Q)
                                                      0.071     1.872 r  exponential_sum_reg[6]/Q
                         net (fo=5, routed)           0.084     1.956    debug_exp_sum[6]
    SLICE_X27Y188        FDRE                                         r  reciprocal_operand_reg[6]/D
  -------------------------------------------------------------------    -------------------

                         (clock clk rise edge)        0.000     0.000 r  
                                                      0.000     0.000 r  clk (IN)
                         net (fo=1061, unset)         2.071     2.071    clk
    SLICE_X27Y188        FDRE                                         r  reciprocal_operand_reg[6]/C
                         clock pessimism             -0.203     1.868    
    SLICE_X27Y188        FDRE (Hold_HFF2_SLICEL_C_D)
                                                      0.055     1.923    reciprocal_operand_reg[6]
  -------------------------------------------------------------------
                         required time                         -1.923    
                         arrival time                           1.956    
  -------------------------------------------------------------------
                         slack                                  0.033    





Pulse Width Checks
--------------------------------------------------------------------------------------
Clock Name:         clk
Waveform(ns):       { 0.000 10.000 }
Period(ns):         20.000
Sources:            { clk }

Check Type        Corner  Lib Pin             Reference Pin  Required(ns)  Actual(ns)  Slack(ns)  Location      Pin
Min Period        n/a     RAMB36E2/CLKARDCLK  n/a            1.739         20.000      18.261     RAMB36_X0Y38  row_exp_buffer_reg_bram_0/CLKARDCLK
Low Pulse Width   Slow    RAMB36E2/CLKARDCLK  n/a            0.543         10.000      9.457      RAMB36_X0Y38  row_exp_buffer_reg_bram_0/CLKARDCLK
High Pulse Width  Slow    RAMB36E2/CLKARDCLK  n/a            0.543         10.000      9.457      RAMB36_X0Y38  row_exp_buffer_reg_bram_0/CLKARDCLK



--------------------------------------------------------------------------------------
Path Group:  (none)
From Clock:  clk
  To Clock:  clk

Max Delay             0 Endpoints
Min Delay          2323 Endpoints
--------------------------------------------------------------------------------------


Min Delay Paths
--------------------------------------------------------------------------------------
Slack:                    inf
  Source:                 cfg_row_count[11]
                            (input port clocked by clk  {rise@0.000ns fall@10.000ns period=20.000ns})
  Destination:            active_row_count_reg[11]/D
                            (rising edge-triggered cell FDRE clocked by clk  {rise@0.000ns fall@10.000ns period=20.000ns})
  Path Group:             (none)
  Path Type:              Hold (Min at Fast Process Corner)
  Data Path Delay:        0.007ns  (logic 0.000ns (0.000%)  route 0.007ns (100.001%))
  Logic Levels:           0  
  Input Delay:            1.000ns
  Clock Path Skew:        1.163ns (DCD - SCD - CPR)
    Destination Clock Delay (DCD):    1.163ns
    Source Clock Delay      (SCD):    0.000ns
    Clock Pessimism Removal (CPR):    -0.000ns
  Clock Uncertainty:      0.035ns  ((TSJ^2 + TIJ^2)^1/2 + DJ) / 2 + PE
    Total System Jitter     (TSJ):    0.071ns
    Total Input Jitter      (TIJ):    0.000ns
    Discrete Jitter          (DJ):    0.000ns
    Phase Error              (PE):    0.000ns
  Timing Exception:       False Path

    Location             Delay type                Incr(ns)  Path(ns)    Netlist Resource(s)
  -------------------------------------------------------------------    -------------------
                         (clock clk rise edge)        0.000     0.000 r  
                         input delay                  1.000     1.000    
                                                      0.000     1.000 r  cfg_row_count[11] (IN)
                         net (fo=1, unset)            0.007     1.007    cfg_row_count[11]
    SLICE_X38Y183        FDRE                                         r  active_row_count_reg[11]/D
  -------------------------------------------------------------------    -------------------

                         (clock clk rise edge)        0.000     0.000 r  
                                                      0.000     0.000 r  clk (IN)
                         net (fo=1061, unset)         1.163     1.163    clk
    SLICE_X38Y183        FDRE                                         r  active_row_count_reg[11]/C





